exports[`ProfileScreen ProfileMenuScreen render 1`] = `
<View
  style={
    Object {
      "flex": 1,
    }
  }>
  <Image
    customSource={undefined}
    source={1}
    style={
      Array [
        Object {
          "resizeMode": "cover",
        },
        Object {
          "alignItems": "center",
          "height": undefined,
          "justifyContent": "center",
          "width": undefined,
        },
      ]
    }
    user={
      Object {
        "facebookLinked": false,
        "id": 1,
        "name": "test",
        "sex": "M",
      }
    }>
    <View
      style={
        Object {
          "alignItems": "center",
          "height": undefined,
          "justifyContent": "center",
          "paddingVertical": 10,
          "width": undefined,
        }
      }>
      <Image
        source={
          Object {
            "uri": "http://graph.facebook.com/1/picture?width=200&height=200",
          }
        }
        style={
          Object {
            "borderRadius": 50,
            "height": 100,
            "width": 100,
          }
        } />
      <View
        style={
          Object {
            "alignItems": "center",
            "flexDirection": "row",
            "justifyContent": "center",
            "padding": 10,
            "width": 200,
          }
        }>
        <Text
          accessible={true}
          allowFontScaling={true}
          ellipsizeMode="tail"
          numberOfLines={1}
          style={
            Object {
              "color": "white",
              "fontSize": 20,
              "fontWeight": "bold",
            }
          }>
          TEST
        </Text>
        <View
          accessibilityComponentType={undefined}
          accessibilityLabel={undefined}
          accessibilityTraits={undefined}
          accessible={true}
          hitSlop={undefined}
          onLayout={undefined}
          onResponderGrant={[Function]}
          onResponderMove={[Function]}
          onResponderRelease={[Function]}
          onResponderTerminate={[Function]}
          onResponderTerminationRequest={[Function]}
          onStartShouldSetResponder={[Function]}
          style={
            Object {
              "opacity": 1,
            }
          }
          testID={undefined}>
          <Image
            source={1}
            style={
              Object {
                "backgroundColor": "transparent",
                "height": 20,
                "marginLeft": 10,
                "width": 20,
              }
            } />
        </View>
      </View>
      <View
        style={
          Object {
            "alignItems": "center",
            "flexDirection": "row",
            "justifyContent": "center",
          }
        }>
        <View
          accessibilityComponentType={undefined}
          accessibilityLabel={undefined}
          accessibilityTraits={undefined}
          accessible={true}
          hitSlop={undefined}
          onLayout={undefined}
          onResponderGrant={[Function]}
          onResponderMove={[Function]}
          onResponderRelease={[Function]}
          onResponderTerminate={[Function]}
          onResponderTerminationRequest={[Function]}
          onStartShouldSetResponder={[Function]}
          style={
            Object {
              "alignItems": "center",
              "borderColor": "rgba(255, 255, 255, 0.3)",
              "borderRightWidth": 1,
              "opacity": 1,
              "paddingLeft": 20,
              "paddingRight": 20,
            }
          }
          testID={undefined}>
          <View
            style={
              Object {
                "alignItems": "center",
                "backgroundColor": "rgba(0, 0, 0, 0.2)",
                "borderRadius": 5,
                "minWidth": 60,
                "paddingBottom": 3,
                "paddingLeft": 10,
                "paddingRight": 10,
                "paddingTop": 3,
              }
            }>
            <Text
              accessible={true}
              allowFontScaling={true}
              ellipsizeMode="tail"
              style={
                Object {
                  "color": "white",
                  "fontWeight": "bold",
                }
              }>
              6
            </Text>
          </View>
          <Text
            accessible={true}
            allowFontScaling={true}
            ellipsizeMode="tail"
            style={
              Object {
                "color": "white",
                "fontWeight": "bold",
              }
            }>
            ผู้ติดตาม
          </Text>
        </View>
        <View
          accessibilityComponentType={undefined}
          accessibilityLabel={undefined}
          accessibilityTraits={undefined}
          accessible={true}
          hitSlop={undefined}
          onLayout={undefined}
          onResponderGrant={[Function]}
          onResponderMove={[Function]}
          onResponderRelease={[Function]}
          onResponderTerminate={[Function]}
          onResponderTerminationRequest={[Function]}
          onStartShouldSetResponder={[Function]}
          style={
            Object {
              "alignItems": "center",
              "borderColor": "rgba(255, 255, 255, 0.3)",
              "borderRightWidth": 1,
              "opacity": 1,
              "paddingLeft": 20,
              "paddingRight": 20,
            }
          }
          testID={undefined}>
          <View
            style={
              Object {
                "alignItems": "center",
                "backgroundColor": "rgba(0, 0, 0, 0.2)",
                "borderRadius": 5,
                "minWidth": 60,
                "paddingBottom": 3,
                "paddingLeft": 10,
                "paddingRight": 10,
                "paddingTop": 3,
              }
            }>
            <Text
              accessible={true}
              allowFontScaling={true}
              ellipsizeMode="tail"
              style={
                Object {
                  "color": "white",
                  "fontWeight": "bold",
                }
              }>
              6
            </Text>
          </View>
          <Text
            accessible={true}
            allowFontScaling={true}
            ellipsizeMode="tail"
            style={
              Object {
                "color": "white",
                "fontWeight": "bold",
              }
            }>
            กำลังติดตาม
          </Text>
        </View>
        <View
          accessibilityComponentType={undefined}
          accessibilityLabel={undefined}
          accessibilityTraits={undefined}
          accessible={true}
          hitSlop={undefined}
          onLayout={undefined}
          onResponderGrant={[Function]}
          onResponderMove={[Function]}
          onResponderRelease={[Function]}
          onResponderTerminate={[Function]}
          onResponderTerminationRequest={[Function]}
          onStartShouldSetResponder={[Function]}
          style={
            Object {
              "alignItems": "center",
              "borderColor": "rgba(255, 255, 255, 0.3)",
              "borderRightWidth": 0,
              "opacity": 1,
              "paddingLeft": 20,
              "paddingRight": 20,
            }
          }
          testID={undefined}>
          <View
            style={
              Object {
                "alignItems": "center",
                "backgroundColor": "rgba(0, 0, 0, 0.2)",
                "borderRadius": 5,
                "minWidth": 60,
                "paddingBottom": 3,
                "paddingLeft": 10,
                "paddingRight": 10,
                "paddingTop": 3,
              }
            }>
            <Text
              accessible={true}
              allowFontScaling={true}
              ellipsizeMode="tail"
              style={
                Object {
                  "color": "white",
                  "fontWeight": "bold",
                }
              }>
              1,890
            </Text>
          </View>
          <Text
            accessible={true}
            allowFontScaling={true}
            ellipsizeMode="tail"
            style={
              Object {
                "color": "white",
                "fontWeight": "bold",
              }
            }>
            Candys
          </Text>
        </View>
      </View>
    </View>
  </Image>
  <View
    style={
      Object {
        "backgroundColor": "white",
        "flex": 1,
      }
    }>
    <ScrollView
      onScroll={[Function]}>
      <ScrollView
        contentInset={
          Object {
            "bottom": 0,
            "top": 0,
          }
        }
        data={
          Array [
            Object {
              "icon": 1,
              "name": "bookmark",
              "title": "Bookmark",
            },
            Object {
              "icon": 1,
              "name": "myclog",
              "title": "Clog ของฉัน",
            },
            Object {
              "icon": 1,
              "name": "myfan",
              "title": "แฟนคลับของฉัน",
            },
            Object {
              "icon": 1,
              "name": "jellyShop",
              "title": "Jelly Shop",
            },
            Object {
              "icon": 1,
              "name": "activity",
              "title": "กิจกรรม",
            },
            Object {
              "icon": 1,
              "name": "logout",
              "title": "Logout",
            },
          ]
        }
        dataSource={
          ListViewDataSource {
            "items": 6,
          }
        }
        initialListSize={10}
        minContentHeight={0}
        onContentSizeChange={[Function]}
        onEndReachedThreshold={1000}
        onKeyboardDidHide={undefined}
        onKeyboardDidShow={undefined}
        onKeyboardWillHide={undefined}
        onKeyboardWillShow={undefined}
        onLayout={[Function]}
        onScroll={[Function]}
        pageSize={1}
        removeClippedSubviews={true}
        renderFooter={[Function]}
        renderRow={[Function]}
        renderSeparator={[Function]}
        scrollEventThrottle={50}
        scrollRenderAheadDistance={1000}
        stickyHeaderIndices={Array []}
        title="Profile">
        <View
          accessibilityComponentType={undefined}
          accessibilityLabel={undefined}
          accessibilityTraits={undefined}
          accessible={true}
          hitSlop={undefined}
          onLayout={undefined}
          onResponderGrant={[Function]}
          onResponderMove={[Function]}
          onResponderRelease={[Function]}
          onResponderTerminate={[Function]}
          onResponderTerminationRequest={[Function]}
          onStartShouldSetResponder={[Function]}
          style={
            Object {
              "opacity": 1,
            }
          }
          testID={undefined}>
          <View
            style={
              Object {
                "flex": 1,
                "flexDirection": "row",
                "padding": 15,
              }
            }>
            <Image
              source={1}
              style={
                Object {
                  "height": 20,
                  "resizeMode": "contain",
                  "width": 20,
                }
              } />
            <Text
              accessible={true}
              allowFontScaling={true}
              ellipsizeMode="tail"
              style={
                Object {
                  "paddingLeft": 20,
                }
              }>
              Bookmark
            </Text>
          </View>
        </View>
        <View
          style={
            Object {
              "backgroundColor": "#eeeeee",
              "height": 1,
            }
          } />
        <View
          accessibilityComponentType={undefined}
          accessibilityLabel={undefined}
          accessibilityTraits={undefined}
          accessible={true}
          hitSlop={undefined}
          onLayout={undefined}
          onResponderGrant={[Function]}
          onResponderMove={[Function]}
          onResponderRelease={[Function]}
          onResponderTerminate={[Function]}
          onResponderTerminationRequest={[Function]}
          onStartShouldSetResponder={[Function]}
          style={
            Object {
              "opacity": 1,
            }
          }
          testID={undefined}>
          <View
            style={
              Object {
                "flex": 1,
                "flexDirection": "row",
                "padding": 15,
              }
            }>
            <Image
              source={1}
              style={
                Object {
                  "height": 20,
                  "resizeMode": "contain",
                  "width": 20,
                }
              } />
            <Text
              accessible={true}
              allowFontScaling={true}
              ellipsizeMode="tail"
              style={
                Object {
                  "paddingLeft": 20,
                }
              }>
              Clog ของฉัน
            </Text>
          </View>
        </View>
        <View
          style={
            Object {
              "backgroundColor": "#eeeeee",
              "height": 1,
            }
          } />
        <View
          accessibilityComponentType={undefined}
          accessibilityLabel={undefined}
          accessibilityTraits={undefined}
          accessible={true}
          hitSlop={undefined}
          onLayout={undefined}
          onResponderGrant={[Function]}
          onResponderMove={[Function]}
          onResponderRelease={[Function]}
          onResponderTerminate={[Function]}
          onResponderTerminationRequest={[Function]}
          onStartShouldSetResponder={[Function]}
          style={
            Object {
              "opacity": 1,
            }
          }
          testID={undefined}>
          <View
            style={
              Object {
                "flex": 1,
                "flexDirection": "row",
                "padding": 15,
              }
            }>
            <Image
              source={1}
              style={
                Object {
                  "height": 20,
                  "resizeMode": "contain",
                  "width": 20,
                }
              } />
            <Text
              accessible={true}
              allowFontScaling={true}
              ellipsizeMode="tail"
              style={
                Object {
                  "paddingLeft": 20,
                }
              }>
              แฟนคลับของฉัน
            </Text>
          </View>
        </View>
        <View
          style={
            Object {
              "backgroundColor": "#eeeeee",
              "height": 1,
            }
          } />
        <View
          accessibilityComponentType={undefined}
          accessibilityLabel={undefined}
          accessibilityTraits={undefined}
          accessible={true}
          hitSlop={undefined}
          onLayout={undefined}
          onResponderGrant={[Function]}
          onResponderMove={[Function]}
          onResponderRelease={[Function]}
          onResponderTerminate={[Function]}
          onResponderTerminationRequest={[Function]}
          onStartShouldSetResponder={[Function]}
          style={
            Object {
              "opacity": 1,
            }
          }
          testID={undefined}>
          <View
            style={
              Object {
                "flex": 1,
                "flexDirection": "row",
                "padding": 15,
              }
            }>
            <Image
              source={1}
              style={
                Object {
                  "height": 20,
                  "resizeMode": "contain",
                  "width": 20,
                }
              } />
            <Text
              accessible={true}
              allowFontScaling={true}
              ellipsizeMode="tail"
              style={
                Object {
                  "paddingLeft": 20,
                }
              }>
              Jelly Shop
            </Text>
          </View>
        </View>
        <View
          style={
            Object {
              "backgroundColor": "#eeeeee",
              "height": 1,
            }
          } />
        <View
          accessibilityComponentType={undefined}
          accessibilityLabel={undefined}
          accessibilityTraits={undefined}
          accessible={true}
          hitSlop={undefined}
          onLayout={undefined}
          onResponderGrant={[Function]}
          onResponderMove={[Function]}
          onResponderRelease={[Function]}
          onResponderTerminate={[Function]}
          onResponderTerminationRequest={[Function]}
          onStartShouldSetResponder={[Function]}
          style={
            Object {
              "opacity": 1,
            }
          }
          testID={undefined}>
          <View
            style={
              Object {
                "flex": 1,
                "flexDirection": "row",
                "padding": 15,
              }
            }>
            <Image
              source={1}
              style={
                Object {
                  "height": 20,
                  "resizeMode": "contain",
                  "width": 20,
                }
              } />
            <Text
              accessible={true}
              allowFontScaling={true}
              ellipsizeMode="tail"
              style={
                Object {
                  "paddingLeft": 20,
                }
              }>
              กิจกรรม
            </Text>
          </View>
        </View>
        <View
          style={
            Object {
              "backgroundColor": "#eeeeee",
              "height": 1,
            }
          } />
        <View
          accessibilityComponentType={undefined}
          accessibilityLabel={undefined}
          accessibilityTraits={undefined}
          accessible={true}
          hitSlop={undefined}
          onLayout={undefined}
          onResponderGrant={[Function]}
          onResponderMove={[Function]}
          onResponderRelease={[Function]}
          onResponderTerminate={[Function]}
          onResponderTerminationRequest={[Function]}
          onStartShouldSetResponder={[Function]}
          style={
            Object {
              "opacity": 1,
            }
          }
          testID={undefined}>
          <View
            style={
              Object {
                "flex": 1,
                "flexDirection": "row",
                "padding": 15,
              }
            }>
            <Image
              source={1}
              style={
                Object {
                  "height": 20,
                  "resizeMode": "contain",
                  "width": 20,
                }
              } />
            <Text
              accessible={true}
              allowFontScaling={true}
              ellipsizeMode="tail"
              style={
                Object {
                  "paddingLeft": 20,
                }
              }>
              Logout
            </Text>
          </View>
        </View>
        <View
          style={
            Object {
              "backgroundColor": "#eeeeee",
              "height": 1,
            }
          } />
      </ScrollView>
    </ScrollView>
  </View>
  <View
    style={
      Object {
        "alignItems": "center",
        "flex": 1,
        "flexDirection": "row",
        "justifyContent": "center",
        "left": 0,
        "position": "absolute",
        "top": 20,
      }
    }>
    <Image
      source={1}
      style={
        Object {
          "height": 15,
          "marginLeft": 5,
          "marginRight": 5,
          "width": 15,
        }
      } />
    <View
      style={
        Object {
          "backgroundColor": "rgba(255, 255, 255, 0.1)",
          "borderColor": "white",
          "borderRadius": 5,
          "borderWidth": 1,
          "paddingBottom": 2,
          "paddingLeft": 5,
          "paddingRight": 5,
          "paddingTop": 2,
        }
      }>
      <Text
        accessible={true}
        allowFontScaling={true}
        ellipsizeMode="tail"
        style={
          Object {
            "color": "white",
            "fontSize": 13,
          }
        }>
        1,890
      </Text>
    </View>
  </View>
</View>
`;

exports[`ProfileScreen ProfileMenuScreen renderMenu 1`] = `
<View
  accessibilityComponentType={undefined}
  accessibilityLabel={undefined}
  accessibilityTraits={undefined}
  accessible={true}
  hitSlop={undefined}
  onLayout={undefined}
  onResponderGrant={[Function]}
  onResponderMove={[Function]}
  onResponderRelease={[Function]}
  onResponderTerminate={[Function]}
  onResponderTerminationRequest={[Function]}
  onStartShouldSetResponder={[Function]}
  style={
    Object {
      "opacity": 1,
    }
  }
  testID={undefined}>
  <View
    style={
      Object {
        "flex": 1,
        "flexDirection": "row",
        "padding": 15,
      }
    }>
    <Image
      source={undefined}
      style={
        Object {
          "height": 20,
          "resizeMode": "contain",
          "width": 20,
        }
      } />
    <Text
      accessible={true}
      allowFontScaling={true}
      ellipsizeMode="tail"
      style={
        Object {
          "paddingLeft": 20,
        }
      } />
  </View>
</View>
`;

exports[`ProfileScreen render 1`] = `
<View
  style={
    Array [
      Object {
        "flex": 1,
        "overflow": "hidden",
      },
      undefined,
    ]
  }>
  <View
    onMoveShouldSetResponder={[Function]}
    onMoveShouldSetResponderCapture={[Function]}
    onResponderEnd={[Function]}
    onResponderGrant={[Function]}
    onResponderMove={[Function]}
    onResponderReject={[Function]}
    onResponderRelease={[Function]}
    onResponderStart={[Function]}
    onResponderTerminate={[Function]}
    onResponderTerminationRequest={[Function]}
    onStartShouldSetResponder={[Function]}
    onStartShouldSetResponderCapture={[Function]}
    onTouchStart={[Function]}
    style={
      Object {
        "backgroundColor": "transparent",
        "flex": 1,
        "overflow": "hidden",
      }
    }>
    <View
      onStartShouldSetResponderCapture={[Function]}
      pointerEvents="auto"
      style={
        Array [
          Object {
            "bottom": 0,
            "left": 0,
            "overflow": "hidden",
            "position": "absolute",
            "right": 0,
            "top": 0,
          },
          Object {
            "bottom": 0,
            "left": 0,
            "position": "absolute",
            "right": 0,
            "top": 0,
            "transform": Array [
              Object {
                "translateX": 0,
              },
              Object {
                "translateY": 0,
              },
              Object {
                "scaleX": 1,
              },
              Object {
                "scaleY": 1,
              },
              Object {
                "rotate": "0deg",
              },
              Object {
                "skewX": "0deg",
              },
              Object {
                "skewY": "0deg",
              },
            ],
          },
          null,
        ]
      }>
      <View
        style={
          Object {
            "flex": 1,
          }
        }>
        <Image
          customSource={undefined}
          source={1}
          style={
            Array [
              Object {
                "resizeMode": "cover",
              },
              Object {
                "alignItems": "center",
                "height": undefined,
                "justifyContent": "center",
                "width": undefined,
              },
            ]
          }
          user={
            Object {
              "facebookLinked": false,
              "id": 1,
              "name": "test",
              "sex": "M",
            }
          }>
          <View
            style={
              Object {
                "alignItems": "center",
                "height": undefined,
                "justifyContent": "center",
                "paddingVertical": 10,
                "width": undefined,
              }
            }>
            <Image
              source={
                Object {
                  "uri": "http://graph.facebook.com/1/picture?width=200&height=200",
                }
              }
              style={
                Object {
                  "borderRadius": 50,
                  "height": 100,
                  "width": 100,
                }
              } />
            <View
              style={
                Object {
                  "alignItems": "center",
                  "flexDirection": "row",
                  "justifyContent": "center",
                  "padding": 10,
                  "width": 200,
                }
              }>
              <Text
                accessible={true}
                allowFontScaling={true}
                ellipsizeMode="tail"
                numberOfLines={1}
                style={
                  Object {
                    "color": "white",
                    "fontSize": 20,
                    "fontWeight": "bold",
                  }
                }>
                TEST
              </Text>
              <View
                accessibilityComponentType={undefined}
                accessibilityLabel={undefined}
                accessibilityTraits={undefined}
                accessible={true}
                hitSlop={undefined}
                onLayout={undefined}
                onResponderGrant={[Function]}
                onResponderMove={[Function]}
                onResponderRelease={[Function]}
                onResponderTerminate={[Function]}
                onResponderTerminationRequest={[Function]}
                onStartShouldSetResponder={[Function]}
                style={
                  Object {
                    "opacity": 1,
                  }
                }
                testID={undefined}>
                <Image
                  source={1}
                  style={
                    Object {
                      "backgroundColor": "transparent",
                      "height": 20,
                      "marginLeft": 10,
                      "width": 20,
                    }
                  } />
              </View>
            </View>
            <View
              style={
                Object {
                  "alignItems": "center",
                  "flexDirection": "row",
                  "justifyContent": "center",
                }
              }>
              <View
                accessibilityComponentType={undefined}
                accessibilityLabel={undefined}
                accessibilityTraits={undefined}
                accessible={true}
                hitSlop={undefined}
                onLayout={undefined}
                onResponderGrant={[Function]}
                onResponderMove={[Function]}
                onResponderRelease={[Function]}
                onResponderTerminate={[Function]}
                onResponderTerminationRequest={[Function]}
                onStartShouldSetResponder={[Function]}
                style={
                  Object {
                    "alignItems": "center",
                    "borderColor": "rgba(255, 255, 255, 0.3)",
                    "borderRightWidth": 1,
                    "opacity": 1,
                    "paddingLeft": 20,
                    "paddingRight": 20,
                  }
                }
                testID={undefined}>
                <View
                  style={
                    Object {
                      "alignItems": "center",
                      "backgroundColor": "rgba(0, 0, 0, 0.2)",
                      "borderRadius": 5,
                      "minWidth": 60,
                      "paddingBottom": 3,
                      "paddingLeft": 10,
                      "paddingRight": 10,
                      "paddingTop": 3,
                    }
                  }>
                  <Text
                    accessible={true}
                    allowFontScaling={true}
                    ellipsizeMode="tail"
                    style={
                      Object {
                        "color": "white",
                        "fontWeight": "bold",
                      }
                    }>
                    6
                  </Text>
                </View>
                <Text
                  accessible={true}
                  allowFontScaling={true}
                  ellipsizeMode="tail"
                  style={
                    Object {
                      "color": "white",
                      "fontWeight": "bold",
                    }
                  }>
                  ผู้ติดตาม
                </Text>
              </View>
              <View
                accessibilityComponentType={undefined}
                accessibilityLabel={undefined}
                accessibilityTraits={undefined}
                accessible={true}
                hitSlop={undefined}
                onLayout={undefined}
                onResponderGrant={[Function]}
                onResponderMove={[Function]}
                onResponderRelease={[Function]}
                onResponderTerminate={[Function]}
                onResponderTerminationRequest={[Function]}
                onStartShouldSetResponder={[Function]}
                style={
                  Object {
                    "alignItems": "center",
                    "borderColor": "rgba(255, 255, 255, 0.3)",
                    "borderRightWidth": 1,
                    "opacity": 1,
                    "paddingLeft": 20,
                    "paddingRight": 20,
                  }
                }
                testID={undefined}>
                <View
                  style={
                    Object {
                      "alignItems": "center",
                      "backgroundColor": "rgba(0, 0, 0, 0.2)",
                      "borderRadius": 5,
                      "minWidth": 60,
                      "paddingBottom": 3,
                      "paddingLeft": 10,
                      "paddingRight": 10,
                      "paddingTop": 3,
                    }
                  }>
                  <Text
                    accessible={true}
                    allowFontScaling={true}
                    ellipsizeMode="tail"
                    style={
                      Object {
                        "color": "white",
                        "fontWeight": "bold",
                      }
                    }>
                    6
                  </Text>
                </View>
                <Text
                  accessible={true}
                  allowFontScaling={true}
                  ellipsizeMode="tail"
                  style={
                    Object {
                      "color": "white",
                      "fontWeight": "bold",
                    }
                  }>
                  กำลังติดตาม
                </Text>
              </View>
              <View
                accessibilityComponentType={undefined}
                accessibilityLabel={undefined}
                accessibilityTraits={undefined}
                accessible={true}
                hitSlop={undefined}
                onLayout={undefined}
                onResponderGrant={[Function]}
                onResponderMove={[Function]}
                onResponderRelease={[Function]}
                onResponderTerminate={[Function]}
                onResponderTerminationRequest={[Function]}
                onStartShouldSetResponder={[Function]}
                style={
                  Object {
                    "alignItems": "center",
                    "borderColor": "rgba(255, 255, 255, 0.3)",
                    "borderRightWidth": 0,
                    "opacity": 1,
                    "paddingLeft": 20,
                    "paddingRight": 20,
                  }
                }
                testID={undefined}>
                <View
                  style={
                    Object {
                      "alignItems": "center",
                      "backgroundColor": "rgba(0, 0, 0, 0.2)",
                      "borderRadius": 5,
                      "minWidth": 60,
                      "paddingBottom": 3,
                      "paddingLeft": 10,
                      "paddingRight": 10,
                      "paddingTop": 3,
                    }
                  }>
                  <Text
                    accessible={true}
                    allowFontScaling={true}
                    ellipsizeMode="tail"
                    style={
                      Object {
                        "color": "white",
                        "fontWeight": "bold",
                      }
                    }>
                    1,890
                  </Text>
                </View>
                <Text
                  accessible={true}
                  allowFontScaling={true}
                  ellipsizeMode="tail"
                  style={
                    Object {
                      "color": "white",
                      "fontWeight": "bold",
                    }
                  }>
                  Candys
                </Text>
              </View>
            </View>
          </View>
        </Image>
        <View
          style={
            Object {
              "backgroundColor": "white",
              "flex": 1,
            }
          }>
          <ScrollView
            onScroll={[Function]}>
            <ScrollView
              contentInset={
                Object {
                  "bottom": 0,
                  "top": 0,
                }
              }
              data={
                Array [
                  Object {
                    "icon": 1,
                    "name": "bookmark",
                    "title": "Bookmark",
                  },
                  Object {
                    "icon": 1,
                    "name": "myclog",
                    "title": "Clog ของฉัน",
                  },
                  Object {
                    "icon": 1,
                    "name": "myfan",
                    "title": "แฟนคลับของฉัน",
                  },
                  Object {
                    "icon": 1,
                    "name": "jellyShop",
                    "title": "Jelly Shop",
                  },
                  Object {
                    "icon": 1,
                    "name": "activity",
                    "title": "กิจกรรม",
                  },
                  Object {
                    "icon": 1,
                    "name": "logout",
                    "title": "Logout",
                  },
                ]
              }
              dataSource={
                ListViewDataSource {
                  "items": 6,
                }
              }
              initialListSize={10}
              minContentHeight={0}
              onContentSizeChange={[Function]}
              onEndReachedThreshold={1000}
              onKeyboardDidHide={undefined}
              onKeyboardDidShow={undefined}
              onKeyboardWillHide={undefined}
              onKeyboardWillShow={undefined}
              onLayout={[Function]}
              onScroll={[Function]}
              pageSize={1}
              removeClippedSubviews={true}
              renderFooter={[Function]}
              renderRow={[Function]}
              renderSeparator={[Function]}
              scrollEventThrottle={50}
              scrollRenderAheadDistance={1000}
              stickyHeaderIndices={Array []}
              title="Profile">
              <View
                accessibilityComponentType={undefined}
                accessibilityLabel={undefined}
                accessibilityTraits={undefined}
                accessible={true}
                hitSlop={undefined}
                onLayout={undefined}
                onResponderGrant={[Function]}
                onResponderMove={[Function]}
                onResponderRelease={[Function]}
                onResponderTerminate={[Function]}
                onResponderTerminationRequest={[Function]}
                onStartShouldSetResponder={[Function]}
                style={
                  Object {
                    "opacity": 1,
                  }
                }
                testID={undefined}>
                <View
                  style={
                    Object {
                      "flex": 1,
                      "flexDirection": "row",
                      "padding": 15,
                    }
                  }>
                  <Image
                    source={1}
                    style={
                      Object {
                        "height": 20,
                        "resizeMode": "contain",
                        "width": 20,
                      }
                    } />
                  <Text
                    accessible={true}
                    allowFontScaling={true}
                    ellipsizeMode="tail"
                    style={
                      Object {
                        "paddingLeft": 20,
                      }
                    }>
                    Bookmark
                  </Text>
                </View>
              </View>
              <View
                style={
                  Object {
                    "backgroundColor": "#eeeeee",
                    "height": 1,
                  }
                } />
              <View
                accessibilityComponentType={undefined}
                accessibilityLabel={undefined}
                accessibilityTraits={undefined}
                accessible={true}
                hitSlop={undefined}
                onLayout={undefined}
                onResponderGrant={[Function]}
                onResponderMove={[Function]}
                onResponderRelease={[Function]}
                onResponderTerminate={[Function]}
                onResponderTerminationRequest={[Function]}
                onStartShouldSetResponder={[Function]}
                style={
                  Object {
                    "opacity": 1,
                  }
                }
                testID={undefined}>
                <View
                  style={
                    Object {
                      "flex": 1,
                      "flexDirection": "row",
                      "padding": 15,
                    }
                  }>
                  <Image
                    source={1}
                    style={
                      Object {
                        "height": 20,
                        "resizeMode": "contain",
                        "width": 20,
                      }
                    } />
                  <Text
                    accessible={true}
                    allowFontScaling={true}
                    ellipsizeMode="tail"
                    style={
                      Object {
                        "paddingLeft": 20,
                      }
                    }>
                    Clog ของฉัน
                  </Text>
                </View>
              </View>
              <View
                style={
                  Object {
                    "backgroundColor": "#eeeeee",
                    "height": 1,
                  }
                } />
              <View
                accessibilityComponentType={undefined}
                accessibilityLabel={undefined}
                accessibilityTraits={undefined}
                accessible={true}
                hitSlop={undefined}
                onLayout={undefined}
                onResponderGrant={[Function]}
                onResponderMove={[Function]}
                onResponderRelease={[Function]}
                onResponderTerminate={[Function]}
                onResponderTerminationRequest={[Function]}
                onStartShouldSetResponder={[Function]}
                style={
                  Object {
                    "opacity": 1,
                  }
                }
                testID={undefined}>
                <View
                  style={
                    Object {
                      "flex": 1,
                      "flexDirection": "row",
                      "padding": 15,
                    }
                  }>
                  <Image
                    source={1}
                    style={
                      Object {
                        "height": 20,
                        "resizeMode": "contain",
                        "width": 20,
                      }
                    } />
                  <Text
                    accessible={true}
                    allowFontScaling={true}
                    ellipsizeMode="tail"
                    style={
                      Object {
                        "paddingLeft": 20,
                      }
                    }>
                    แฟนคลับของฉัน
                  </Text>
                </View>
              </View>
              <View
                style={
                  Object {
                    "backgroundColor": "#eeeeee",
                    "height": 1,
                  }
                } />
              <View
                accessibilityComponentType={undefined}
                accessibilityLabel={undefined}
                accessibilityTraits={undefined}
                accessible={true}
                hitSlop={undefined}
                onLayout={undefined}
                onResponderGrant={[Function]}
                onResponderMove={[Function]}
                onResponderRelease={[Function]}
                onResponderTerminate={[Function]}
                onResponderTerminationRequest={[Function]}
                onStartShouldSetResponder={[Function]}
                style={
                  Object {
                    "opacity": 1,
                  }
                }
                testID={undefined}>
                <View
                  style={
                    Object {
                      "flex": 1,
                      "flexDirection": "row",
                      "padding": 15,
                    }
                  }>
                  <Image
                    source={1}
                    style={
                      Object {
                        "height": 20,
                        "resizeMode": "contain",
                        "width": 20,
                      }
                    } />
                  <Text
                    accessible={true}
                    allowFontScaling={true}
                    ellipsizeMode="tail"
                    style={
                      Object {
                        "paddingLeft": 20,
                      }
                    }>
                    Jelly Shop
                  </Text>
                </View>
              </View>
              <View
                style={
                  Object {
                    "backgroundColor": "#eeeeee",
                    "height": 1,
                  }
                } />
              <View
                accessibilityComponentType={undefined}
                accessibilityLabel={undefined}
                accessibilityTraits={undefined}
                accessible={true}
                hitSlop={undefined}
                onLayout={undefined}
                onResponderGrant={[Function]}
                onResponderMove={[Function]}
                onResponderRelease={[Function]}
                onResponderTerminate={[Function]}
                onResponderTerminationRequest={[Function]}
                onStartShouldSetResponder={[Function]}
                style={
                  Object {
                    "opacity": 1,
                  }
                }
                testID={undefined}>
                <View
                  style={
                    Object {
                      "flex": 1,
                      "flexDirection": "row",
                      "padding": 15,
                    }
                  }>
                  <Image
                    source={1}
                    style={
                      Object {
                        "height": 20,
                        "resizeMode": "contain",
                        "width": 20,
                      }
                    } />
                  <Text
                    accessible={true}
                    allowFontScaling={true}
                    ellipsizeMode="tail"
                    style={
                      Object {
                        "paddingLeft": 20,
                      }
                    }>
                    กิจกรรม
                  </Text>
                </View>
              </View>
              <View
                style={
                  Object {
                    "backgroundColor": "#eeeeee",
                    "height": 1,
                  }
                } />
              <View
                accessibilityComponentType={undefined}
                accessibilityLabel={undefined}
                accessibilityTraits={undefined}
                accessible={true}
                hitSlop={undefined}
                onLayout={undefined}
                onResponderGrant={[Function]}
                onResponderMove={[Function]}
                onResponderRelease={[Function]}
                onResponderTerminate={[Function]}
                onResponderTerminationRequest={[Function]}
                onStartShouldSetResponder={[Function]}
                style={
                  Object {
                    "opacity": 1,
                  }
                }
                testID={undefined}>
                <View
                  style={
                    Object {
                      "flex": 1,
                      "flexDirection": "row",
                      "padding": 15,
                    }
                  }>
                  <Image
                    source={1}
                    style={
                      Object {
                        "height": 20,
                        "resizeMode": "contain",
                        "width": 20,
                      }
                    } />
                  <Text
                    accessible={true}
                    allowFontScaling={true}
                    ellipsizeMode="tail"
                    style={
                      Object {
                        "paddingLeft": 20,
                      }
                    }>
                    Logout
                  </Text>
                </View>
              </View>
              <View
                style={
                  Object {
                    "backgroundColor": "#eeeeee",
                    "height": 1,
                  }
                } />
            </ScrollView>
          </ScrollView>
        </View>
        <View
          style={
            Object {
              "alignItems": "center",
              "flex": 1,
              "flexDirection": "row",
              "justifyContent": "center",
              "left": 0,
              "position": "absolute",
              "top": 20,
            }
          }>
          <Image
            source={1}
            style={
              Object {
                "height": 15,
                "marginLeft": 5,
                "marginRight": 5,
                "width": 15,
              }
            } />
          <View
            style={
              Object {
                "backgroundColor": "rgba(255, 255, 255, 0.1)",
                "borderColor": "white",
                "borderRadius": 5,
                "borderWidth": 1,
                "paddingBottom": 2,
                "paddingLeft": 5,
                "paddingRight": 5,
                "paddingTop": 2,
              }
            }>
            <Text
              accessible={true}
              allowFontScaling={true}
              ellipsizeMode="tail"
              style={
                Object {
                  "color": "white",
                  "fontSize": 13,
                }
              }>
              1,890
            </Text>
          </View>
        </View>
      </View>
    </View>
  </View>
</View>
`;

exports[`ProfileScreen renderScene correct component 1`] = `
<View>
  <FollowingScreen
    activity={
      Array [
        Object {
          "activity": "like",
          "date": 2016-11-03T17:00:00.000Z,
          "outline": "The Martain กำกับโดย ริดลีย์ สก๊อต เนื้อหาเล่าถึง นักบินอวกาศที่ถูกทิ้งไว้บนดาวอังคาร",
          "title": "แมค เดมอน ตะลุยอวกาศ",
          "uri": "http://3.bp.blogspot.com/-zW6wqY_1Me0/VYvJMOV4mcI/AAAAAAAAD-4/mB_AxhFoJH4/s1600/178491main_sig07-009-516.jpg",
        },
        Object {
          "activity": "like",
          "date": 2016-11-07T17:00:00.000Z,
          "outline": "The Martain กำกับโดย ริดลีย์ สก๊อต เนื้อหาเล่าถึง นักบินอวกาศที่ถูกทิ้งไว้บนดาวอังคาร",
          "title": "แมค เดมอน ตะลุยอวกาศ",
          "uri": "http://3.bp.blogspot.com/-zW6wqY_1Me0/VYvJMOV4mcI/AAAAAAAAD-4/mB_AxhFoJH4/s1600/178491main_sig07-009-516.jpg",
        },
        Object {
          "activity": "read",
          "date": 2015-11-07T17:00:00.000Z,
          "outline": "The Martain กำกับโดย ริดลีย์ สก๊อต เนื้อหาเล่าถึง นักบินอวกาศที่ถูกทิ้งไว้บนดาวอังคาร",
          "title": "แมค เดมอน ตะลุยอวกาศ",
          "uri": "http://www.fujisan.ne.jp/fit/th/images/ohishikouen430.jpg",
        },
      ]
    }
    bookmark={
      Array [
        Object {
          "bookmarkCount": 7,
          "category": "N",
          "preview": 1,
          "title": "Richy Rich! รวยมากนะ! รู้ยังคะทุกคน",
        },
        Object {
          "bookmarkCount": 3,
          "category": "M",
          "preview": 1,
          "title": "Money Honey คุณชายหน้าตายกับยัยขี้งก",
        },
      ]
    }
    candys={1890}
    follower={
      Array [
        Object {
          "following": true,
          "name": "Art Nattapat",
        },
        Object {
          "following": false,
          "name": "Art Art Art",
        },
        Object {
          "following": false,
          "name": "Art Art Art",
        },
        Object {
          "following": true,
          "name": "Art Art Art",
        },
        Object {
          "following": true,
          "name": "Art Art Art",
        },
        Object {
          "following": false,
          "name": "Art Art Art",
        },
      ]
    }
    following={
      Array [
        Object {
          "name": "Art Nattapat",
        },
        Object {
          "name": "Art Art Art",
        },
        Object {
          "name": "Art Art Art",
        },
        Object {
          "name": "Art Art Art",
        },
        Object {
          "name": "Art Art Art",
        },
        Object {
          "name": "Art Art Art",
        },
      ]
    }
    myClogs={
      Array [
        Object {
          "author": Object {
            "name": "David Beckham",
          },
          "category": "M",
          "createdAt": 2015-06-23T17:00:00.000Z,
          "likeCount": 1500,
          "preview": 1,
          "title": "Richy Rich! รวยมากนะ! รู้ยังคะทุกคน",
          "viewCount": 12300,
        },
        Object {
          "author": Object {
            "name": "สุดสาครนอย ไทรโยค",
          },
          "category": "N",
          "createdAt": 2016-11-07T17:00:00.000Z,
          "likeCount": 55,
          "preview": 1,
          "title": "Money Honey คุณชายหน้าตายกับยัยขี้งก",
          "viewCount": 100,
        },
      ]
    }
    myFan={
      Array [
        Object {
          "candys": 1250,
          "name": "Art Nattapat",
        },
        Object {
          "candys": 1250,
          "name": "Art Art Art",
        },
        Object {
          "candys": 1000,
          "name": "Art Art Art",
        },
        Object {
          "candys": 789,
          "name": "Art Art Art",
        },
        Object {
          "candys": 7013,
          "name": "Art Art Art",
        },
        Object {
          "candys": 0,
          "name": "Art Art Art",
        },
      ]
    }
    onBackPress={[Function]}
    user={
      Object {
        "facebookLinked": false,
        "id": 1,
        "name": "test",
        "sex": "M",
      }
    }
    userList={
      Array [
        Object {
          "name": "Art Nattapat",
        },
        Object {
          "name": "Art Art Art",
        },
        Object {
          "name": "Art Art Art",
        },
        Object {
          "name": "Art Art Art",
        },
        Object {
          "name": "Art Art Art",
        },
        Object {
          "name": "Art Art Art",
        },
      ]
    } />
</View>
`;

exports[`ProfileScreen renderScene correct component 2`] = `
<View>
  <FollowerScreen
    activity={
      Array [
        Object {
          "activity": "like",
          "date": 2016-11-03T17:00:00.000Z,
          "outline": "The Martain กำกับโดย ริดลีย์ สก๊อต เนื้อหาเล่าถึง นักบินอวกาศที่ถูกทิ้งไว้บนดาวอังคาร",
          "title": "แมค เดมอน ตะลุยอวกาศ",
          "uri": "http://3.bp.blogspot.com/-zW6wqY_1Me0/VYvJMOV4mcI/AAAAAAAAD-4/mB_AxhFoJH4/s1600/178491main_sig07-009-516.jpg",
        },
        Object {
          "activity": "like",
          "date": 2016-11-07T17:00:00.000Z,
          "outline": "The Martain กำกับโดย ริดลีย์ สก๊อต เนื้อหาเล่าถึง นักบินอวกาศที่ถูกทิ้งไว้บนดาวอังคาร",
          "title": "แมค เดมอน ตะลุยอวกาศ",
          "uri": "http://3.bp.blogspot.com/-zW6wqY_1Me0/VYvJMOV4mcI/AAAAAAAAD-4/mB_AxhFoJH4/s1600/178491main_sig07-009-516.jpg",
        },
        Object {
          "activity": "read",
          "date": 2015-11-07T17:00:00.000Z,
          "outline": "The Martain กำกับโดย ริดลีย์ สก๊อต เนื้อหาเล่าถึง นักบินอวกาศที่ถูกทิ้งไว้บนดาวอังคาร",
          "title": "แมค เดมอน ตะลุยอวกาศ",
          "uri": "http://www.fujisan.ne.jp/fit/th/images/ohishikouen430.jpg",
        },
      ]
    }
    bookmark={
      Array [
        Object {
          "bookmarkCount": 7,
          "category": "N",
          "preview": 1,
          "title": "Richy Rich! รวยมากนะ! รู้ยังคะทุกคน",
        },
        Object {
          "bookmarkCount": 3,
          "category": "M",
          "preview": 1,
          "title": "Money Honey คุณชายหน้าตายกับยัยขี้งก",
        },
      ]
    }
    candys={1890}
    follower={
      Array [
        Object {
          "following": true,
          "name": "Art Nattapat",
        },
        Object {
          "following": false,
          "name": "Art Art Art",
        },
        Object {
          "following": false,
          "name": "Art Art Art",
        },
        Object {
          "following": true,
          "name": "Art Art Art",
        },
        Object {
          "following": true,
          "name": "Art Art Art",
        },
        Object {
          "following": false,
          "name": "Art Art Art",
        },
      ]
    }
    following={
      Array [
        Object {
          "name": "Art Nattapat",
        },
        Object {
          "name": "Art Art Art",
        },
        Object {
          "name": "Art Art Art",
        },
        Object {
          "name": "Art Art Art",
        },
        Object {
          "name": "Art Art Art",
        },
        Object {
          "name": "Art Art Art",
        },
      ]
    }
    myClogs={
      Array [
        Object {
          "author": Object {
            "name": "David Beckham",
          },
          "category": "M",
          "createdAt": 2015-06-23T17:00:00.000Z,
          "likeCount": 1500,
          "preview": 1,
          "title": "Richy Rich! รวยมากนะ! รู้ยังคะทุกคน",
          "viewCount": 12300,
        },
        Object {
          "author": Object {
            "name": "สุดสาครนอย ไทรโยค",
          },
          "category": "N",
          "createdAt": 2016-11-07T17:00:00.000Z,
          "likeCount": 55,
          "preview": 1,
          "title": "Money Honey คุณชายหน้าตายกับยัยขี้งก",
          "viewCount": 100,
        },
      ]
    }
    myFan={
      Array [
        Object {
          "candys": 1250,
          "name": "Art Nattapat",
        },
        Object {
          "candys": 1250,
          "name": "Art Art Art",
        },
        Object {
          "candys": 1000,
          "name": "Art Art Art",
        },
        Object {
          "candys": 789,
          "name": "Art Art Art",
        },
        Object {
          "candys": 7013,
          "name": "Art Art Art",
        },
        Object {
          "candys": 0,
          "name": "Art Art Art",
        },
      ]
    }
    onBackPress={[Function]}
    user={
      Object {
        "facebookLinked": false,
        "id": 1,
        "name": "test",
        "sex": "M",
      }
    }
    userList={
      Array [
        Object {
          "following": true,
          "name": "Art Nattapat",
        },
        Object {
          "following": false,
          "name": "Art Art Art",
        },
        Object {
          "following": false,
          "name": "Art Art Art",
        },
        Object {
          "following": true,
          "name": "Art Art Art",
        },
        Object {
          "following": true,
          "name": "Art Art Art",
        },
        Object {
          "following": false,
          "name": "Art Art Art",
        },
      ]
    } />
</View>
`;

exports[`ProfileScreen renderScene correct component 3`] = `
<View>
  <MyFanScreen
    activity={
      Array [
        Object {
          "activity": "like",
          "date": 2016-11-03T17:00:00.000Z,
          "outline": "The Martain กำกับโดย ริดลีย์ สก๊อต เนื้อหาเล่าถึง นักบินอวกาศที่ถูกทิ้งไว้บนดาวอังคาร",
          "title": "แมค เดมอน ตะลุยอวกาศ",
          "uri": "http://3.bp.blogspot.com/-zW6wqY_1Me0/VYvJMOV4mcI/AAAAAAAAD-4/mB_AxhFoJH4/s1600/178491main_sig07-009-516.jpg",
        },
        Object {
          "activity": "like",
          "date": 2016-11-07T17:00:00.000Z,
          "outline": "The Martain กำกับโดย ริดลีย์ สก๊อต เนื้อหาเล่าถึง นักบินอวกาศที่ถูกทิ้งไว้บนดาวอังคาร",
          "title": "แมค เดมอน ตะลุยอวกาศ",
          "uri": "http://3.bp.blogspot.com/-zW6wqY_1Me0/VYvJMOV4mcI/AAAAAAAAD-4/mB_AxhFoJH4/s1600/178491main_sig07-009-516.jpg",
        },
        Object {
          "activity": "read",
          "date": 2015-11-07T17:00:00.000Z,
          "outline": "The Martain กำกับโดย ริดลีย์ สก๊อต เนื้อหาเล่าถึง นักบินอวกาศที่ถูกทิ้งไว้บนดาวอังคาร",
          "title": "แมค เดมอน ตะลุยอวกาศ",
          "uri": "http://www.fujisan.ne.jp/fit/th/images/ohishikouen430.jpg",
        },
      ]
    }
    bookmark={
      Array [
        Object {
          "bookmarkCount": 7,
          "category": "N",
          "preview": 1,
          "title": "Richy Rich! รวยมากนะ! รู้ยังคะทุกคน",
        },
        Object {
          "bookmarkCount": 3,
          "category": "M",
          "preview": 1,
          "title": "Money Honey คุณชายหน้าตายกับยัยขี้งก",
        },
      ]
    }
    candys={1890}
    follower={
      Array [
        Object {
          "following": true,
          "name": "Art Nattapat",
        },
        Object {
          "following": false,
          "name": "Art Art Art",
        },
        Object {
          "following": false,
          "name": "Art Art Art",
        },
        Object {
          "following": true,
          "name": "Art Art Art",
        },
        Object {
          "following": true,
          "name": "Art Art Art",
        },
        Object {
          "following": false,
          "name": "Art Art Art",
        },
      ]
    }
    following={
      Array [
        Object {
          "name": "Art Nattapat",
        },
        Object {
          "name": "Art Art Art",
        },
        Object {
          "name": "Art Art Art",
        },
        Object {
          "name": "Art Art Art",
        },
        Object {
          "name": "Art Art Art",
        },
        Object {
          "name": "Art Art Art",
        },
      ]
    }
    myClogs={
      Array [
        Object {
          "author": Object {
            "name": "David Beckham",
          },
          "category": "M",
          "createdAt": 2015-06-23T17:00:00.000Z,
          "likeCount": 1500,
          "preview": 1,
          "title": "Richy Rich! รวยมากนะ! รู้ยังคะทุกคน",
          "viewCount": 12300,
        },
        Object {
          "author": Object {
            "name": "สุดสาครนอย ไทรโยค",
          },
          "category": "N",
          "createdAt": 2016-11-07T17:00:00.000Z,
          "likeCount": 55,
          "preview": 1,
          "title": "Money Honey คุณชายหน้าตายกับยัยขี้งก",
          "viewCount": 100,
        },
      ]
    }
    myFan={
      Array [
        Object {
          "candys": 1250,
          "name": "Art Nattapat",
        },
        Object {
          "candys": 1250,
          "name": "Art Art Art",
        },
        Object {
          "candys": 1000,
          "name": "Art Art Art",
        },
        Object {
          "candys": 789,
          "name": "Art Art Art",
        },
        Object {
          "candys": 7013,
          "name": "Art Art Art",
        },
        Object {
          "candys": 0,
          "name": "Art Art Art",
        },
      ]
    }
    onBackPress={[Function]}
    user={
      Object {
        "facebookLinked": false,
        "id": 1,
        "name": "test",
        "sex": "M",
      }
    }
    userList={
      Array [
        Object {
          "candys": 1250,
          "name": "Art Nattapat",
        },
        Object {
          "candys": 1250,
          "name": "Art Art Art",
        },
        Object {
          "candys": 1000,
          "name": "Art Art Art",
        },
        Object {
          "candys": 789,
          "name": "Art Art Art",
        },
        Object {
          "candys": 7013,
          "name": "Art Art Art",
        },
        Object {
          "candys": 0,
          "name": "Art Art Art",
        },
      ]
    } />
</View>
`;

exports[`ProfileScreen renderScene correct component 4`] = `
<View>
  <ActivityScreen
    activity={
      Array [
        Object {
          "activity": "like",
          "date": 2016-11-03T17:00:00.000Z,
          "outline": "The Martain กำกับโดย ริดลีย์ สก๊อต เนื้อหาเล่าถึง นักบินอวกาศที่ถูกทิ้งไว้บนดาวอังคาร",
          "title": "แมค เดมอน ตะลุยอวกาศ",
          "uri": "http://3.bp.blogspot.com/-zW6wqY_1Me0/VYvJMOV4mcI/AAAAAAAAD-4/mB_AxhFoJH4/s1600/178491main_sig07-009-516.jpg",
        },
        Object {
          "activity": "like",
          "date": 2016-11-07T17:00:00.000Z,
          "outline": "The Martain กำกับโดย ริดลีย์ สก๊อต เนื้อหาเล่าถึง นักบินอวกาศที่ถูกทิ้งไว้บนดาวอังคาร",
          "title": "แมค เดมอน ตะลุยอวกาศ",
          "uri": "http://3.bp.blogspot.com/-zW6wqY_1Me0/VYvJMOV4mcI/AAAAAAAAD-4/mB_AxhFoJH4/s1600/178491main_sig07-009-516.jpg",
        },
        Object {
          "activity": "read",
          "date": 2015-11-07T17:00:00.000Z,
          "outline": "The Martain กำกับโดย ริดลีย์ สก๊อต เนื้อหาเล่าถึง นักบินอวกาศที่ถูกทิ้งไว้บนดาวอังคาร",
          "title": "แมค เดมอน ตะลุยอวกาศ",
          "uri": "http://www.fujisan.ne.jp/fit/th/images/ohishikouen430.jpg",
        },
      ]
    }
    bookmark={
      Array [
        Object {
          "bookmarkCount": 7,
          "category": "N",
          "preview": 1,
          "title": "Richy Rich! รวยมากนะ! รู้ยังคะทุกคน",
        },
        Object {
          "bookmarkCount": 3,
          "category": "M",
          "preview": 1,
          "title": "Money Honey คุณชายหน้าตายกับยัยขี้งก",
        },
      ]
    }
    candys={1890}
    follower={
      Array [
        Object {
          "following": true,
          "name": "Art Nattapat",
        },
        Object {
          "following": false,
          "name": "Art Art Art",
        },
        Object {
          "following": false,
          "name": "Art Art Art",
        },
        Object {
          "following": true,
          "name": "Art Art Art",
        },
        Object {
          "following": true,
          "name": "Art Art Art",
        },
        Object {
          "following": false,
          "name": "Art Art Art",
        },
      ]
    }
    following={
      Array [
        Object {
          "name": "Art Nattapat",
        },
        Object {
          "name": "Art Art Art",
        },
        Object {
          "name": "Art Art Art",
        },
        Object {
          "name": "Art Art Art",
        },
        Object {
          "name": "Art Art Art",
        },
        Object {
          "name": "Art Art Art",
        },
      ]
    }
    myClogs={
      Array [
        Object {
          "author": Object {
            "name": "David Beckham",
          },
          "category": "M",
          "createdAt": 2015-06-23T17:00:00.000Z,
          "likeCount": 1500,
          "preview": 1,
          "title": "Richy Rich! รวยมากนะ! รู้ยังคะทุกคน",
          "viewCount": 12300,
        },
        Object {
          "author": Object {
            "name": "สุดสาครนอย ไทรโยค",
          },
          "category": "N",
          "createdAt": 2016-11-07T17:00:00.000Z,
          "likeCount": 55,
          "preview": 1,
          "title": "Money Honey คุณชายหน้าตายกับยัยขี้งก",
          "viewCount": 100,
        },
      ]
    }
    myFan={
      Array [
        Object {
          "candys": 1250,
          "name": "Art Nattapat",
        },
        Object {
          "candys": 1250,
          "name": "Art Art Art",
        },
        Object {
          "candys": 1000,
          "name": "Art Art Art",
        },
        Object {
          "candys": 789,
          "name": "Art Art Art",
        },
        Object {
          "candys": 7013,
          "name": "Art Art Art",
        },
        Object {
          "candys": 0,
          "name": "Art Art Art",
        },
      ]
    }
    onBackPress={[Function]}
    user={
      Object {
        "facebookLinked": false,
        "id": 1,
        "name": "test",
        "sex": "M",
      }
    } />
</View>
`;

exports[`ProfileScreen renderScene correct component 5`] = `
<View>
  <MyClogScreen
    activity={
      Array [
        Object {
          "activity": "like",
          "date": 2016-11-03T17:00:00.000Z,
          "outline": "The Martain กำกับโดย ริดลีย์ สก๊อต เนื้อหาเล่าถึง นักบินอวกาศที่ถูกทิ้งไว้บนดาวอังคาร",
          "title": "แมค เดมอน ตะลุยอวกาศ",
          "uri": "http://3.bp.blogspot.com/-zW6wqY_1Me0/VYvJMOV4mcI/AAAAAAAAD-4/mB_AxhFoJH4/s1600/178491main_sig07-009-516.jpg",
        },
        Object {
          "activity": "like",
          "date": 2016-11-07T17:00:00.000Z,
          "outline": "The Martain กำกับโดย ริดลีย์ สก๊อต เนื้อหาเล่าถึง นักบินอวกาศที่ถูกทิ้งไว้บนดาวอังคาร",
          "title": "แมค เดมอน ตะลุยอวกาศ",
          "uri": "http://3.bp.blogspot.com/-zW6wqY_1Me0/VYvJMOV4mcI/AAAAAAAAD-4/mB_AxhFoJH4/s1600/178491main_sig07-009-516.jpg",
        },
        Object {
          "activity": "read",
          "date": 2015-11-07T17:00:00.000Z,
          "outline": "The Martain กำกับโดย ริดลีย์ สก๊อต เนื้อหาเล่าถึง นักบินอวกาศที่ถูกทิ้งไว้บนดาวอังคาร",
          "title": "แมค เดมอน ตะลุยอวกาศ",
          "uri": "http://www.fujisan.ne.jp/fit/th/images/ohishikouen430.jpg",
        },
      ]
    }
    bookmark={
      Array [
        Object {
          "bookmarkCount": 7,
          "category": "N",
          "preview": 1,
          "title": "Richy Rich! รวยมากนะ! รู้ยังคะทุกคน",
        },
        Object {
          "bookmarkCount": 3,
          "category": "M",
          "preview": 1,
          "title": "Money Honey คุณชายหน้าตายกับยัยขี้งก",
        },
      ]
    }
    candys={1890}
    clogs={
      Array [
        Object {
          "author": Object {
            "name": "David Beckham",
          },
          "category": "M",
          "createdAt": 2015-06-23T17:00:00.000Z,
          "likeCount": 1500,
          "preview": 1,
          "title": "Richy Rich! รวยมากนะ! รู้ยังคะทุกคน",
          "viewCount": 12300,
        },
        Object {
          "author": Object {
            "name": "สุดสาครนอย ไทรโยค",
          },
          "category": "N",
          "createdAt": 2016-11-07T17:00:00.000Z,
          "likeCount": 55,
          "preview": 1,
          "title": "Money Honey คุณชายหน้าตายกับยัยขี้งก",
          "viewCount": 100,
        },
      ]
    }
    follower={
      Array [
        Object {
          "following": true,
          "name": "Art Nattapat",
        },
        Object {
          "following": false,
          "name": "Art Art Art",
        },
        Object {
          "following": false,
          "name": "Art Art Art",
        },
        Object {
          "following": true,
          "name": "Art Art Art",
        },
        Object {
          "following": true,
          "name": "Art Art Art",
        },
        Object {
          "following": false,
          "name": "Art Art Art",
        },
      ]
    }
    following={
      Array [
        Object {
          "name": "Art Nattapat",
        },
        Object {
          "name": "Art Art Art",
        },
        Object {
          "name": "Art Art Art",
        },
        Object {
          "name": "Art Art Art",
        },
        Object {
          "name": "Art Art Art",
        },
        Object {
          "name": "Art Art Art",
        },
      ]
    }
    myClogs={
      Array [
        Object {
          "author": Object {
            "name": "David Beckham",
          },
          "category": "M",
          "createdAt": 2015-06-23T17:00:00.000Z,
          "likeCount": 1500,
          "preview": 1,
          "title": "Richy Rich! รวยมากนะ! รู้ยังคะทุกคน",
          "viewCount": 12300,
        },
        Object {
          "author": Object {
            "name": "สุดสาครนอย ไทรโยค",
          },
          "category": "N",
          "createdAt": 2016-11-07T17:00:00.000Z,
          "likeCount": 55,
          "preview": 1,
          "title": "Money Honey คุณชายหน้าตายกับยัยขี้งก",
          "viewCount": 100,
        },
      ]
    }
    myFan={
      Array [
        Object {
          "candys": 1250,
          "name": "Art Nattapat",
        },
        Object {
          "candys": 1250,
          "name": "Art Art Art",
        },
        Object {
          "candys": 1000,
          "name": "Art Art Art",
        },
        Object {
          "candys": 789,
          "name": "Art Art Art",
        },
        Object {
          "candys": 7013,
          "name": "Art Art Art",
        },
        Object {
          "candys": 0,
          "name": "Art Art Art",
        },
      ]
    }
    onBackPress={[Function]}
    title="My Clog"
    user={
      Object {
        "facebookLinked": false,
        "id": 1,
        "name": "test",
        "sex": "M",
      }
    } />
</View>
`;

exports[`ProfileScreen renderScene correct component 6`] = `
<View>
  <BookmarkScreen
    activity={
      Array [
        Object {
          "activity": "like",
          "date": 2016-11-03T17:00:00.000Z,
          "outline": "The Martain กำกับโดย ริดลีย์ สก๊อต เนื้อหาเล่าถึง นักบินอวกาศที่ถูกทิ้งไว้บนดาวอังคาร",
          "title": "แมค เดมอน ตะลุยอวกาศ",
          "uri": "http://3.bp.blogspot.com/-zW6wqY_1Me0/VYvJMOV4mcI/AAAAAAAAD-4/mB_AxhFoJH4/s1600/178491main_sig07-009-516.jpg",
        },
        Object {
          "activity": "like",
          "date": 2016-11-07T17:00:00.000Z,
          "outline": "The Martain กำกับโดย ริดลีย์ สก๊อต เนื้อหาเล่าถึง นักบินอวกาศที่ถูกทิ้งไว้บนดาวอังคาร",
          "title": "แมค เดมอน ตะลุยอวกาศ",
          "uri": "http://3.bp.blogspot.com/-zW6wqY_1Me0/VYvJMOV4mcI/AAAAAAAAD-4/mB_AxhFoJH4/s1600/178491main_sig07-009-516.jpg",
        },
        Object {
          "activity": "read",
          "date": 2015-11-07T17:00:00.000Z,
          "outline": "The Martain กำกับโดย ริดลีย์ สก๊อต เนื้อหาเล่าถึง นักบินอวกาศที่ถูกทิ้งไว้บนดาวอังคาร",
          "title": "แมค เดมอน ตะลุยอวกาศ",
          "uri": "http://www.fujisan.ne.jp/fit/th/images/ohishikouen430.jpg",
        },
      ]
    }
    bookmark={
      Array [
        Object {
          "bookmarkCount": 7,
          "category": "N",
          "preview": 1,
          "title": "Richy Rich! รวยมากนะ! รู้ยังคะทุกคน",
        },
        Object {
          "bookmarkCount": 3,
          "category": "M",
          "preview": 1,
          "title": "Money Honey คุณชายหน้าตายกับยัยขี้งก",
        },
      ]
    }
    candys={1890}
    follower={
      Array [
        Object {
          "following": true,
          "name": "Art Nattapat",
        },
        Object {
          "following": false,
          "name": "Art Art Art",
        },
        Object {
          "following": false,
          "name": "Art Art Art",
        },
        Object {
          "following": true,
          "name": "Art Art Art",
        },
        Object {
          "following": true,
          "name": "Art Art Art",
        },
        Object {
          "following": false,
          "name": "Art Art Art",
        },
      ]
    }
    following={
      Array [
        Object {
          "name": "Art Nattapat",
        },
        Object {
          "name": "Art Art Art",
        },
        Object {
          "name": "Art Art Art",
        },
        Object {
          "name": "Art Art Art",
        },
        Object {
          "name": "Art Art Art",
        },
        Object {
          "name": "Art Art Art",
        },
      ]
    }
    myClogs={
      Array [
        Object {
          "author": Object {
            "name": "David Beckham",
          },
          "category": "M",
          "createdAt": 2015-06-23T17:00:00.000Z,
          "likeCount": 1500,
          "preview": 1,
          "title": "Richy Rich! รวยมากนะ! รู้ยังคะทุกคน",
          "viewCount": 12300,
        },
        Object {
          "author": Object {
            "name": "สุดสาครนอย ไทรโยค",
          },
          "category": "N",
          "createdAt": 2016-11-07T17:00:00.000Z,
          "likeCount": 55,
          "preview": 1,
          "title": "Money Honey คุณชายหน้าตายกับยัยขี้งก",
          "viewCount": 100,
        },
      ]
    }
    myFan={
      Array [
        Object {
          "candys": 1250,
          "name": "Art Nattapat",
        },
        Object {
          "candys": 1250,
          "name": "Art Art Art",
        },
        Object {
          "candys": 1000,
          "name": "Art Art Art",
        },
        Object {
          "candys": 789,
          "name": "Art Art Art",
        },
        Object {
          "candys": 7013,
          "name": "Art Art Art",
        },
        Object {
          "candys": 0,
          "name": "Art Art Art",
        },
      ]
    }
    onBackPress={[Function]}
    user={
      Object {
        "facebookLinked": false,
        "id": 1,
        "name": "test",
        "sex": "M",
      }
    } />
</View>
`;

exports[`ProfileScreen renderScene correct component 7`] = `
<View>
  <JellyShopScreen
    activity={
      Array [
        Object {
          "activity": "like",
          "date": 2016-11-03T17:00:00.000Z,
          "outline": "The Martain กำกับโดย ริดลีย์ สก๊อต เนื้อหาเล่าถึง นักบินอวกาศที่ถูกทิ้งไว้บนดาวอังคาร",
          "title": "แมค เดมอน ตะลุยอวกาศ",
          "uri": "http://3.bp.blogspot.com/-zW6wqY_1Me0/VYvJMOV4mcI/AAAAAAAAD-4/mB_AxhFoJH4/s1600/178491main_sig07-009-516.jpg",
        },
        Object {
          "activity": "like",
          "date": 2016-11-07T17:00:00.000Z,
          "outline": "The Martain กำกับโดย ริดลีย์ สก๊อต เนื้อหาเล่าถึง นักบินอวกาศที่ถูกทิ้งไว้บนดาวอังคาร",
          "title": "แมค เดมอน ตะลุยอวกาศ",
          "uri": "http://3.bp.blogspot.com/-zW6wqY_1Me0/VYvJMOV4mcI/AAAAAAAAD-4/mB_AxhFoJH4/s1600/178491main_sig07-009-516.jpg",
        },
        Object {
          "activity": "read",
          "date": 2015-11-07T17:00:00.000Z,
          "outline": "The Martain กำกับโดย ริดลีย์ สก๊อต เนื้อหาเล่าถึง นักบินอวกาศที่ถูกทิ้งไว้บนดาวอังคาร",
          "title": "แมค เดมอน ตะลุยอวกาศ",
          "uri": "http://www.fujisan.ne.jp/fit/th/images/ohishikouen430.jpg",
        },
      ]
    }
    bookmark={
      Array [
        Object {
          "bookmarkCount": 7,
          "category": "N",
          "preview": 1,
          "title": "Richy Rich! รวยมากนะ! รู้ยังคะทุกคน",
        },
        Object {
          "bookmarkCount": 3,
          "category": "M",
          "preview": 1,
          "title": "Money Honey คุณชายหน้าตายกับยัยขี้งก",
        },
      ]
    }
    candys={1890}
    follower={
      Array [
        Object {
          "following": true,
          "name": "Art Nattapat",
        },
        Object {
          "following": false,
          "name": "Art Art Art",
        },
        Object {
          "following": false,
          "name": "Art Art Art",
        },
        Object {
          "following": true,
          "name": "Art Art Art",
        },
        Object {
          "following": true,
          "name": "Art Art Art",
        },
        Object {
          "following": false,
          "name": "Art Art Art",
        },
      ]
    }
    following={
      Array [
        Object {
          "name": "Art Nattapat",
        },
        Object {
          "name": "Art Art Art",
        },
        Object {
          "name": "Art Art Art",
        },
        Object {
          "name": "Art Art Art",
        },
        Object {
          "name": "Art Art Art",
        },
        Object {
          "name": "Art Art Art",
        },
      ]
    }
    myClogs={
      Array [
        Object {
          "author": Object {
            "name": "David Beckham",
          },
          "category": "M",
          "createdAt": 2015-06-23T17:00:00.000Z,
          "likeCount": 1500,
          "preview": 1,
          "title": "Richy Rich! รวยมากนะ! รู้ยังคะทุกคน",
          "viewCount": 12300,
        },
        Object {
          "author": Object {
            "name": "สุดสาครนอย ไทรโยค",
          },
          "category": "N",
          "createdAt": 2016-11-07T17:00:00.000Z,
          "likeCount": 55,
          "preview": 1,
          "title": "Money Honey คุณชายหน้าตายกับยัยขี้งก",
          "viewCount": 100,
        },
      ]
    }
    myFan={
      Array [
        Object {
          "candys": 1250,
          "name": "Art Nattapat",
        },
        Object {
          "candys": 1250,
          "name": "Art Art Art",
        },
        Object {
          "candys": 1000,
          "name": "Art Art Art",
        },
        Object {
          "candys": 789,
          "name": "Art Art Art",
        },
        Object {
          "candys": 7013,
          "name": "Art Art Art",
        },
        Object {
          "candys": 0,
          "name": "Art Art Art",
        },
      ]
    }
    onBackPress={[Function]}
    user={
      Object {
        "facebookLinked": false,
        "id": 1,
        "name": "test",
        "sex": "M",
      }
    } />
</View>
`;

exports[`ProfileScreen renderScene correct component 8`] = `
<View>
  <Connect(ProfileEditorScreen)
    activity={
      Array [
        Object {
          "activity": "like",
          "date": 2016-11-03T17:00:00.000Z,
          "outline": "The Martain กำกับโดย ริดลีย์ สก๊อต เนื้อหาเล่าถึง นักบินอวกาศที่ถูกทิ้งไว้บนดาวอังคาร",
          "title": "แมค เดมอน ตะลุยอวกาศ",
          "uri": "http://3.bp.blogspot.com/-zW6wqY_1Me0/VYvJMOV4mcI/AAAAAAAAD-4/mB_AxhFoJH4/s1600/178491main_sig07-009-516.jpg",
        },
        Object {
          "activity": "like",
          "date": 2016-11-07T17:00:00.000Z,
          "outline": "The Martain กำกับโดย ริดลีย์ สก๊อต เนื้อหาเล่าถึง นักบินอวกาศที่ถูกทิ้งไว้บนดาวอังคาร",
          "title": "แมค เดมอน ตะลุยอวกาศ",
          "uri": "http://3.bp.blogspot.com/-zW6wqY_1Me0/VYvJMOV4mcI/AAAAAAAAD-4/mB_AxhFoJH4/s1600/178491main_sig07-009-516.jpg",
        },
        Object {
          "activity": "read",
          "date": 2015-11-07T17:00:00.000Z,
          "outline": "The Martain กำกับโดย ริดลีย์ สก๊อต เนื้อหาเล่าถึง นักบินอวกาศที่ถูกทิ้งไว้บนดาวอังคาร",
          "title": "แมค เดมอน ตะลุยอวกาศ",
          "uri": "http://www.fujisan.ne.jp/fit/th/images/ohishikouen430.jpg",
        },
      ]
    }
    bookmark={
      Array [
        Object {
          "bookmarkCount": 7,
          "category": "N",
          "preview": 1,
          "title": "Richy Rich! รวยมากนะ! รู้ยังคะทุกคน",
        },
        Object {
          "bookmarkCount": 3,
          "category": "M",
          "preview": 1,
          "title": "Money Honey คุณชายหน้าตายกับยัยขี้งก",
        },
      ]
    }
    candys={1890}
    follower={
      Array [
        Object {
          "following": true,
          "name": "Art Nattapat",
        },
        Object {
          "following": false,
          "name": "Art Art Art",
        },
        Object {
          "following": false,
          "name": "Art Art Art",
        },
        Object {
          "following": true,
          "name": "Art Art Art",
        },
        Object {
          "following": true,
          "name": "Art Art Art",
        },
        Object {
          "following": false,
          "name": "Art Art Art",
        },
      ]
    }
    following={
      Array [
        Object {
          "name": "Art Nattapat",
        },
        Object {
          "name": "Art Art Art",
        },
        Object {
          "name": "Art Art Art",
        },
        Object {
          "name": "Art Art Art",
        },
        Object {
          "name": "Art Art Art",
        },
        Object {
          "name": "Art Art Art",
        },
      ]
    }
    myClogs={
      Array [
        Object {
          "author": Object {
            "name": "David Beckham",
          },
          "category": "M",
          "createdAt": 2015-06-23T17:00:00.000Z,
          "likeCount": 1500,
          "preview": 1,
          "title": "Richy Rich! รวยมากนะ! รู้ยังคะทุกคน",
          "viewCount": 12300,
        },
        Object {
          "author": Object {
            "name": "สุดสาครนอย ไทรโยค",
          },
          "category": "N",
          "createdAt": 2016-11-07T17:00:00.000Z,
          "likeCount": 55,
          "preview": 1,
          "title": "Money Honey คุณชายหน้าตายกับยัยขี้งก",
          "viewCount": 100,
        },
      ]
    }
    myFan={
      Array [
        Object {
          "candys": 1250,
          "name": "Art Nattapat",
        },
        Object {
          "candys": 1250,
          "name": "Art Art Art",
        },
        Object {
          "candys": 1000,
          "name": "Art Art Art",
        },
        Object {
          "candys": 789,
          "name": "Art Art Art",
        },
        Object {
          "candys": 7013,
          "name": "Art Art Art",
        },
        Object {
          "candys": 0,
          "name": "Art Art Art",
        },
      ]
    }
    onBackPress={[Function]}
    user={
      Object {
        "facebookLinked": false,
        "id": 1,
        "name": "test",
        "sex": "M",
      }
    } />
</View>
`;

exports[`ProfileScreen renderScene correct component 9`] = `
<View>
  <Connect(ChangeEmailScreen)
    activity={
      Array [
        Object {
          "activity": "like",
          "date": 2016-11-03T17:00:00.000Z,
          "outline": "The Martain กำกับโดย ริดลีย์ สก๊อต เนื้อหาเล่าถึง นักบินอวกาศที่ถูกทิ้งไว้บนดาวอังคาร",
          "title": "แมค เดมอน ตะลุยอวกาศ",
          "uri": "http://3.bp.blogspot.com/-zW6wqY_1Me0/VYvJMOV4mcI/AAAAAAAAD-4/mB_AxhFoJH4/s1600/178491main_sig07-009-516.jpg",
        },
        Object {
          "activity": "like",
          "date": 2016-11-07T17:00:00.000Z,
          "outline": "The Martain กำกับโดย ริดลีย์ สก๊อต เนื้อหาเล่าถึง นักบินอวกาศที่ถูกทิ้งไว้บนดาวอังคาร",
          "title": "แมค เดมอน ตะลุยอวกาศ",
          "uri": "http://3.bp.blogspot.com/-zW6wqY_1Me0/VYvJMOV4mcI/AAAAAAAAD-4/mB_AxhFoJH4/s1600/178491main_sig07-009-516.jpg",
        },
        Object {
          "activity": "read",
          "date": 2015-11-07T17:00:00.000Z,
          "outline": "The Martain กำกับโดย ริดลีย์ สก๊อต เนื้อหาเล่าถึง นักบินอวกาศที่ถูกทิ้งไว้บนดาวอังคาร",
          "title": "แมค เดมอน ตะลุยอวกาศ",
          "uri": "http://www.fujisan.ne.jp/fit/th/images/ohishikouen430.jpg",
        },
      ]
    }
    bookmark={
      Array [
        Object {
          "bookmarkCount": 7,
          "category": "N",
          "preview": 1,
          "title": "Richy Rich! รวยมากนะ! รู้ยังคะทุกคน",
        },
        Object {
          "bookmarkCount": 3,
          "category": "M",
          "preview": 1,
          "title": "Money Honey คุณชายหน้าตายกับยัยขี้งก",
        },
      ]
    }
    candys={1890}
    follower={
      Array [
        Object {
          "following": true,
          "name": "Art Nattapat",
        },
        Object {
          "following": false,
          "name": "Art Art Art",
        },
        Object {
          "following": false,
          "name": "Art Art Art",
        },
        Object {
          "following": true,
          "name": "Art Art Art",
        },
        Object {
          "following": true,
          "name": "Art Art Art",
        },
        Object {
          "following": false,
          "name": "Art Art Art",
        },
      ]
    }
    following={
      Array [
        Object {
          "name": "Art Nattapat",
        },
        Object {
          "name": "Art Art Art",
        },
        Object {
          "name": "Art Art Art",
        },
        Object {
          "name": "Art Art Art",
        },
        Object {
          "name": "Art Art Art",
        },
        Object {
          "name": "Art Art Art",
        },
      ]
    }
    myClogs={
      Array [
        Object {
          "author": Object {
            "name": "David Beckham",
          },
          "category": "M",
          "createdAt": 2015-06-23T17:00:00.000Z,
          "likeCount": 1500,
          "preview": 1,
          "title": "Richy Rich! รวยมากนะ! รู้ยังคะทุกคน",
          "viewCount": 12300,
        },
        Object {
          "author": Object {
            "name": "สุดสาครนอย ไทรโยค",
          },
          "category": "N",
          "createdAt": 2016-11-07T17:00:00.000Z,
          "likeCount": 55,
          "preview": 1,
          "title": "Money Honey คุณชายหน้าตายกับยัยขี้งก",
          "viewCount": 100,
        },
      ]
    }
    myFan={
      Array [
        Object {
          "candys": 1250,
          "name": "Art Nattapat",
        },
        Object {
          "candys": 1250,
          "name": "Art Art Art",
        },
        Object {
          "candys": 1000,
          "name": "Art Art Art",
        },
        Object {
          "candys": 789,
          "name": "Art Art Art",
        },
        Object {
          "candys": 7013,
          "name": "Art Art Art",
        },
        Object {
          "candys": 0,
          "name": "Art Art Art",
        },
      ]
    }
    onBackPress={[Function]}
    user={
      Object {
        "facebookLinked": false,
        "id": 1,
        "name": "test",
        "sex": "M",
      }
    } />
</View>
`;

exports[`ProfileScreen renderScene correct component 10`] = `
<View>
  <Connect(ChangePasswordScreen)
    activity={
      Array [
        Object {
          "activity": "like",
          "date": 2016-11-03T17:00:00.000Z,
          "outline": "The Martain กำกับโดย ริดลีย์ สก๊อต เนื้อหาเล่าถึง นักบินอวกาศที่ถูกทิ้งไว้บนดาวอังคาร",
          "title": "แมค เดมอน ตะลุยอวกาศ",
          "uri": "http://3.bp.blogspot.com/-zW6wqY_1Me0/VYvJMOV4mcI/AAAAAAAAD-4/mB_AxhFoJH4/s1600/178491main_sig07-009-516.jpg",
        },
        Object {
          "activity": "like",
          "date": 2016-11-07T17:00:00.000Z,
          "outline": "The Martain กำกับโดย ริดลีย์ สก๊อต เนื้อหาเล่าถึง นักบินอวกาศที่ถูกทิ้งไว้บนดาวอังคาร",
          "title": "แมค เดมอน ตะลุยอวกาศ",
          "uri": "http://3.bp.blogspot.com/-zW6wqY_1Me0/VYvJMOV4mcI/AAAAAAAAD-4/mB_AxhFoJH4/s1600/178491main_sig07-009-516.jpg",
        },
        Object {
          "activity": "read",
          "date": 2015-11-07T17:00:00.000Z,
          "outline": "The Martain กำกับโดย ริดลีย์ สก๊อต เนื้อหาเล่าถึง นักบินอวกาศที่ถูกทิ้งไว้บนดาวอังคาร",
          "title": "แมค เดมอน ตะลุยอวกาศ",
          "uri": "http://www.fujisan.ne.jp/fit/th/images/ohishikouen430.jpg",
        },
      ]
    }
    bookmark={
      Array [
        Object {
          "bookmarkCount": 7,
          "category": "N",
          "preview": 1,
          "title": "Richy Rich! รวยมากนะ! รู้ยังคะทุกคน",
        },
        Object {
          "bookmarkCount": 3,
          "category": "M",
          "preview": 1,
          "title": "Money Honey คุณชายหน้าตายกับยัยขี้งก",
        },
      ]
    }
    candys={1890}
    follower={
      Array [
        Object {
          "following": true,
          "name": "Art Nattapat",
        },
        Object {
          "following": false,
          "name": "Art Art Art",
        },
        Object {
          "following": false,
          "name": "Art Art Art",
        },
        Object {
          "following": true,
          "name": "Art Art Art",
        },
        Object {
          "following": true,
          "name": "Art Art Art",
        },
        Object {
          "following": false,
          "name": "Art Art Art",
        },
      ]
    }
    following={
      Array [
        Object {
          "name": "Art Nattapat",
        },
        Object {
          "name": "Art Art Art",
        },
        Object {
          "name": "Art Art Art",
        },
        Object {
          "name": "Art Art Art",
        },
        Object {
          "name": "Art Art Art",
        },
        Object {
          "name": "Art Art Art",
        },
      ]
    }
    myClogs={
      Array [
        Object {
          "author": Object {
            "name": "David Beckham",
          },
          "category": "M",
          "createdAt": 2015-06-23T17:00:00.000Z,
          "likeCount": 1500,
          "preview": 1,
          "title": "Richy Rich! รวยมากนะ! รู้ยังคะทุกคน",
          "viewCount": 12300,
        },
        Object {
          "author": Object {
            "name": "สุดสาครนอย ไทรโยค",
          },
          "category": "N",
          "createdAt": 2016-11-07T17:00:00.000Z,
          "likeCount": 55,
          "preview": 1,
          "title": "Money Honey คุณชายหน้าตายกับยัยขี้งก",
          "viewCount": 100,
        },
      ]
    }
    myFan={
      Array [
        Object {
          "candys": 1250,
          "name": "Art Nattapat",
        },
        Object {
          "candys": 1250,
          "name": "Art Art Art",
        },
        Object {
          "candys": 1000,
          "name": "Art Art Art",
        },
        Object {
          "candys": 789,
          "name": "Art Art Art",
        },
        Object {
          "candys": 7013,
          "name": "Art Art Art",
        },
        Object {
          "candys": 0,
          "name": "Art Art Art",
        },
      ]
    }
    onBackPress={[Function]}
    user={
      Object {
        "facebookLinked": false,
        "id": 1,
        "name": "test",
        "sex": "M",
      }
    } />
</View>
`;

exports[`ProfileScreen renderScene correct component 11`] = `
<View>
  <ProfileMenuScreen
    activity={
      Array [
        Object {
          "activity": "like",
          "date": 2016-11-03T17:00:00.000Z,
          "outline": "The Martain กำกับโดย ริดลีย์ สก๊อต เนื้อหาเล่าถึง นักบินอวกาศที่ถูกทิ้งไว้บนดาวอังคาร",
          "title": "แมค เดมอน ตะลุยอวกาศ",
          "uri": "http://3.bp.blogspot.com/-zW6wqY_1Me0/VYvJMOV4mcI/AAAAAAAAD-4/mB_AxhFoJH4/s1600/178491main_sig07-009-516.jpg",
        },
        Object {
          "activity": "like",
          "date": 2016-11-07T17:00:00.000Z,
          "outline": "The Martain กำกับโดย ริดลีย์ สก๊อต เนื้อหาเล่าถึง นักบินอวกาศที่ถูกทิ้งไว้บนดาวอังคาร",
          "title": "แมค เดมอน ตะลุยอวกาศ",
          "uri": "http://3.bp.blogspot.com/-zW6wqY_1Me0/VYvJMOV4mcI/AAAAAAAAD-4/mB_AxhFoJH4/s1600/178491main_sig07-009-516.jpg",
        },
        Object {
          "activity": "read",
          "date": 2015-11-07T17:00:00.000Z,
          "outline": "The Martain กำกับโดย ริดลีย์ สก๊อต เนื้อหาเล่าถึง นักบินอวกาศที่ถูกทิ้งไว้บนดาวอังคาร",
          "title": "แมค เดมอน ตะลุยอวกาศ",
          "uri": "http://www.fujisan.ne.jp/fit/th/images/ohishikouen430.jpg",
        },
      ]
    }
    bookmark={
      Array [
        Object {
          "bookmarkCount": 7,
          "category": "N",
          "preview": 1,
          "title": "Richy Rich! รวยมากนะ! รู้ยังคะทุกคน",
        },
        Object {
          "bookmarkCount": 3,
          "category": "M",
          "preview": 1,
          "title": "Money Honey คุณชายหน้าตายกับยัยขี้งก",
        },
      ]
    }
    candys={1890}
    follower={
      Array [
        Object {
          "following": true,
          "name": "Art Nattapat",
        },
        Object {
          "following": false,
          "name": "Art Art Art",
        },
        Object {
          "following": false,
          "name": "Art Art Art",
        },
        Object {
          "following": true,
          "name": "Art Art Art",
        },
        Object {
          "following": true,
          "name": "Art Art Art",
        },
        Object {
          "following": false,
          "name": "Art Art Art",
        },
      ]
    }
    following={
      Array [
        Object {
          "name": "Art Nattapat",
        },
        Object {
          "name": "Art Art Art",
        },
        Object {
          "name": "Art Art Art",
        },
        Object {
          "name": "Art Art Art",
        },
        Object {
          "name": "Art Art Art",
        },
        Object {
          "name": "Art Art Art",
        },
      ]
    }
    myClogs={
      Array [
        Object {
          "author": Object {
            "name": "David Beckham",
          },
          "category": "M",
          "createdAt": 2015-06-23T17:00:00.000Z,
          "likeCount": 1500,
          "preview": 1,
          "title": "Richy Rich! รวยมากนะ! รู้ยังคะทุกคน",
          "viewCount": 12300,
        },
        Object {
          "author": Object {
            "name": "สุดสาครนอย ไทรโยค",
          },
          "category": "N",
          "createdAt": 2016-11-07T17:00:00.000Z,
          "likeCount": 55,
          "preview": 1,
          "title": "Money Honey คุณชายหน้าตายกับยัยขี้งก",
          "viewCount": 100,
        },
      ]
    }
    myFan={
      Array [
        Object {
          "candys": 1250,
          "name": "Art Nattapat",
        },
        Object {
          "candys": 1250,
          "name": "Art Art Art",
        },
        Object {
          "candys": 1000,
          "name": "Art Art Art",
        },
        Object {
          "candys": 789,
          "name": "Art Art Art",
        },
        Object {
          "candys": 7013,
          "name": "Art Art Art",
        },
        Object {
          "candys": 0,
          "name": "Art Art Art",
        },
      ]
    }
    onEditProfile={[Function]}
    onFollowerPress={[Function]}
    onFollowingPress={[Function]}
    onMenuPress={[Function]}
    user={
      Object {
        "facebookLinked": false,
        "id": 1,
        "name": "test",
        "sex": "M",
      }
    } />
</View>
`;
