exports[`BookmarkScreen render BookmarkScreen 1`] = `
<View
  style={
    Object {
      "backgroundColor": "rgb(250, 250, 250)",
      "flex": 1,
    }
  }>
  <View
    style={
      Object {
        "alignItems": "center",
        "backgroundColor": "white",
        "borderBottomWidth": 1,
        "borderColor": "rgb(240, 240, 240)",
        "flexDirection": "row",
        "height": 60,
        "justifyContent": "space-between",
        "paddingTop": 5,
      }
    }>
    <View
      accessibilityComponentType={undefined}
      accessibilityLabel={undefined}
      accessibilityTraits={undefined}
      accessible={true}
      hitSlop={undefined}
      onLayout={undefined}
      onResponderGrant={[Function]}
      onResponderMove={[Function]}
      onResponderRelease={[Function]}
      onResponderTerminate={[Function]}
      onResponderTerminationRequest={[Function]}
      onStartShouldSetResponder={[Function]}
      style={
        Object {
          "alignItems": "flex-start",
          "opacity": 1,
          "paddingLeft": 20,
        }
      }
      testID={undefined}>
      <Image
        source={1}
        style={
          Object {
            "height": 20,
            "resizeMode": "contain",
          }
        } />
    </View>
    <View
      style={
        Object {
          "alignItems": "center",
        }
      }>
      <Text
        accessible={true}
        allowFontScaling={true}
        ellipsizeMode="tail"
        style={
          Object {
            "color": "rgb(209, 87, 92)",
            "fontSize": 22,
            "fontWeight": "bold",
          }
        }>
        Bookmark
      </Text>
    </View>
    <View
      accessibilityComponentType={undefined}
      accessibilityLabel={undefined}
      accessibilityTraits={undefined}
      accessible={true}
      hitSlop={undefined}
      onLayout={undefined}
      onResponderGrant={[Function]}
      onResponderMove={[Function]}
      onResponderRelease={[Function]}
      onResponderTerminate={[Function]}
      onResponderTerminationRequest={[Function]}
      onStartShouldSetResponder={[Function]}
      style={
        Object {
          "alignItems": "flex-end",
          "opacity": 1,
          "paddingRight": 20,
        }
      }
      testID={undefined} />
  </View>
  <ScrollView
    contentInset={
      Object {
        "bottom": 1354,
        "top": 0,
      }
    }
    data={
      Array [
        Object {
          "bookmarkCount": 7,
          "categoryCover": 1,
          "cover": 1,
          "index": 0,
          "title": "Richy Rich! รวยมากนะ! รู้ยังคะทุกคน",
          "willDelete": false,
        },
        Object {
          "bookmarkCount": 3,
          "categoryCover": 1,
          "cover": 1,
          "index": 1,
          "title": "Money Honey คุณชายหน้าตายกับยัยขี้งก",
          "willDelete": false,
        },
      ]
    }
    dataSource={
      ListViewDataSource {
        "items": 2,
      }
    }
    initialListSize={10}
    minContentHeight={1354}
    onContentSizeChange={[Function]}
    onEndReachedThreshold={1000}
    onKeyboardDidHide={undefined}
    onKeyboardDidShow={undefined}
    onKeyboardWillHide={undefined}
    onKeyboardWillShow={undefined}
    onLayout={[Function]}
    onScroll={[Function]}
    pageSize={1}
    removeClippedSubviews={true}
    renderFooter={[Function]}
    renderRow={[Function]}
    renderSeparator={[Function]}
    scrollEventThrottle={50}
    scrollRenderAheadDistance={1000}
    stickyHeaderIndices={Array []}>
    <View
      accessibilityComponentType={undefined}
      accessibilityLabel={undefined}
      accessibilityTraits={undefined}
      accessible={true}
      hitSlop={undefined}
      onLayout={undefined}
      onResponderGrant={[Function]}
      onResponderMove={[Function]}
      onResponderRelease={[Function]}
      onResponderTerminate={[Function]}
      onResponderTerminationRequest={[Function]}
      onStartShouldSetResponder={[Function]}
      style={
        Object {
          "alignItems": "center",
          "flexDirection": "row",
          "opacity": 1,
          "padding": 13,
        }
      }
      testID={undefined}>
      <View
        style={
          Object {
            "height": 100,
            "width": 100,
          }
        }>
        <Image
          categorySource={1}
          size={100}
          source={1}
          style={
            Array [
              Object {
                "borderRadius": 50,
                "height": 100,
                "width": 100,
              },
              Array [
                undefined,
                Object {
                  "backgroundColor": "transparent",
                },
              ],
            ]
          } />
        <Image
          source={1}
          style={
            Object {
              "bottom": 3.125,
              "height": 25,
              "position": "absolute",
              "right": 3.125,
              "width": 25,
            }
          } />
      </View>
      <View
        style={
          Object {
            "flex": 1,
            "paddingLeft": 10,
          }
        }>
        <View
          style={
            Object {
              "alignItems": "center",
              "flexDirection": "row",
              "justifyContent": "space-between",
              "marginTop": 5,
            }
          }>
          <Text
            accessible={true}
            allowFontScaling={true}
            ellipsizeMode="tail"
            style={
              Object {
                "fontSize": 16,
                "fontWeight": "bold",
              }
            }>
            Richy Rich! รวยมากนะ! รู้ยังคะทุกคน
          </Text>
        </View>
        <View
          style={
            Object {
              "flexDirection": "row",
              "justifyContent": "space-between",
              "paddingTop": 10,
            }
          }>
          <Text
            accessible={true}
            allowFontScaling={true}
            ellipsizeMode="tail"
            style={
              Object {
                "color": "rgba(0, 0, 0, 0.5)",
                "fontSize": 16,
                "fontWeight": "bold",
              }
            }>
            7
             Bookmarks
          </Text>
        </View>
      </View>
      <View
        accessibilityComponentType={undefined}
        accessibilityLabel={undefined}
        accessibilityTraits={undefined}
        accessible={true}
        hitSlop={undefined}
        onLayout={undefined}
        onResponderGrant={[Function]}
        onResponderMove={[Function]}
        onResponderRelease={[Function]}
        onResponderTerminate={[Function]}
        onResponderTerminationRequest={[Function]}
        onStartShouldSetResponder={[Function]}
        style={
          Object {
            "alignItems": "flex-end",
            "opacity": 1,
          }
        }
        testID={undefined}>
        <Image
          source={1}
          style={
            Object {
              "height": 25,
              "resizeMode": "contain",
            }
          } />
      </View>
    </View>
    <View
      style={
        Object {
          "backgroundColor": "#eeeeee",
          "height": 1,
        }
      } />
    <View
      accessibilityComponentType={undefined}
      accessibilityLabel={undefined}
      accessibilityTraits={undefined}
      accessible={true}
      hitSlop={undefined}
      onLayout={undefined}
      onResponderGrant={[Function]}
      onResponderMove={[Function]}
      onResponderRelease={[Function]}
      onResponderTerminate={[Function]}
      onResponderTerminationRequest={[Function]}
      onStartShouldSetResponder={[Function]}
      style={
        Object {
          "alignItems": "center",
          "flexDirection": "row",
          "opacity": 1,
          "padding": 13,
        }
      }
      testID={undefined}>
      <View
        style={
          Object {
            "height": 100,
            "width": 100,
          }
        }>
        <Image
          categorySource={1}
          size={100}
          source={1}
          style={
            Array [
              Object {
                "borderRadius": 50,
                "height": 100,
                "width": 100,
              },
              Array [
                undefined,
                Object {
                  "backgroundColor": "transparent",
                },
              ],
            ]
          } />
        <Image
          source={1}
          style={
            Object {
              "bottom": 3.125,
              "height": 25,
              "position": "absolute",
              "right": 3.125,
              "width": 25,
            }
          } />
      </View>
      <View
        style={
          Object {
            "flex": 1,
            "paddingLeft": 10,
          }
        }>
        <View
          style={
            Object {
              "alignItems": "center",
              "flexDirection": "row",
              "justifyContent": "space-between",
              "marginTop": 5,
            }
          }>
          <Text
            accessible={true}
            allowFontScaling={true}
            ellipsizeMode="tail"
            style={
              Object {
                "fontSize": 16,
                "fontWeight": "bold",
              }
            }>
            Money Honey คุณชายหน้าตายกับยัยขี้งก
          </Text>
        </View>
        <View
          style={
            Object {
              "flexDirection": "row",
              "justifyContent": "space-between",
              "paddingTop": 10,
            }
          }>
          <Text
            accessible={true}
            allowFontScaling={true}
            ellipsizeMode="tail"
            style={
              Object {
                "color": "rgba(0, 0, 0, 0.5)",
                "fontSize": 16,
                "fontWeight": "bold",
              }
            }>
            3
             Bookmarks
          </Text>
        </View>
      </View>
      <View
        accessibilityComponentType={undefined}
        accessibilityLabel={undefined}
        accessibilityTraits={undefined}
        accessible={true}
        hitSlop={undefined}
        onLayout={undefined}
        onResponderGrant={[Function]}
        onResponderMove={[Function]}
        onResponderRelease={[Function]}
        onResponderTerminate={[Function]}
        onResponderTerminationRequest={[Function]}
        onStartShouldSetResponder={[Function]}
        style={
          Object {
            "alignItems": "flex-end",
            "opacity": 1,
          }
        }
        testID={undefined}>
        <Image
          source={1}
          style={
            Object {
              "height": 25,
              "resizeMode": "contain",
            }
          } />
      </View>
    </View>
    <View
      style={
        Object {
          "backgroundColor": "#eeeeee",
          "height": 1,
        }
      } />
  </ScrollView>
</View>
`;

exports[`CircleImageWithCategory render CircleImageWithCategory 1`] = `
<View
  style={
    Object {
      "height": 100,
      "width": 100,
    }
  }>
  <Image
    categorySource={
      Object {
        "uri": "x.jpg",
      }
    }
    size={100}
    source={
      Object {
        "uri": "x.jpg",
      }
    }
    style={
      Array [
        Object {
          "borderRadius": 50,
          "height": 100,
          "width": 100,
        },
        Array [
          undefined,
          Object {
            "backgroundColor": "transparent",
          },
        ],
      ]
    } />
  <Image
    source={
      Object {
        "uri": "x.jpg",
      }
    }
    style={
      Object {
        "bottom": 3.125,
        "height": 25,
        "position": "absolute",
        "right": 3.125,
        "width": 25,
      }
    } />
</View>
`;
