exports[`Book render 1`] = `
<View
  style={
    Object {
      "backgroundColor": "white",
      "flex": 1,
    }
  }>
  <Image
    source={
      Object {
        "uri": "http://localhost/static/cover/mockCover.png",
      }
    }
    style={
      Object {
        "height": 200,
        "resizeMode": "cover",
        "width": undefined,
      }
    }>
    <View
      accessibilityComponentType={undefined}
      accessibilityLabel={undefined}
      accessibilityTraits={undefined}
      accessible={true}
      hitSlop={undefined}
      onLayout={undefined}
      onResponderGrant={[Function]}
      onResponderMove={[Function]}
      onResponderRelease={[Function]}
      onResponderTerminate={[Function]}
      onResponderTerminationRequest={[Function]}
      onStartShouldSetResponder={[Function]}
      style={
        Object {
          "left": 10,
          "opacity": 1,
          "top": 20,
        }
      }
      testID={undefined}>
      <Image
        source={1}
        style={
          Object {
            "height": 20,
            "resizeMode": "contain",
          }
        } />
    </View>
  </Image>
  <View
    style={
      Object {
        "flex": 1,
      }
    }>
    <ScrollView
      contentInset={
        Object {
          "bottom": 0,
          "top": 0,
        }
      }
      data={
        Array [
          Object {
            "createdAt": "2005-05-01T10:30:37.595Z",
            "id": "5528220",
            "likeCount": 9157,
            "no": 10,
            "preview": "http://localhost/static/preview/g3658.png",
            "viewCount": 2793,
          },
          Object {
            "createdAt": "1973-07-09T15:44:21.855Z",
            "id": "5700667",
            "likeCount": 81300,
            "no": 10,
            "preview": "http://localhost/static/preview/g3578.png",
            "viewCount": 187,
          },
          Object {
            "createdAt": "2012-06-02T23:16:51.821Z",
            "id": "1954296",
            "likeCount": 74096,
            "no": 9,
            "preview": "http://localhost/static/preview/g4842.png",
            "viewCount": 8468,
          },
          Object {
            "createdAt": "1979-11-14T09:54:06.575Z",
            "id": "4981091",
            "likeCount": 6408,
            "no": 7,
            "preview": "http://localhost/static/preview/g4642.png",
            "viewCount": 9495,
          },
          Object {
            "createdAt": "1997-08-23T17:06:30.194Z",
            "id": "493043",
            "likeCount": 2622,
            "no": 7,
            "preview": "http://localhost/static/preview/g1878.png",
            "viewCount": 3964,
          },
          Object {
            "createdAt": "2007-03-09T22:54:04.009Z",
            "id": "5597170",
            "likeCount": 96728,
            "no": 7,
            "preview": "http://localhost/static/preview/g3618.png",
            "viewCount": 2944,
          },
          Object {
            "createdAt": "1997-01-27T03:38:27.180Z",
            "id": "3553104",
            "likeCount": 90338,
            "no": 6,
            "preview": "http://localhost/static/preview/g3658.png",
            "viewCount": 7629,
          },
          Object {
            "createdAt": "2002-11-09T22:37:04.275Z",
            "id": "283066",
            "likeCount": 53884,
            "no": 6,
            "preview": "http://localhost/static/preview/g3618.png",
            "viewCount": 2888,
          },
          Object {
            "createdAt": "1971-09-20T11:26:06.878Z",
            "id": "7471217",
            "likeCount": 15335,
            "no": 5,
            "preview": "http://localhost/static/preview/g4602.png",
            "viewCount": 600,
          },
          Object {
            "createdAt": "2010-09-21T17:31:09.689Z",
            "id": "2986803",
            "likeCount": 89302,
            "no": 5,
            "preview": "http://localhost/static/preview/g3618.png",
            "viewCount": 8290,
          },
          Object {
            "createdAt": "2009-01-16T15:19:33.791Z",
            "id": "2699280",
            "likeCount": 1168,
            "no": 4,
            "preview": "http://localhost/static/preview/g3456.png",
            "viewCount": 9648,
          },
          Object {
            "createdAt": "1989-08-30T05:53:23.798Z",
            "id": "5736795",
            "likeCount": 32665,
            "no": 4,
            "preview": "http://localhost/static/preview/g3618.png",
            "viewCount": 1530,
          },
          Object {
            "createdAt": "1983-06-15T11:01:15.767Z",
            "id": "700816",
            "likeCount": 19196,
            "no": 3,
            "preview": "http://localhost/static/preview/g3456.png",
            "viewCount": 9326,
          },
          Object {
            "createdAt": "2010-06-07T15:33:35.694Z",
            "id": "2897601",
            "likeCount": 86354,
            "no": 3,
            "preview": "http://localhost/static/preview/g3376.png",
            "viewCount": 4270,
          },
          Object {
            "createdAt": "2002-11-19T08:48:05.733Z",
            "id": "5681005",
            "likeCount": 74383,
            "no": 3,
            "preview": "http://localhost/static/preview/g3376.png",
            "viewCount": 1522,
          },
          Object {
            "createdAt": "2002-12-20T19:08:04.046Z",
            "id": "4643116",
            "likeCount": 20858,
            "no": 2,
            "preview": "http://localhost/static/preview/g3618.png",
            "viewCount": 7539,
          },
          Object {
            "createdAt": "1999-08-03T07:31:32.833Z",
            "id": "5270582",
            "likeCount": 76459,
            "no": 1,
            "preview": "http://localhost/static/preview/g3578.png",
            "viewCount": 9085,
          },
          Object {
            "createdAt": "1986-05-19T03:38:57.699Z",
            "id": "4673927",
            "likeCount": 55133,
            "no": 1,
            "preview": "http://localhost/static/preview/g3618.png",
            "viewCount": 6909,
          },
          Object {
            "createdAt": "2005-07-27T12:06:33.523Z",
            "id": "9371903",
            "likeCount": 71299,
            "no": 1,
            "preview": "http://localhost/static/preview/g4602.png",
            "viewCount": 6164,
          },
          Object {
            "createdAt": "1970-03-22T05:37:18.851Z",
            "id": "7593488",
            "likeCount": 60633,
            "no": 1,
            "preview": "http://localhost/static/preview/g4642.png",
            "viewCount": 8139,
          },
        ]
      }
      dataSource={
        ListViewDataSource {
          "items": 20,
        }
      }
      initialListSize={1}
      minContentHeight={0}
      onContentSizeChange={[Function]}
      onEndReachedThreshold={1000}
      onKeyboardDidHide={undefined}
      onKeyboardDidShow={undefined}
      onKeyboardWillHide={undefined}
      onKeyboardWillShow={undefined}
      onLayout={[Function]}
      onScroll={[Function]}
      pageSize={1}
      removeClippedSubviews={true}
      renderEmptyList={null}
      renderFooter={[Function]}
      renderHeader={[Function]}
      renderRow={[Function]}
      renderSeparator={[Function]}
      scrollEventThrottle={50}
      scrollRenderAheadDistance={1000}
      stickyHeaderIndices={Array []}
      style={
        Object {
          "flex": 1,
          "paddingHorizontal": 10,
          "paddingVertical": 15,
        }
      }>
      <View
        style={
          Object {
            "width": undefined,
          }
        }>
        <View
          style={
            Object {
              "flexDirection": "row",
              "paddingVertical": 10,
            }
          }>
          <View
            style={
              Object {
                "flex": 3,
              }
            }>
            <View>
              <Text
                accessible={true}
                allowFontScaling={true}
                ellipsizeMode="tail"
                style={
                  Object {
                    "fontSize": 18,
                  }
                }>
                Fuga est placeat
              </Text>
              <Text
                accessible={true}
                allowFontScaling={true}
                ellipsizeMode="tail"
                style={
                  Object {
                    "color": "rgba(0, 0, 0, 0.3)",
                    "fontSize": 12,
                  }
                }>
                Favian Runolfsson
              </Text>
            </View>
          </View>
          <View
            style={
              Object {
                "paddingHorizontal": 5,
              }
            }>
            <View
              accessibilityComponentType={undefined}
              accessibilityLabel={undefined}
              accessibilityTraits={undefined}
              accessible={true}
              hitSlop={undefined}
              onLayout={undefined}
              onResponderGrant={[Function]}
              onResponderMove={[Function]}
              onResponderRelease={[Function]}
              onResponderTerminate={[Function]}
              onResponderTerminationRequest={[Function]}
              onStartShouldSetResponder={[Function]}
              style={
                Object {
                  "alignItems": "center",
                  "backgroundColor": "transparent",
                  "borderColor": "rgb(141, 227, 188)",
                  "borderRadius": 4,
                  "borderWidth": 1,
                  "flexDirection": "row",
                  "justifyContent": "center",
                  "opacity": 1,
                  "paddingHorizontal": 15,
                }
              }
              testID={undefined}>
              <Text
                accessible={true}
                allowFontScaling={true}
                ellipsizeMode="tail"
                style={
                  Array [
                    Object {
                      "fontSize": 12,
                    },
                    Object {
                      "color": "rgb(141, 227, 188)",
                    },
                    undefined,
                  ]
                }>
                ติดตาม
              </Text>
            </View>
          </View>
        </View>
        <View>
          <View
            style={Object {}}>
            <View>
              <Text
                accessible={true}
                allowFontScaling={true}
                ellipsizeMode="tail"
                numberOfLines={0}>
                Non alias magni corporis repellat ratione labore explicabo. Amet iure ut libero qui recusandae. Nulla quam ipsam nobis cupiditate quia dignissimos. Incidunt doloremque sed libero repudiandae esse blanditiis natus et. Itaque velit omnis et. Delectus et ipsam explicabo eligendi occaecati officiis et. Eum dicta eum ipsa ad ipsum veritatis debitis libero. Deserunt quam tempore a. Provident velit eligendi nostrum ipsam qui. Dolor fugiat velit voluptatem aperiam placeat fuga maiores. Placeat ullam veniam ducimus temporibus modi odit architecto. Totam et aspernatur exercitationem ut quis. Magni cupiditate voluptatem dicta. Repudiandae non voluptates ut ullam quos qui illo. Sunt laborum ratione tenetur officia voluptatem cumque. Aut provident esse hic eligendi. Esse ut ab voluptas sed quae. Qui sint autem earum doloremque qui aut ut. Eos ducimus qui necessitatibus aut vel in. Dolorem et molestiae commodi ut sunt placeat.
              </Text>
            </View>
          </View>
        </View>
        <View>
          <View
            style={
              Object {
                "paddingHorizontal": 40,
                "paddingVertical": 15,
              }
            }>
            <View
              accessibilityComponentType={undefined}
              accessibilityLabel={undefined}
              accessibilityTraits={undefined}
              accessible={true}
              hitSlop={undefined}
              onLayout={undefined}
              onResponderGrant={[Function]}
              onResponderMove={[Function]}
              onResponderRelease={[Function]}
              onResponderTerminate={[Function]}
              onResponderTerminationRequest={[Function]}
              onStartShouldSetResponder={[Function]}
              style={
                Object {
                  "alignItems": "center",
                  "backgroundColor": "rgba(0, 0, 0, 0.8)",
                  "borderRadius": 4,
                  "flexDirection": "row",
                  "justifyContent": "center",
                  "opacity": 1,
                  "paddingHorizontal": 15,
                  "paddingVertical": 5,
                }
              }
              testID={undefined}>
              <Text
                accessible={true}
                allowFontScaling={true}
                ellipsizeMode="tail"
                style={
                  Array [
                    Object {
                      "fontSize": 12,
                    },
                    Object {
                      "color": "white",
                    },
                    Object {
                      "fontSize": 25,
                    },
                  ]
                }>
                เริ่มอ่านตอนที่ 1
              </Text>
            </View>
          </View>
        </View>
      </View>
      <View>
        <View
          style={
            Object {
              "alignItems": "center",
              "flexDirection": "row",
              "paddingLeft": 5,
              "paddingVertical": 8,
            }
          }>
          <View
            style={
              Object {
                "width": 60,
              }
            }>
            <View
              style={
                Object {
                  "height": 50,
                  "width": 50,
                }
              }>
              <View
                style={
                  Object {
                    "backgroundColor": "rgba(0, 0, 0, 0)",
                    "borderRadius": 25,
                    "height": 50,
                    "left": -0,
                    "position": "absolute",
                    "top": -0,
                    "width": 50,
                  }
                } />
              <Image
                size={50}
                source={
                  Object {
                    "uri": "http://localhost/static/preview/g3658.png",
                  }
                }
                style={
                  Array [
                    Object {
                      "borderRadius": 25,
                      "height": 50,
                      "width": 50,
                    },
                    undefined,
                  ]
                } />
              <View
                style={
                  Object {
                    "height": 50,
                    "left": 0,
                    "position": "absolute",
                    "top": 0,
                    "width": 50,
                  }
                } />
            </View>
          </View>
          <View
            style={
              Object {
                "width": 180,
              }
            }>
            <View
              style={
                Object {
                  "alignItems": "center",
                  "flex": 1,
                  "flexDirection": "row",
                }
              }>
              <View
                style={
                  Object {
                    "alignItems": "center",
                    "flexDirection": "row",
                  }
                }>
                <Text
                  accessible={true}
                  allowFontScaling={true}
                  ellipsizeMode="tail"
                  style={
                    Object {
                      "fontSize": 16,
                      "fontWeight": "bold",
                    }
                  }>
                  ตอนที่ 
                </Text>
                <Text
                  accessible={true}
                  allowFontScaling={true}
                  ellipsizeMode="tail"
                  style={
                    Object {
                      "fontSize": 16,
                      "fontWeight": "bold",
                    }
                  }>
                  10
                </Text>
              </View>
              <View
                style={Object {}}>
                <Text
                  accessible={true}
                  allowFontScaling={true}
                  ellipsizeMode="tail"
                  style={
                    Object {
                      "color": "rgba(0, 0, 0, 0.3)",
                      "fontSize": 10,
                      "paddingLeft": 5,
                    }
                  }>
                  May 1
                </Text>
              </View>
            </View>
            <View
              style={
                Object {
                  "alignItems": "center",
                  "flex": 1,
                  "flexDirection": "row",
                }
              }>
              <View
                style={
                  Object {
                    "alignItems": "center",
                    "flex": 3,
                    "flexDirection": "row",
                  }
                }>
                <Image
                  source={1}
                  style={
                    Object {
                      "borderRadius": 4,
                      "height": 20,
                      "resizeMode": "contain",
                      "width": 20,
                    }
                  } />
                <Text
                  accessible={true}
                  allowFontScaling={true}
                  ellipsizeMode="tail"
                  style={
                    Object {
                      "color": "rgba(0, 0, 0, 0.3)",
                      "fontSize": 12,
                      "paddingLeft": 5,
                    }
                  }>
                  ดู 
                  2,793
                   ครั้ง
                </Text>
              </View>
              <View
                style={
                  Object {
                    "alignItems": "center",
                    "flex": 4,
                    "flexDirection": "row",
                  }
                }>
                <Image
                  source={1}
                  style={
                    Object {
                      "borderRadius": 4,
                      "height": 15,
                      "marginLeft": 20,
                      "resizeMode": "contain",
                      "width": 15,
                    }
                  } />
                <Text
                  accessible={true}
                  allowFontScaling={true}
                  ellipsizeMode="tail"
                  style={
                    Object {
                      "color": "rgba(0, 0, 0, 0.3)",
                      "fontSize": 12,
                      "paddingLeft": 5,
                    }
                  }>
                  9,157
                   Like
                </Text>
              </View>
            </View>
          </View>
          <View
            style={
              Object {
                "alignItems": "flex-end",
                "flex": 1,
                "paddingRight": 45.5,
              }
            }>
            <View
              accessibilityComponentType={undefined}
              accessibilityLabel={undefined}
              accessibilityTraits={undefined}
              accessible={true}
              hitSlop={undefined}
              onLayout={undefined}
              onResponderGrant={[Function]}
              onResponderMove={[Function]}
              onResponderRelease={[Function]}
              onResponderTerminate={[Function]}
              onResponderTerminationRequest={[Function]}
              onStartShouldSetResponder={[Function]}
              style={
                Object {
                  "alignItems": "center",
                  "backgroundColor": "rgba(0, 0, 0, 0.8)",
                  "borderRadius": 4,
                  "flexDirection": "row",
                  "justifyContent": "center",
                  "opacity": 1,
                  "paddingHorizontal": 15,
                  "paddingVertical": 1,
                  "width": 55,
                }
              }
              testID={undefined}>
              <Text
                accessible={true}
                allowFontScaling={true}
                ellipsizeMode="tail"
                style={
                  Array [
                    Object {
                      "fontSize": 12,
                    },
                    Object {
                      "color": "white",
                    },
                    undefined,
                  ]
                }>
                อ่าน
              </Text>
            </View>
          </View>
        </View>
      </View>
      <View
        style={
          Object {
            "backgroundColor": "#eeeeee",
            "height": 1,
          }
        } />
    </ScrollView>
  </View>
  <View
    style={
      Object {
        "alignItems": "center",
        "flexDirection": "row",
        "height": 45,
      }
    }>
    <View
      accessibilityComponentType={undefined}
      accessibilityLabel={undefined}
      accessibilityTraits={undefined}
      accessible={true}
      hitSlop={undefined}
      onLayout={undefined}
      onResponderGrant={[Function]}
      onResponderMove={[Function]}
      onResponderRelease={[Function]}
      onResponderTerminate={[Function]}
      onResponderTerminationRequest={[Function]}
      onStartShouldSetResponder={[Function]}
      style={
        Object {
          "alignItems": "center",
          "flex": 1,
          "opacity": 1,
        }
      }
      testID={undefined}>
      <Image
        source={1}
        style={
          Object {
            "height": 25,
            "resizeMode": "contain",
          }
        } />
    </View>
    <View
      accessibilityComponentType={undefined}
      accessibilityLabel={undefined}
      accessibilityTraits={undefined}
      accessible={true}
      hitSlop={undefined}
      onLayout={undefined}
      onResponderGrant={[Function]}
      onResponderMove={[Function]}
      onResponderRelease={[Function]}
      onResponderTerminate={[Function]}
      onResponderTerminationRequest={[Function]}
      onStartShouldSetResponder={[Function]}
      style={
        Object {
          "alignItems": "center",
          "flex": 1.6,
          "flexDirection": "row",
          "justifyContent": "center",
          "opacity": 1,
        }
      }
      testID={undefined}>
      <Image
        source={1}
        style={
          Object {
            "height": 25,
            "resizeMode": "contain",
          }
        } />
      <Text
        accessible={true}
        allowFontScaling={true}
        ellipsizeMode="tail"
        style={
          Object {
            "color": "rgba(0, 0, 0, 0.3)",
          }
        }>
        7,260
      </Text>
    </View>
    <View
      accessibilityComponentType={undefined}
      accessibilityLabel={undefined}
      accessibilityTraits={undefined}
      accessible={true}
      hitSlop={undefined}
      onLayout={undefined}
      onResponderGrant={[Function]}
      onResponderMove={[Function]}
      onResponderRelease={[Function]}
      onResponderTerminate={[Function]}
      onResponderTerminationRequest={[Function]}
      onStartShouldSetResponder={[Function]}
      style={
        Object {
          "alignItems": "center",
          "flex": 1.6,
          "flexDirection": "row",
          "justifyContent": "center",
          "opacity": 1,
        }
      }
      testID={undefined}>
      <Image
        source={1}
        style={
          Object {
            "height": 25,
            "resizeMode": "contain",
          }
        } />
      <Text
        accessible={true}
        allowFontScaling={true}
        ellipsizeMode="tail"
        style={
          Object {
            "color": "rgba(0, 0, 0, 0.3)",
          }
        }>
        883k
      </Text>
    </View>
    <View
      accessibilityComponentType={undefined}
      accessibilityLabel={undefined}
      accessibilityTraits={undefined}
      accessible={true}
      hitSlop={undefined}
      onLayout={undefined}
      onResponderGrant={[Function]}
      onResponderMove={[Function]}
      onResponderRelease={[Function]}
      onResponderTerminate={[Function]}
      onResponderTerminationRequest={[Function]}
      onStartShouldSetResponder={[Function]}
      style={
        Object {
          "alignItems": "center",
          "flex": 1,
          "opacity": 1,
        }
      }
      testID={undefined}>
      <Image
        source={1}
        style={
          Object {
            "height": 25,
            "resizeMode": "contain",
          }
        } />
    </View>
    <View
      accessibilityComponentType={undefined}
      accessibilityLabel={undefined}
      accessibilityTraits={undefined}
      accessible={true}
      hitSlop={undefined}
      onLayout={undefined}
      onResponderGrant={[Function]}
      onResponderMove={[Function]}
      onResponderRelease={[Function]}
      onResponderTerminate={[Function]}
      onResponderTerminationRequest={[Function]}
      onStartShouldSetResponder={[Function]}
      style={
        Object {
          "alignItems": "center",
          "flex": 1,
          "opacity": 1,
        }
      }
      testID={undefined}>
      <Image
        source={1}
        style={
          Object {
            "height": 25,
            "resizeMode": "contain",
          }
        } />
    </View>
  </View>
</View>
`;
