exports[`Shelf.EditorListView render 1`] = `
<View
  style={
    Object {
      "backgroundColor": "rgb(250, 250, 250)",
      "flex": 1,
    }
  }>
  <View
    style={
      Array [
        Object {
          "alignItems": "center",
          "backgroundColor": "white",
          "flexDirection": "row",
          "height": 60,
          "justifyContent": "space-between",
          "paddingTop": 15,
          "width": 750,
        },
        Object {
          "backgroundColor": "rgb(0, 150, 253)",
        },
      ]
    }>
    <View
      style={
        Array [
          Object {
            "alignItems": "flex-start",
            "flex": 1,
            "paddingLeft": 10,
          },
          undefined,
        ]
      }>
      <View
        accessibilityComponentType={undefined}
        accessibilityLabel={undefined}
        accessibilityTraits={undefined}
        accessible={true}
        hitSlop={undefined}
        onLayout={undefined}
        onResponderGrant={[Function]}
        onResponderMove={[Function]}
        onResponderRelease={[Function]}
        onResponderTerminate={[Function]}
        onResponderTerminationRequest={[Function]}
        onStartShouldSetResponder={[Function]}
        style={
          Object {
            "opacity": 1,
          }
        }
        testID={undefined}>
        <Image
          source={1}
          style={
            Object {
              "height": 20,
              "resizeMode": "contain",
            }
          } />
      </View>
    </View>
    <View
      style={
        Array [
          Object {
            "alignItems": "center",
            "flex": 4,
          },
          undefined,
        ]
      }>
      <Text
        accessible={true}
        allowFontScaling={true}
        ellipsizeMode="tail"
        style={
          Array [
            Object {
              "fontSize": 22,
              "fontWeight": "bold",
            },
            Object {
              "color": "white",
              "fontSize": 18,
            },
          ]
        }>
        Editor Diary Clog
      </Text>
    </View>
    <View
      style={
        Array [
          Object {
            "alignItems": "flex-end",
            "flex": 1,
            "paddingRight": 10,
          },
          undefined,
        ]
      }>
      <View
        accessibilityComponentType={undefined}
        accessibilityLabel={undefined}
        accessibilityTraits={undefined}
        accessible={true}
        hitSlop={undefined}
        onLayout={undefined}
        onResponderGrant={[Function]}
        onResponderMove={[Function]}
        onResponderRelease={[Function]}
        onResponderTerminate={[Function]}
        onResponderTerminationRequest={[Function]}
        onStartShouldSetResponder={[Function]}
        style={
          Object {
            "opacity": 1,
          }
        }
        testID={undefined}>
        <Image
          source={1}
          style={
            Object {
              "height": 20,
              "resizeMode": "contain",
            }
          } />
      </View>
    </View>
  </View>
  <ScrollView
    contentInset={
      Object {
        "bottom": 0,
        "top": 0,
      }
    }
    data={
      Array [
        Object {
          "clogCount": 933,
          "clogs": Array [
            Object {
              "category": "D",
              "id": "3963133",
              "preview": "http://localhost/static/preview/g3578.png",
              "title": "Voluptatum non",
            },
            Object {
              "category": "N",
              "id": "3976113",
              "preview": "http://localhost/static/preview/g4722.png",
              "title": "Voluptatem consequatur",
            },
            Object {
              "category": "G",
              "id": "2739004",
              "preview": "http://localhost/static/preview/g3336.png",
              "title": "Id qui",
            },
            Object {
              "category": "M",
              "id": "7035170",
              "preview": "http://localhost/static/preview/g4762.png",
              "title": "Est architecto",
            },
            Object {
              "category": "D",
              "id": "6800192",
              "preview": "http://localhost/static/preview/g4762.png",
              "title": "Suscipit ducimus",
            },
          ],
          "followingCount": 2,
          "id": "198802",
          "isFollowing": true,
          "name": "Zion Reilly",
          "profilePicture": "http://localhost/static/preview/g4762.png",
        },
        Object {
          "clogCount": 237,
          "clogs": Array [
            Object {
              "category": "M",
              "id": "8859980",
              "preview": "http://localhost/static/preview/g3336.png",
              "title": "Et maiores",
            },
            Object {
              "category": "D",
              "id": "7626321",
              "preview": "http://localhost/static/preview/g4802.png",
              "title": "Doloremque enim",
            },
            Object {
              "category": "M",
              "id": "2821395",
              "preview": "http://localhost/static/preview/g3376.png",
              "title": "Corrupti non accusamus",
            },
            Object {
              "category": "G",
              "id": "994407",
              "preview": "http://localhost/static/preview/g4722.png",
              "title": "Nostrum numquam",
            },
            Object {
              "category": "G",
              "id": "4214065",
              "preview": "http://localhost/static/preview/g3376.png",
              "title": "Dolorum asperiores dolor",
            },
          ],
          "followingCount": 924,
          "id": "6100651",
          "isFollowing": true,
          "name": "Zoila Considine",
          "profilePicture": "http://localhost/static/preview/g3578.png",
        },
        Object {
          "clogCount": 670,
          "clogs": Array [
            Object {
              "category": "N",
              "id": "8032082",
              "preview": "http://localhost/static/preview/g3618.png",
              "title": "Reprehenderit quis",
            },
            Object {
              "category": "G",
              "id": "3770310",
              "preview": "http://localhost/static/preview/g4722.png",
              "title": "Eum repellat sequi",
            },
            Object {
              "category": "N",
              "id": "8943568",
              "preview": "http://localhost/static/preview/g4722.png",
              "title": "Omnis nostrum",
            },
            Object {
              "category": "M",
              "id": "253388",
              "preview": "http://localhost/static/preview/g3376.png",
              "title": "Aspernatur nisi facilis",
            },
            Object {
              "category": "M",
              "id": "3605749",
              "preview": "http://localhost/static/preview/g4722.png",
              "title": "Unde a",
            },
          ],
          "followingCount": 3968,
          "id": "5136600",
          "isFollowing": false,
          "name": "Gilbert Heaney",
          "profilePicture": "http://localhost/static/preview/g4802.png",
        },
        Object {
          "clogCount": 314,
          "clogs": Array [
            Object {
              "category": "M",
              "id": "5533440",
              "preview": "http://localhost/static/preview/g3336.png",
              "title": "Aut vel rerum",
            },
            Object {
              "category": "M",
              "id": "9042306",
              "preview": "http://localhost/static/preview/g4602.png",
              "title": "Corporis molestias voluptas",
            },
            Object {
              "category": "M",
              "id": "8464484",
              "preview": "http://localhost/static/preview/g3618.png",
              "title": "Quis sed",
            },
            Object {
              "category": "N",
              "id": "242924",
              "preview": "http://localhost/static/preview/g1878.png",
              "title": "Aut architecto",
            },
            Object {
              "category": "N",
              "id": "9223086",
              "preview": "http://localhost/static/preview/g3578.png",
              "title": "Dolores natus at",
            },
          ],
          "followingCount": 6853,
          "id": "8889235",
          "isFollowing": false,
          "name": "Roscoe Jerde",
          "profilePicture": "http://localhost/static/preview/g3336.png",
        },
        Object {
          "clogCount": 230,
          "clogs": Array [
            Object {
              "category": "M",
              "id": "7396801",
              "preview": "http://localhost/static/preview/g4602.png",
              "title": "Sint quia expedita",
            },
            Object {
              "category": "G",
              "id": "2498586",
              "preview": "http://localhost/static/preview/g4842.png",
              "title": "Et recusandae rerum",
            },
            Object {
              "category": "G",
              "id": "5754271",
              "preview": "http://localhost/static/preview/g4602.png",
              "title": "Omnis quod voluptates",
            },
            Object {
              "category": "G",
              "id": "6911228",
              "preview": "http://localhost/static/preview/g4642.png",
              "title": "Corporis quis",
            },
            Object {
              "category": "D",
              "id": "8813951",
              "preview": "http://localhost/static/preview/g3336.png",
              "title": "Iste est",
            },
          ],
          "followingCount": 275,
          "id": "242815",
          "isFollowing": false,
          "name": "Imogene Thiel",
          "profilePicture": "http://localhost/static/preview/g3336.png",
        },
        Object {
          "clogCount": 458,
          "clogs": Array [
            Object {
              "category": "G",
              "id": "1929744",
              "preview": "http://localhost/static/preview/g3376.png",
              "title": "Error sunt",
            },
            Object {
              "category": "N",
              "id": "4840441",
              "preview": "http://localhost/static/preview/g4722.png",
              "title": "Doloribus magni voluptas",
            },
            Object {
              "category": "G",
              "id": "4976379",
              "preview": "http://localhost/static/preview/g4762.png",
              "title": "Commodi aut nihil",
            },
            Object {
              "category": "M",
              "id": "785171",
              "preview": "http://localhost/static/preview/g4722.png",
              "title": "Ullam voluptatem",
            },
            Object {
              "category": "G",
              "id": "264021",
              "preview": "http://localhost/static/preview/g4802.png",
              "title": "Quaerat asperiores",
            },
          ],
          "followingCount": 5587,
          "id": "3810490",
          "isFollowing": true,
          "name": "Tatum Jenkins",
          "profilePicture": "http://localhost/static/preview/g4602.png",
        },
        Object {
          "clogCount": 779,
          "clogs": Array [
            Object {
              "category": "M",
              "id": "6042674",
              "preview": "http://localhost/static/preview/g4762.png",
              "title": "Ut doloribus aut",
            },
            Object {
              "category": "M",
              "id": "8843846",
              "preview": "http://localhost/static/preview/g4762.png",
              "title": "Id autem in",
            },
            Object {
              "category": "D",
              "id": "7421449",
              "preview": "http://localhost/static/preview/g3336.png",
              "title": "Eius excepturi",
            },
            Object {
              "category": "M",
              "id": "559534",
              "preview": "http://localhost/static/preview/g4802.png",
              "title": "Fugiat quis",
            },
            Object {
              "category": "D",
              "id": "1965240",
              "preview": "http://localhost/static/preview/g4722.png",
              "title": "Sunt dolor dolorem",
            },
          ],
          "followingCount": 8008,
          "id": "2800605",
          "isFollowing": false,
          "name": "Trevor Donnelly",
          "profilePicture": "http://localhost/static/preview/g4802.png",
        },
        Object {
          "clogCount": 94,
          "clogs": Array [
            Object {
              "category": "N",
              "id": "3446433",
              "preview": "http://localhost/static/preview/g4802.png",
              "title": "Ut excepturi est",
            },
            Object {
              "category": "G",
              "id": "4256543",
              "preview": "http://localhost/static/preview/g1878.png",
              "title": "Aspernatur similique libero",
            },
            Object {
              "category": "G",
              "id": "2596218",
              "preview": "http://localhost/static/preview/g4642.png",
              "title": "Voluptates alias",
            },
            Object {
              "category": "G",
              "id": "205892",
              "preview": "http://localhost/static/preview/g3376.png",
              "title": "Id laboriosam molestiae",
            },
            Object {
              "category": "D",
              "id": "7830630",
              "preview": "http://localhost/static/preview/g1878.png",
              "title": "Reiciendis eveniet dolorem",
            },
          ],
          "followingCount": 6924,
          "id": "8513076",
          "isFollowing": false,
          "name": "Priscilla Hagenes",
          "profilePicture": "http://localhost/static/preview/g3456.png",
        },
        Object {
          "clogCount": 829,
          "clogs": Array [
            Object {
              "category": "M",
              "id": "9153864",
              "preview": "http://localhost/static/preview/g4602.png",
              "title": "Pariatur sed officia",
            },
            Object {
              "category": "G",
              "id": "7044938",
              "preview": "http://localhost/static/preview/g4602.png",
              "title": "Dolores iure fugiat",
            },
            Object {
              "category": "G",
              "id": "4325393",
              "preview": "http://localhost/static/preview/g3578.png",
              "title": "Quibusdam consequatur reiciendis",
            },
            Object {
              "category": "D",
              "id": "1893628",
              "preview": "http://localhost/static/preview/g3336.png",
              "title": "Rerum eum repudiandae",
            },
            Object {
              "category": "G",
              "id": "6893140",
              "preview": "http://localhost/static/preview/g3456.png",
              "title": "Dolores dignissimos",
            },
          ],
          "followingCount": 851,
          "id": "4934585",
          "isFollowing": false,
          "name": "Samanta Tremblay",
          "profilePicture": "http://localhost/static/preview/g3376.png",
        },
        Object {
          "clogCount": 60,
          "clogs": Array [
            Object {
              "category": "M",
              "id": "3409216",
              "preview": "http://localhost/static/preview/g1878.png",
              "title": "Quam tempore",
            },
            Object {
              "category": "M",
              "id": "5021684",
              "preview": "http://localhost/static/preview/g4762.png",
              "title": "Doloremque officia",
            },
            Object {
              "category": "G",
              "id": "7921940",
              "preview": "http://localhost/static/preview/g4642.png",
              "title": "Iure occaecati est",
            },
            Object {
              "category": "M",
              "id": "4870896",
              "preview": "http://localhost/static/preview/g3456.png",
              "title": "Enim quisquam",
            },
            Object {
              "category": "N",
              "id": "2400771",
              "preview": "http://localhost/static/preview/g3456.png",
              "title": "Est qui et",
            },
          ],
          "followingCount": 8782,
          "id": "7371525",
          "isFollowing": false,
          "name": "Dorian Cummings",
          "profilePicture": "http://localhost/static/preview/g4602.png",
        },
        Object {
          "clogCount": 672,
          "clogs": Array [
            Object {
              "category": "G",
              "id": "8002360",
              "preview": "http://localhost/static/preview/g3336.png",
              "title": "Excepturi rerum ea",
            },
            Object {
              "category": "M",
              "id": "3234483",
              "preview": "http://localhost/static/preview/g4642.png",
              "title": "Inventore quaerat suscipit",
            },
            Object {
              "category": "G",
              "id": "5720975",
              "preview": "http://localhost/static/preview/g3376.png",
              "title": "Hic ullam rerum",
            },
            Object {
              "category": "M",
              "id": "9058341",
              "preview": "http://localhost/static/preview/g3456.png",
              "title": "Molestiae similique",
            },
            Object {
              "category": "G",
              "id": "5705869",
              "preview": "http://localhost/static/preview/g3578.png",
              "title": "Mollitia iste atque",
            },
          ],
          "followingCount": 9579,
          "id": "4248320",
          "isFollowing": true,
          "name": "Larue Jewess",
          "profilePicture": "http://localhost/static/preview/g3658.png",
        },
        Object {
          "clogCount": 290,
          "clogs": Array [
            Object {
              "category": "M",
              "id": "8474385",
              "preview": "http://localhost/static/preview/g4602.png",
              "title": "Qui cupiditate impedit",
            },
            Object {
              "category": "D",
              "id": "3581464",
              "preview": "http://localhost/static/preview/g3336.png",
              "title": "Eos vero optio",
            },
            Object {
              "category": "M",
              "id": "5096250",
              "preview": "http://localhost/static/preview/g4722.png",
              "title": "At commodi corrupti",
            },
            Object {
              "category": "G",
              "id": "2300506",
              "preview": "http://localhost/static/preview/g3376.png",
              "title": "Explicabo numquam",
            },
            Object {
              "category": "M",
              "id": "9732462",
              "preview": "http://localhost/static/preview/g4802.png",
              "title": "Et consectetur",
            },
          ],
          "followingCount": 3156,
          "id": "9140036",
          "isFollowing": true,
          "name": "Clinton Powlowski",
          "profilePicture": "http://localhost/static/preview/g4802.png",
        },
        Object {
          "clogCount": 413,
          "clogs": Array [
            Object {
              "category": "N",
              "id": "7635160",
              "preview": "http://localhost/static/preview/g4642.png",
              "title": "Vel hic quisquam",
            },
            Object {
              "category": "G",
              "id": "9955984",
              "preview": "http://localhost/static/preview/g3376.png",
              "title": "Sed ipsum iusto",
            },
            Object {
              "category": "G",
              "id": "458874",
              "preview": "http://localhost/static/preview/g3336.png",
              "title": "Aut commodi",
            },
            Object {
              "category": "M",
              "id": "120287",
              "preview": "http://localhost/static/preview/g4642.png",
              "title": "Placeat neque et",
            },
            Object {
              "category": "M",
              "id": "9440065",
              "preview": "http://localhost/static/preview/g1878.png",
              "title": "Quibusdam quidem at",
            },
          ],
          "followingCount": 184,
          "id": "8439592",
          "isFollowing": true,
          "name": "Otis Smith",
          "profilePicture": "http://localhost/static/preview/g3336.png",
        },
        Object {
          "clogCount": 661,
          "clogs": Array [
            Object {
              "category": "D",
              "id": "31857",
              "preview": "http://localhost/static/preview/g4722.png",
              "title": "Earum vel neque",
            },
            Object {
              "category": "G",
              "id": "1813320",
              "preview": "http://localhost/static/preview/g4762.png",
              "title": "Deserunt dolore sapiente",
            },
            Object {
              "category": "M",
              "id": "8374572",
              "preview": "http://localhost/static/preview/g4762.png",
              "title": "Sed architecto",
            },
            Object {
              "category": "N",
              "id": "9749081",
              "preview": "http://localhost/static/preview/g3578.png",
              "title": "Odit dolores",
            },
            Object {
              "category": "N",
              "id": "2672063",
              "preview": "http://localhost/static/preview/g3456.png",
              "title": "Ut odio",
            },
          ],
          "followingCount": 7482,
          "id": "4582214",
          "isFollowing": true,
          "name": "Lindsay Yundt",
          "profilePicture": "http://localhost/static/preview/g4602.png",
        },
        Object {
          "clogCount": 223,
          "clogs": Array [
            Object {
              "category": "M",
              "id": "9515267",
              "preview": "http://localhost/static/preview/g4762.png",
              "title": "Enim sapiente nemo",
            },
            Object {
              "category": "M",
              "id": "4278788",
              "preview": "http://localhost/static/preview/g3658.png",
              "title": "Mollitia qui",
            },
            Object {
              "category": "N",
              "id": "582278",
              "preview": "http://localhost/static/preview/g4762.png",
              "title": "Et quibusdam minima",
            },
            Object {
              "category": "M",
              "id": "5707493",
              "preview": "http://localhost/static/preview/g4722.png",
              "title": "Eaque aliquam",
            },
            Object {
              "category": "G",
              "id": "2010280",
              "preview": "http://localhost/static/preview/g3658.png",
              "title": "Iste vel",
            },
          ],
          "followingCount": 1033,
          "id": "4107837",
          "isFollowing": true,
          "name": "Isabella Schiller",
          "profilePicture": "http://localhost/static/preview/g4762.png",
        },
        Object {
          "clogCount": 97,
          "clogs": Array [
            Object {
              "category": "N",
              "id": "5394410",
              "preview": "http://localhost/static/preview/g4602.png",
              "title": "Temporibus natus",
            },
            Object {
              "category": "G",
              "id": "7539857",
              "preview": "http://localhost/static/preview/g1878.png",
              "title": "Sit omnis sit",
            },
            Object {
              "category": "N",
              "id": "1079324",
              "preview": "http://localhost/static/preview/g3376.png",
              "title": "Sed aut laboriosam",
            },
            Object {
              "category": "D",
              "id": "6808473",
              "preview": "http://localhost/static/preview/g4762.png",
              "title": "Nostrum maiores",
            },
            Object {
              "category": "D",
              "id": "2326144",
              "preview": "http://localhost/static/preview/g3618.png",
              "title": "Ut consequuntur unde",
            },
          ],
          "followingCount": 2937,
          "id": "8006844",
          "isFollowing": false,
          "name": "Janelle Upton",
          "profilePicture": "http://localhost/static/preview/g3618.png",
        },
        Object {
          "clogCount": 525,
          "clogs": Array [
            Object {
              "category": "G",
              "id": "8224079",
              "preview": "http://localhost/static/preview/g3658.png",
              "title": "Dolorem et dolor",
            },
            Object {
              "category": "M",
              "id": "8764864",
              "preview": "http://localhost/static/preview/g4802.png",
              "title": "Dolore assumenda",
            },
            Object {
              "category": "G",
              "id": "4827383",
              "preview": "http://localhost/static/preview/g4642.png",
              "title": "Autem provident aut",
            },
            Object {
              "category": "N",
              "id": "8456061",
              "preview": "http://localhost/static/preview/g4722.png",
              "title": "Accusantium pariatur",
            },
            Object {
              "category": "G",
              "id": "6035660",
              "preview": "http://localhost/static/preview/g3658.png",
              "title": "Voluptatem qui doloribus",
            },
          ],
          "followingCount": 195,
          "id": "7435132",
          "isFollowing": true,
          "name": "Blake Christiansen",
          "profilePicture": "http://localhost/static/preview/g4602.png",
        },
        Object {
          "clogCount": 911,
          "clogs": Array [
            Object {
              "category": "G",
              "id": "3856847",
              "preview": "http://localhost/static/preview/g4642.png",
              "title": "Saepe non",
            },
            Object {
              "category": "G",
              "id": "8748077",
              "preview": "http://localhost/static/preview/g4762.png",
              "title": "Est ut",
            },
            Object {
              "category": "M",
              "id": "2136529",
              "preview": "http://localhost/static/preview/g3376.png",
              "title": "Nisi doloribus magni",
            },
            Object {
              "category": "M",
              "id": "1158768",
              "preview": "http://localhost/static/preview/g3578.png",
              "title": "Praesentium cupiditate fugiat",
            },
            Object {
              "category": "M",
              "id": "9875058",
              "preview": "http://localhost/static/preview/g4802.png",
              "title": "Doloribus quidem enim",
            },
          ],
          "followingCount": 2656,
          "id": "5014189",
          "isFollowing": true,
          "name": "Terence Effertz",
          "profilePicture": "http://localhost/static/preview/g3376.png",
        },
        Object {
          "clogCount": 566,
          "clogs": Array [
            Object {
              "category": "G",
              "id": "2720455",
              "preview": "http://localhost/static/preview/g4642.png",
              "title": "Vitae repudiandae",
            },
            Object {
              "category": "M",
              "id": "1296296",
              "preview": "http://localhost/static/preview/g4762.png",
              "title": "Non temporibus quasi",
            },
            Object {
              "category": "M",
              "id": "3576891",
              "preview": "http://localhost/static/preview/g3618.png",
              "title": "Sunt consequatur debitis",
            },
            Object {
              "category": "D",
              "id": "3982532",
              "preview": "http://localhost/static/preview/g4842.png",
              "title": "Aut rerum",
            },
            Object {
              "category": "D",
              "id": "7313868",
              "preview": "http://localhost/static/preview/g3578.png",
              "title": "Odio vel consequatur",
            },
          ],
          "followingCount": 5742,
          "id": "3206267",
          "isFollowing": false,
          "name": "Krystina Becker",
          "profilePicture": "http://localhost/static/preview/g4602.png",
        },
        Object {
          "clogCount": 262,
          "clogs": Array [
            Object {
              "category": "G",
              "id": "7874885",
              "preview": "http://localhost/static/preview/g3578.png",
              "title": "Architecto ea",
            },
            Object {
              "category": "G",
              "id": "1046057",
              "preview": "http://localhost/static/preview/g3376.png",
              "title": "Autem et",
            },
            Object {
              "category": "G",
              "id": "5830679",
              "preview": "http://localhost/static/preview/g3578.png",
              "title": "Soluta libero officiis",
            },
            Object {
              "category": "G",
              "id": "303647",
              "preview": "http://localhost/static/preview/g4642.png",
              "title": "Est placeat et",
            },
            Object {
              "category": "G",
              "id": "6203829",
              "preview": "http://localhost/static/preview/g3456.png",
              "title": "Illo dolorem",
            },
          ],
          "followingCount": 6998,
          "id": "9168630",
          "isFollowing": true,
          "name": "Verlie McCullough",
          "profilePicture": "http://localhost/static/preview/g4722.png",
        },
      ]
    }
    dataSource={
      ListViewDataSource {
        "items": 20,
      }
    }
    initialListSize={1}
    minContentHeight={0}
    onContentSizeChange={[Function]}
    onEndReachedThreshold={1000}
    onKeyboardDidHide={undefined}
    onKeyboardDidShow={undefined}
    onKeyboardWillHide={undefined}
    onKeyboardWillShow={undefined}
    onLayout={[Function]}
    onScroll={[Function]}
    pageSize={1}
    removeClippedSubviews={true}
    renderEmptyList={null}
    renderFooter={[Function]}
    renderRow={[Function]}
    renderSeparator={[Function]}
    scrollEventThrottle={50}
    scrollRenderAheadDistance={1000}
    stickyHeaderIndices={Array []}>
    <View
      style={
        Object {
          "alignItems": "center",
          "flex": 1,
          "flexDirection": "row",
          "paddingHorizontal": 10,
          "paddingVertical": 10,
        }
      }>
      <View
        accessibilityComponentType={undefined}
        accessibilityLabel={undefined}
        accessibilityTraits={undefined}
        accessible={true}
        hitSlop={undefined}
        onLayout={undefined}
        onResponderGrant={[Function]}
        onResponderMove={[Function]}
        onResponderRelease={[Function]}
        onResponderTerminate={[Function]}
        onResponderTerminationRequest={[Function]}
        onStartShouldSetResponder={[Function]}
        style={
          Object {
            "opacity": 1,
          }
        }
        testID={undefined}>
        <View
          style={
            Object {
              "height": 100,
              "width": 100,
            }
          }>
          <View
            style={
              Object {
                "backgroundColor": "rgba(255, 255, 255, 1)",
                "borderRadius": 52.5,
                "height": 105,
                "left": -2.5,
                "position": "absolute",
                "top": -2.5,
                "width": 105,
              }
            } />
          <Image
            shadowColor="rgba(255, 255, 255, 1)"
            shadowRadius={5}
            size={100}
            source={
              Object {
                "uri": "http://localhost/static/preview/g4762.png",
              }
            }
            style={
              Array [
                Object {
                  "borderRadius": 50,
                  "height": 100,
                  "width": 100,
                },
                undefined,
              ]
            } />
          <View
            style={
              Object {
                "height": 100,
                "left": 0,
                "position": "absolute",
                "top": 0,
                "width": 100,
              }
            } />
        </View>
      </View>
      <View
        style={
          Object {
            "flex": 1,
            "height": 130,
            "paddingLeft": 20,
          }
        }>
        <View
          style={
            Object {
              "flex": 1,
              "flexDirection": "row",
            }
          }>
          <View
            style={
              Object {
                "flex": 1,
              }
            }>
            <Text
              accessible={true}
              allowFontScaling={true}
              ellipsizeMode="tail"
              numberOfLines={1}
              style={
                Object {
                  "fontSize": 16,
                  "fontWeight": "bold",
                }
              }>
              Zion Reilly
            </Text>
            <Text
              accessible={true}
              allowFontScaling={true}
              ellipsizeMode="tail"
              numberOfLines={1}
              style={
                Object {
                  "color": "rgba(0, 0, 0, 0.3)",
                  "fontSize": 12,
                  "fontWeight": "bold",
                }
              }>
              933
               Clogs
            </Text>
            <Text
              accessible={true}
              allowFontScaling={true}
              ellipsizeMode="tail"
              numberOfLines={1}
              style={
                Object {
                  "color": "rgba(0, 0, 0, 0.3)",
                  "fontSize": 12,
                  "fontWeight": "bold",
                }
              }>
              2
               คน กำลังติดตาม
            </Text>
          </View>
          <View
            style={
              Object {
                "alignItems": "flex-end",
                "width": 80,
              }
            }>
            <View
              accessibilityComponentType={undefined}
              accessibilityLabel={undefined}
              accessibilityTraits={undefined}
              accessible={true}
              hitSlop={undefined}
              onLayout={undefined}
              onResponderGrant={[Function]}
              onResponderMove={[Function]}
              onResponderRelease={[Function]}
              onResponderTerminate={[Function]}
              onResponderTerminationRequest={[Function]}
              onStartShouldSetResponder={[Function]}
              style={
                Object {
                  "alignItems": "center",
                  "backgroundColor": "rgba(0, 0, 0, 0.2)",
                  "borderRadius": 4,
                  "flexDirection": "row",
                  "height": 25,
                  "justifyContent": "center",
                  "opacity": 1,
                  "paddingHorizontal": 0,
                  "width": 70,
                }
              }
              testID={undefined}>
              <Text
                accessible={true}
                allowFontScaling={true}
                ellipsizeMode="tail"
                style={
                  Array [
                    Object {
                      "fontSize": 12,
                    },
                    Object {
                      "color": "rgba(255, 255, 255, 0.6)",
                    },
                    undefined,
                  ]
                }>
                เลิกติดตาม
              </Text>
            </View>
          </View>
        </View>
        <View
          style={
            Object {
              "height": 80,
            }
          }>
          <ScrollView
            contentInset={
              Object {
                "bottom": 0,
                "top": 0,
              }
            }
            data={
              Array [
                Object {
                  "category": "D",
                  "id": "3963133",
                  "preview": "http://localhost/static/preview/g3578.png",
                  "title": "Voluptatum non",
                },
                Object {
                  "category": "N",
                  "id": "3976113",
                  "preview": "http://localhost/static/preview/g4722.png",
                  "title": "Voluptatem consequatur",
                },
                Object {
                  "category": "G",
                  "id": "2739004",
                  "preview": "http://localhost/static/preview/g3336.png",
                  "title": "Id qui",
                },
                Object {
                  "category": "M",
                  "id": "7035170",
                  "preview": "http://localhost/static/preview/g4762.png",
                  "title": "Est architecto",
                },
                Object {
                  "category": "D",
                  "id": "6800192",
                  "preview": "http://localhost/static/preview/g4762.png",
                  "title": "Suscipit ducimus",
                },
              ]
            }
            dataSource={
              ListViewDataSource {
                "items": 5,
              }
            }
            horizontal={true}
            initialListSize={1}
            minContentHeight={0}
            onContentSizeChange={[Function]}
            onEndReachedThreshold={1000}
            onKeyboardDidHide={undefined}
            onKeyboardDidShow={undefined}
            onKeyboardWillHide={undefined}
            onKeyboardWillShow={undefined}
            onLayout={[Function]}
            onScroll={[Function]}
            pageSize={1}
            removeClippedSubviews={true}
            renderEmptyList={null}
            renderFooter={[Function]}
            renderRow={[Function]}
            renderSeparator={[Function]}
            scrollEventThrottle={50}
            scrollRenderAheadDistance={1000}
            showsHorizontalScrollIndicator={false}
            stickyHeaderIndices={Array []}
            style={
              Object {
                "marginTop": 15,
              }
            }>
            <View
              accessibilityComponentType={undefined}
              accessibilityLabel={undefined}
              accessibilityTraits={undefined}
              accessible={true}
              hitSlop={undefined}
              onLayout={undefined}
              onResponderGrant={[Function]}
              onResponderMove={[Function]}
              onResponderRelease={[Function]}
              onResponderTerminate={[Function]}
              onResponderTerminationRequest={[Function]}
              onStartShouldSetResponder={[Function]}
              style={
                Object {
                  "flex": 1,
                  "opacity": 1,
                  "paddingHorizontal": 5,
                  "width": 55,
                }
              }
              testID={undefined}>
              <View
                style={
                  Object {
                    "height": 45,
                  }
                }>
                <View
                  style={
                    Object {
                      "height": 45,
                      "width": 45,
                    }
                  }>
                  <View
                    style={
                      Object {
                        "height": 45,
                        "width": 45,
                      }
                    }>
                    <View
                      style={
                        Object {
                          "backgroundColor": "rgba(255, 255, 255, 0.3)",
                          "borderRadius": 25,
                          "height": 50,
                          "left": -2.5,
                          "position": "absolute",
                          "top": -2.5,
                          "width": 50,
                        }
                      } />
                    <Image
                      category="D"
                      shadowColor="rgba(255, 255, 255, 0.3)"
                      shadowRadius={5}
                      size={45}
                      source={
                        Object {
                          "uri": "http://localhost/static/preview/g3578.png",
                        }
                      }
                      style={
                        Array [
                          Object {
                            "borderRadius": 22.5,
                            "height": 45,
                            "width": 45,
                          },
                          Array [
                            undefined,
                            Object {
                              "backgroundColor": "transparent",
                            },
                          ],
                        ]
                      } />
                    <View
                      style={
                        Object {
                          "height": 45,
                          "left": 0,
                          "position": "absolute",
                          "top": 0,
                          "width": 45,
                        }
                      } />
                  </View>
                  <Image
                    source={1}
                    style={
                      Array [
                        Object {
                          "bottom": 1.40625,
                          "height": 11.25,
                          "position": "absolute",
                          "right": 1.40625,
                          "width": 11.25,
                        },
                        undefined,
                      ]
                    } />
                </View>
              </View>
              <View
                style={
                  Object {
                    "alignItems": "center",
                    "paddingTop": 5,
                  }
                }>
                <Text
                  accessible={true}
                  allowFontScaling={true}
                  ellipsizeMode="tail"
                  numberOfLines={1}
                  style={
                    Object {
                      "color": "black",
                      "fontSize": 12,
                    }
                  }>
                  Voluptatum non
                </Text>
              </View>
            </View>
            <View
              style={
                Object {
                  "backgroundColor": "#eeeeee",
                  "height": 1,
                }
              } />
          </ScrollView>
        </View>
      </View>
    </View>
    <View
      style={
        Object {
          "backgroundColor": "#eeeeee",
          "height": 1,
        }
      } />
  </ScrollView>
</View>
`;
