exports[`Shelf.Home render correct 1`] = `
<View
  style={
    Object {
      "backgroundColor": "rgb(81, 20, 64)",
      "flex": 1,
    }
  }>
  <View
    style={
      Array [
        Object {
          "alignItems": "center",
          "backgroundColor": "white",
          "flexDirection": "row",
          "height": 60,
          "justifyContent": "space-between",
          "paddingTop": 15,
          "width": 750,
        },
        undefined,
      ]
    }>
    <View
      style={
        Array [
          Object {
            "alignItems": "flex-start",
            "flex": 1,
            "paddingLeft": 10,
          },
          undefined,
        ]
      }>
      <View
        accessibilityComponentType={undefined}
        accessibilityLabel={undefined}
        accessibilityTraits={undefined}
        accessible={true}
        hitSlop={undefined}
        onLayout={undefined}
        onResponderGrant={[Function]}
        onResponderMove={[Function]}
        onResponderRelease={[Function]}
        onResponderTerminate={[Function]}
        onResponderTerminationRequest={[Function]}
        onStartShouldSetResponder={[Function]}
        style={
          Object {
            "opacity": 1,
          }
        }
        testID={undefined}>
        <Image
          source={1}
          style={
            Object {
              "height": 20,
              "resizeMode": "contain",
            }
          } />
      </View>
    </View>
    <View
      style={
        Array [
          Object {
            "alignItems": "center",
            "flex": 4,
          },
          Object {
            "alignItems": "flex-start",
            "flex": 1,
          },
        ]
      }>
      <Image
        source={1}
        style={
          Object {
            "height": 30,
            "resizeMode": "contain",
            "width": 80,
          }
        } />
    </View>
    <View
      style={
        Array [
          Object {
            "alignItems": "flex-end",
            "flex": 1,
            "paddingRight": 10,
          },
          undefined,
        ]
      }>
      <View
        accessibilityComponentType={undefined}
        accessibilityLabel={undefined}
        accessibilityTraits={undefined}
        accessible={true}
        hitSlop={undefined}
        onLayout={undefined}
        onResponderGrant={[Function]}
        onResponderMove={[Function]}
        onResponderRelease={[Function]}
        onResponderTerminate={[Function]}
        onResponderTerminationRequest={[Function]}
        onStartShouldSetResponder={[Function]}
        style={
          Object {
            "opacity": 1,
          }
        }
        testID={undefined}>
        <Image
          source={1}
          style={
            Object {
              "height": 20,
              "resizeMode": "contain",
            }
          } />
      </View>
    </View>
  </View>
  <ScrollView
    onScroll={[Function]}>
    <Image
      source={1}
      style={
        Object {
          "backgroundColor": "transparent",
          "height": 700,
          "resizeMode": "stretch",
          "width": undefined,
        }
      }>
      <View
        style={
          Object {
            "flex": 2,
          }
        }>
        <View
          style={
            Object {
              "flex": 1,
            }
          }>
          <ScrollView
            contentInset={
              Object {
                "bottom": 0,
                "top": 0,
              }
            }
            data={
              Array [
                Object {
                  "__typename": "Clog",
                  "author": Object {
                    "__typename": "Editor",
                    "name": "Mr. Deja Morar",
                    Symbol(id): "$Clog262536154260880274583468.author",
                  },
                  "id": "262536154260880274583468",
                  "thumbnailImage": "http://localhost:8080/static/preview/g1878.png",
                  "title": "Nulla nesciunt et",
                  Symbol(id): "Clog262536154260880274583468",
                },
                Object {
                  "__typename": "Clog",
                  "author": Object {
                    "__typename": "Editor",
                    "name": "Mr. Deja Morar",
                    Symbol(id): "$Clog316154724912522774748864.author",
                  },
                  "id": "316154724912522774748864",
                  "thumbnailImage": "http://localhost:8080/static/preview/g4762.png",
                  "title": "Officiis cumque",
                  Symbol(id): "Clog316154724912522774748864",
                },
                Object {
                  "__typename": "Clog",
                  "author": Object {
                    "__typename": "Editor",
                    "name": "Mrs. Ana Williamson",
                    Symbol(id): "$Clog345234616786697743397758.author",
                  },
                  "id": "345234616786697743397758",
                  "thumbnailImage": "http://localhost:8080/static/preview/g3336.png",
                  "title": "Est sit est",
                  Symbol(id): "Clog345234616786697743397758",
                },
                Object {
                  "__typename": "Clog",
                  "author": Object {
                    "__typename": "Editor",
                    "name": "Dr. Maeve Farrell",
                    Symbol(id): "$Clog414571352517835831917511.author",
                  },
                  "id": "414571352517835831917511",
                  "thumbnailImage": "http://localhost:8080/static/preview/g4602.png",
                  "title": "Quia non sunt",
                  Symbol(id): "Clog414571352517835831917511",
                },
                Object {
                  "__typename": "Clog",
                  "author": Object {
                    "__typename": "Editor",
                    "name": "Dr. Allie Kerluke",
                    Symbol(id): "$Clog588135756607214177195557.author",
                  },
                  "id": "588135756607214177195557",
                  "thumbnailImage": "http://localhost:8080/static/preview/g4602.png",
                  "title": "Enim laboriosam quia",
                  Symbol(id): "Clog588135756607214177195557",
                },
                Object {
                  "__typename": "Clog",
                  "author": Object {
                    "__typename": "Editor",
                    "name": "Mrs. Haskell Runolfsdottir",
                    Symbol(id): "$Clog712483458061529231059368.author",
                  },
                  "id": "712483458061529231059368",
                  "thumbnailImage": "http://localhost:8080/static/preview/g3578.png",
                  "title": "Nam ut",
                  Symbol(id): "Clog712483458061529231059368",
                },
                Object {
                  "__typename": "Clog",
                  "author": Object {
                    "__typename": "Editor",
                    "name": "Miss Nestor Gottlieb",
                    Symbol(id): "$Clog751168347621231556322523.author",
                  },
                  "id": "751168347621231556322523",
                  "thumbnailImage": "http://localhost:8080/static/preview/g3618.png",
                  "title": "Aut est",
                  Symbol(id): "Clog751168347621231556322523",
                },
                Object {
                  "__typename": "Clog",
                  "author": Object {
                    "__typename": "Editor",
                    "name": "Ms. Joey Donnelly",
                    Symbol(id): "$Clog806877248521300176838775.author",
                  },
                  "id": "806877248521300176838775",
                  "thumbnailImage": "http://localhost:8080/static/preview/g3376.png",
                  "title": "Aut illum omnis",
                  Symbol(id): "Clog806877248521300176838775",
                },
                Object {
                  "__typename": "Clog",
                  "author": Object {
                    "__typename": "Editor",
                    "name": "Dr. Lucile Feeney",
                    Symbol(id): "$Clog829396594947576272264128.author",
                  },
                  "id": "829396594947576272264128",
                  "thumbnailImage": "http://localhost:8080/static/preview/g4602.png",
                  "title": "In eius",
                  Symbol(id): "Clog829396594947576272264128",
                },
              ]
            }
            dataSource={
              ListViewDataSource {
                "items": 9,
              }
            }
            horizontal={true}
            initialListSize={1}
            minContentHeight={0}
            onContentSizeChange={[Function]}
            onEndReachedThreshold={1000}
            onKeyboardDidHide={undefined}
            onKeyboardDidShow={undefined}
            onKeyboardWillHide={undefined}
            onKeyboardWillShow={undefined}
            onLayout={[Function]}
            onScroll={[Function]}
            pageSize={1}
            removeClippedSubviews={true}
            renderEmptyList={null}
            renderFooter={[Function]}
            renderRow={[Function]}
            renderSeparator={[Function]}
            scrollEventThrottle={50}
            scrollRenderAheadDistance={1000}
            showsHorizontalScrollIndicator={false}
            stickyHeaderIndices={Array []}>
            <View
              accessibilityComponentType={undefined}
              accessibilityLabel={undefined}
              accessibilityTraits={undefined}
              accessible={true}
              hitSlop={undefined}
              onLayout={undefined}
              onResponderGrant={[Function]}
              onResponderMove={[Function]}
              onResponderRelease={[Function]}
              onResponderTerminate={[Function]}
              onResponderTerminationRequest={[Function]}
              onStartShouldSetResponder={[Function]}
              style={
                Object {
                  "flex": 1,
                  "opacity": 1,
                  "padding": 20,
                }
              }
              testID={undefined}>
              <View
                style={
                  Object {
                    "height": 250,
                    "width": 250,
                  }
                }>
                <View
                  style={
                    Object {
                      "backgroundColor": "rgba(0, 0, 0, 0)",
                      "borderRadius": 125,
                      "height": 250,
                      "left": -0,
                      "position": "absolute",
                      "top": -0,
                      "width": 250,
                    }
                  } />
                <Image
                  size={250}
                  source={
                    Object {
                      "uri": "http://localhost:8080/static/preview/g1878.png",
                    }
                  }
                  style={
                    Array [
                      Object {
                        "borderRadius": 125,
                        "height": 250,
                        "width": 250,
                      },
                      undefined,
                    ]
                  } />
                <View
                  style={
                    Object {
                      "height": 250,
                      "left": 0,
                      "position": "absolute",
                      "top": 0,
                      "width": 250,
                    }
                  }>
                  <View
                    style={
                      Object {
                        "height": 250,
                        "width": 250,
                      }
                    }>
                    <View
                      style={
                        Object {
                          "backgroundColor": "rgba(0, 0, 0, 0)",
                          "borderRadius": 125,
                          "height": 250,
                          "left": -0,
                          "position": "absolute",
                          "top": -0,
                          "width": 250,
                        }
                      } />
                    <Image
                      size={250}
                      source={1}
                      style={
                        Array [
                          Object {
                            "borderRadius": 125,
                            "height": 250,
                            "width": 250,
                          },
                          undefined,
                        ]
                      } />
                    <View
                      style={
                        Object {
                          "height": 250,
                          "left": 0,
                          "position": "absolute",
                          "top": 0,
                          "width": 250,
                        }
                      }>
                      <View
                        style={
                          Object {
                            "alignItems": "center",
                            "flex": 1,
                            "justifyContent": "center",
                            "paddingTop": 180,
                          }
                        }>
                        <View
                          style={
                            Object {
                              "alignItems": "center",
                              "width": 150,
                            }
                          }>
                          <Text
                            accessible={true}
                            allowFontScaling={true}
                            ellipsizeMode="tail"
                            numberOfLines={1}
                            style={
                              Object {
                                "color": "white",
                                "fontWeight": "bold",
                              }
                            }>
                            Nulla nesciunt et
                          </Text>
                        </View>
                        <View
                          style={
                            Object {
                              "alignItems": "center",
                              "width": 100,
                            }
                          }>
                          <Text
                            accessible={true}
                            allowFontScaling={true}
                            ellipsizeMode="tail"
                            numberOfLines={1}
                            style={
                              Object {
                                "color": "rgba(255, 255, 255, 0.6)",
                                "fontWeight": "bold",
                              }
                            }>
                            Mr. Deja Morar
                          </Text>
                        </View>
                      </View>
                    </View>
                  </View>
                </View>
              </View>
            </View>
            <View
              style={
                Object {
                  "backgroundColor": "#eeeeee",
                  "height": 1,
                }
              } />
          </ScrollView>
        </View>
      </View>
      <View
        style={
          Object {
            "flex": 1,
            "paddingLeft": 10,
          }
        }>
        <View
          style={
            Object {
              "flex": 1,
            }
          }>
          <View
            style={
              Object {
                "flexDirection": "row",
                "height": 20,
              }
            }>
            <Text
              accessible={true}
              allowFontScaling={true}
              ellipsizeMode="tail"
              numberOfLines={1}
              style={
                Object {
                  "color": "white",
                  "flex": 1,
                  "fontWeight": "bold",
                }
              }>
              TRENDING
            </Text>
            <View
              style={
                Object {
                  "alignItems": "flex-end",
                  "justifyContent": "center",
                  "paddingRight": 10,
                }
              }>
              <View
                accessibilityComponentType={undefined}
                accessibilityLabel={undefined}
                accessibilityTraits={undefined}
                accessible={true}
                hitSlop={undefined}
                onLayout={undefined}
                onResponderGrant={[Function]}
                onResponderMove={[Function]}
                onResponderRelease={[Function]}
                onResponderTerminate={[Function]}
                onResponderTerminationRequest={[Function]}
                onStartShouldSetResponder={[Function]}
                style={
                  Object {
                    "alignItems": "center",
                    "backgroundColor": "transparent",
                    "borderColor": "white",
                    "borderRadius": 4,
                    "borderWidth": 1,
                    "flex": 1,
                    "flexDirection": "row",
                    "justifyContent": "center",
                    "opacity": 1,
                    "paddingHorizontal": 0,
                    "width": 80,
                  }
                }
                testID={undefined}>
                <Text
                  accessible={true}
                  allowFontScaling={true}
                  ellipsizeMode="tail"
                  style={
                    Array [
                      Object {
                        "fontSize": 12,
                      },
                      Object {
                        "color": "white",
                      },
                      undefined,
                    ]
                  }>
                  ทั้งหมด
                </Text>
              </View>
            </View>
          </View>
          <View
            style={
              Object {
                "height": 130,
              }
            }>
            <ScrollView
              contentInset={
                Object {
                  "bottom": 0,
                  "top": 0,
                }
              }
              data={
                Array [
                  Object {
                    "__typename": "Clog",
                    "author": Object {
                      "__typename": "Editor",
                      "name": "Ms. Jannie Harber",
                      Symbol(id): "$Clog025126856253374789857394.author",
                    },
                    "category": "M",
                    "id": "025126856253374789857394",
                    "thumbnailImage": "http://localhost:8080/static/preview/g4642.png",
                    "title": "Unde sed ullam",
                    Symbol(id): "Clog025126856253374789857394",
                  },
                  Object {
                    "__typename": "Clog",
                    "author": Object {
                      "__typename": "Editor",
                      "name": "Dr. Reese Ernser",
                      Symbol(id): "$Clog116747542495834623666030.author",
                    },
                    "category": "D",
                    "id": "116747542495834623666030",
                    "thumbnailImage": "http://localhost:8080/static/preview/g3578.png",
                    "title": "Nam nemo porro",
                    Symbol(id): "Clog116747542495834623666030",
                  },
                  Object {
                    "__typename": "Clog",
                    "author": Object {
                      "__typename": "Editor",
                      "name": "Mr. Anya Kuvalis",
                      Symbol(id): "$Clog124869844176584102317518.author",
                    },
                    "category": "N",
                    "id": "124869844176584102317518",
                    "thumbnailImage": "http://localhost:8080/static/preview/g4762.png",
                    "title": "Non quia",
                    Symbol(id): "Clog124869844176584102317518",
                  },
                  Object {
                    "__typename": "Clog",
                    "author": Object {
                      "__typename": "Editor",
                      "name": "Ms. Joey Donnelly",
                      Symbol(id): "$Clog136667410450901788837555.author",
                    },
                    "category": "N",
                    "id": "136667410450901788837555",
                    "thumbnailImage": "http://localhost:8080/static/preview/g3578.png",
                    "title": "Expedita libero architecto",
                    Symbol(id): "Clog136667410450901788837555",
                  },
                  Object {
                    "__typename": "Clog",
                    "author": Object {
                      "__typename": "Editor",
                      "name": "Miss Daphnee Jerde",
                      Symbol(id): "$Clog161608567951239737382753.author",
                    },
                    "category": "M",
                    "id": "161608567951239737382753",
                    "thumbnailImage": "http://localhost:8080/static/preview/g3658.png",
                    "title": "Mollitia voluptate",
                    Symbol(id): "Clog161608567951239737382753",
                  },
                  Object {
                    "__typename": "Clog",
                    "author": Object {
                      "__typename": "Editor",
                      "name": "Ms. Joey Donnelly",
                      Symbol(id): "$Clog238761762368298262364247.author",
                    },
                    "category": "G",
                    "id": "238761762368298262364247",
                    "thumbnailImage": "http://localhost:8080/static/preview/g4802.png",
                    "title": "Est facere",
                    Symbol(id): "Clog238761762368298262364247",
                  },
                  Object {
                    "__typename": "Clog",
                    "author": Object {
                      "__typename": "Editor",
                      "name": "Miss Helen Moore",
                      Symbol(id): "$Clog273427498665256338162082.author",
                    },
                    "category": "M",
                    "id": "273427498665256338162082",
                    "thumbnailImage": "http://localhost:8080/static/preview/g3578.png",
                    "title": "Ut dolor",
                    Symbol(id): "Clog273427498665256338162082",
                  },
                  Object {
                    "__typename": "Clog",
                    "author": Object {
                      "__typename": "Editor",
                      "name": "Miss Isabell Hilpert",
                      Symbol(id): "$Clog274244875115454873153656.author",
                    },
                    "category": "N",
                    "id": "274244875115454873153656",
                    "thumbnailImage": "http://localhost:8080/static/preview/g1878.png",
                    "title": "Modi quos saepe",
                    Symbol(id): "Clog274244875115454873153656",
                  },
                  Object {
                    "__typename": "Clog",
                    "author": Object {
                      "__typename": "Editor",
                      "name": "Mr. Leone Mayer",
                      Symbol(id): "$Clog354614131664781770611037.author",
                    },
                    "category": "D",
                    "id": "354614131664781770611037",
                    "thumbnailImage": "http://localhost:8080/static/preview/g1878.png",
                    "title": "Ullam laboriosam",
                    Symbol(id): "Clog354614131664781770611037",
                  },
                  Object {
                    "__typename": "Clog",
                    "author": Object {
                      "__typename": "Editor",
                      "name": "Miss Emilie Marks",
                      Symbol(id): "$Clog357579387724166743133955.author",
                    },
                    "category": "D",
                    "id": "357579387724166743133955",
                    "thumbnailImage": "http://localhost:8080/static/preview/g4602.png",
                    "title": "Ipsa accusantium",
                    Symbol(id): "Clog357579387724166743133955",
                  },
                  Object {
                    "__typename": "Clog",
                    "author": Object {
                      "__typename": "Editor",
                      "name": "Dr. Jessyca Bogan",
                      Symbol(id): "$Clog463883267551477495901776.author",
                    },
                    "category": "G",
                    "id": "463883267551477495901776",
                    "thumbnailImage": "http://localhost:8080/static/preview/g3336.png",
                    "title": "Iure tempora",
                    Symbol(id): "Clog463883267551477495901776",
                  },
                  Object {
                    "__typename": "Clog",
                    "author": Object {
                      "__typename": "Editor",
                      "name": "Dr. Maeve Farrell",
                      Symbol(id): "$Clog480065185137667461794988.author",
                    },
                    "category": "M",
                    "id": "480065185137667461794988",
                    "thumbnailImage": "http://localhost:8080/static/preview/g4722.png",
                    "title": "Ea praesentium sed",
                    Symbol(id): "Clog480065185137667461794988",
                  },
                  Object {
                    "__typename": "Clog",
                    "author": Object {
                      "__typename": "Editor",
                      "name": "Mr. Chesley Okuneva",
                      Symbol(id): "$Clog553810697967343742677234.author",
                    },
                    "category": "G",
                    "id": "553810697967343742677234",
                    "thumbnailImage": "http://localhost:8080/static/preview/g3658.png",
                    "title": "Et suscipit",
                    Symbol(id): "Clog553810697967343742677234",
                  },
                  Object {
                    "__typename": "Clog",
                    "author": Object {
                      "__typename": "Editor",
                      "name": "Dr. Allie Kerluke",
                      Symbol(id): "$Clog588135756607214177195557.author",
                    },
                    "category": "N",
                    "id": "588135756607214177195557",
                    "thumbnailImage": "http://localhost:8080/static/preview/g4602.png",
                    "title": "Enim laboriosam quia",
                    Symbol(id): "Clog588135756607214177195557",
                  },
                  Object {
                    "__typename": "Clog",
                    "author": Object {
                      "__typename": "Editor",
                      "name": "Dr. Ryleigh Zemlak",
                      Symbol(id): "$Clog622542263309190537163865.author",
                    },
                    "category": "G",
                    "id": "622542263309190537163865",
                    "thumbnailImage": "http://localhost:8080/static/preview/g3618.png",
                    "title": "Quisquam quia",
                    Symbol(id): "Clog622542263309190537163865",
                  },
                  Object {
                    "__typename": "Clog",
                    "author": Object {
                      "__typename": "Editor",
                      "name": "Ms. Vena Wintheiser",
                      Symbol(id): "$Clog627506797491647771880136.author",
                    },
                    "category": "N",
                    "id": "627506797491647771880136",
                    "thumbnailImage": "http://localhost:8080/static/preview/g4762.png",
                    "title": "Laudantium atque qui",
                    Symbol(id): "Clog627506797491647771880136",
                  },
                  Object {
                    "__typename": "Clog",
                    "author": Object {
                      "__typename": "Editor",
                      "name": "Mr. Natalia Greenholt",
                      Symbol(id): "$Clog636364552302641465839720.author",
                    },
                    "category": "D",
                    "id": "636364552302641465839720",
                    "thumbnailImage": "http://localhost:8080/static/preview/g3456.png",
                    "title": "Est voluptatum",
                    Symbol(id): "Clog636364552302641465839720",
                  },
                  Object {
                    "__typename": "Clog",
                    "author": Object {
                      "__typename": "Editor",
                      "name": "Mrs. Haskell Runolfsdottir",
                      Symbol(id): "$Clog681215288475425126868762.author",
                    },
                    "category": "N",
                    "id": "681215288475425126868762",
                    "thumbnailImage": "http://localhost:8080/static/preview/g1878.png",
                    "title": "Non magnam quia",
                    Symbol(id): "Clog681215288475425126868762",
                  },
                  Object {
                    "__typename": "Clog",
                    "author": Object {
                      "__typename": "Editor",
                      "name": "Dr. Lucile Feeney",
                      Symbol(id): "$Clog836637828536872035379753.author",
                    },
                    "category": "N",
                    "id": "836637828536872035379753",
                    "thumbnailImage": "http://localhost:8080/static/preview/g4762.png",
                    "title": "Inventore cumque",
                    Symbol(id): "Clog836637828536872035379753",
                  },
                  Object {
                    "__typename": "Clog",
                    "author": Object {
                      "__typename": "Editor",
                      "name": "Mr. Leone Mayer",
                      Symbol(id): "$Clog861638003310281704621485.author",
                    },
                    "category": "N",
                    "id": "861638003310281704621485",
                    "thumbnailImage": "http://localhost:8080/static/preview/g3618.png",
                    "title": "Et asperiores",
                    Symbol(id): "Clog861638003310281704621485",
                  },
                  Object {
                    "__typename": "Clog",
                    "author": Object {
                      "__typename": "Editor",
                      "name": "Dr. Lucile Feeney",
                      Symbol(id): "$Clog883818451005231134868557.author",
                    },
                    "category": "G",
                    "id": "883818451005231134868557",
                    "thumbnailImage": "http://localhost:8080/static/preview/g3658.png",
                    "title": "Vel omnis",
                    Symbol(id): "Clog883818451005231134868557",
                  },
                  Object {
                    "__typename": "Clog",
                    "author": Object {
                      "__typename": "Editor",
                      "name": "Mr. Chesley Okuneva",
                      Symbol(id): "$Clog924533186456637524295320.author",
                    },
                    "category": "G",
                    "id": "924533186456637524295320",
                    "thumbnailImage": "http://localhost:8080/static/preview/g4802.png",
                    "title": "Quam inventore",
                    Symbol(id): "Clog924533186456637524295320",
                  },
                  Object {
                    "__typename": "Clog",
                    "author": Object {
                      "__typename": "Editor",
                      "name": "Mrs. Mariam Keebler",
                      Symbol(id): "$Clog948405919778417148787413.author",
                    },
                    "category": "M",
                    "id": "948405919778417148787413",
                    "thumbnailImage": "http://localhost:8080/static/preview/g4802.png",
                    "title": "Et molestias",
                    Symbol(id): "Clog948405919778417148787413",
                  },
                  Object {
                    "__typename": "Clog",
                    "author": Object {
                      "__typename": "Editor",
                      "name": "Ms. Floy Mertz",
                      Symbol(id): "$Clog957717495553022815418128.author",
                    },
                    "category": "N",
                    "id": "957717495553022815418128",
                    "thumbnailImage": "http://localhost:8080/static/preview/g4642.png",
                    "title": "Doloremque commodi",
                    Symbol(id): "Clog957717495553022815418128",
                  },
                  Object {
                    "__typename": "Clog",
                    "author": Object {
                      "__typename": "Editor",
                      "name": "Mr. Stewart Lueilwitz",
                      Symbol(id): "$Clog988649064178562194046193.author",
                    },
                    "category": "M",
                    "id": "988649064178562194046193",
                    "thumbnailImage": "http://localhost:8080/static/preview/g4762.png",
                    "title": "Et vero",
                    Symbol(id): "Clog988649064178562194046193",
                  },
                ]
              }
              dataSource={
                ListViewDataSource {
                  "items": 25,
                }
              }
              horizontal={true}
              initialListSize={1}
              minContentHeight={0}
              onContentSizeChange={[Function]}
              onEndReachedThreshold={1000}
              onKeyboardDidHide={undefined}
              onKeyboardDidShow={undefined}
              onKeyboardWillHide={undefined}
              onKeyboardWillShow={undefined}
              onLayout={[Function]}
              onScroll={[Function]}
              pageSize={1}
              removeClippedSubviews={true}
              renderEmptyList={null}
              renderFooter={[Function]}
              renderRow={[Function]}
              renderSeparator={[Function]}
              scrollEventThrottle={50}
              scrollRenderAheadDistance={1000}
              showsHorizontalScrollIndicator={false}
              stickyHeaderIndices={Array []}>
              <View
                accessibilityComponentType={undefined}
                accessibilityLabel={undefined}
                accessibilityTraits={undefined}
                accessible={true}
                hitSlop={undefined}
                onLayout={undefined}
                onResponderGrant={[Function]}
                onResponderMove={[Function]}
                onResponderRelease={[Function]}
                onResponderTerminate={[Function]}
                onResponderTerminationRequest={[Function]}
                onStartShouldSetResponder={[Function]}
                style={
                  Object {
                    "flex": 1,
                    "opacity": 1,
                    "paddingHorizontal": 5,
                    "paddingVertical": 10,
                    "width": 100,
                  }
                }
                testID={undefined}>
                <View
                  style={
                    Object {
                      "height": 90,
                    }
                  }>
                  <View
                    style={
                      Object {
                        "height": 85,
                        "width": 85,
                      }
                    }>
                    <View
                      style={
                        Object {
                          "height": 85,
                          "width": 85,
                        }
                      }>
                      <View
                        style={
                          Object {
                            "backgroundColor": "rgba(255, 255, 255, 0.3)",
                            "borderRadius": 45,
                            "height": 90,
                            "left": -2.5,
                            "position": "absolute",
                            "top": -2.5,
                            "width": 90,
                          }
                        } />
                      <Image
                        category="M"
                        shadowColor="rgba(255, 255, 255, 0.3)"
                        shadowRadius={5}
                        size={85}
                        source={
                          Object {
                            "uri": "http://localhost:8080/static/preview/g4642.png",
                          }
                        }
                        style={
                          Array [
                            Object {
                              "borderRadius": 42.5,
                              "height": 85,
                              "width": 85,
                            },
                            Array [
                              undefined,
                              Object {
                                "backgroundColor": "transparent",
                              },
                            ],
                          ]
                        }
                        subSource={1} />
                      <View
                        style={
                          Object {
                            "height": 85,
                            "left": 0,
                            "position": "absolute",
                            "top": 0,
                            "width": 85,
                          }
                        } />
                    </View>
                    <Image
                      source={1}
                      style={
                        Array [
                          Object {
                            "bottom": 2.65625,
                            "height": 21.25,
                            "position": "absolute",
                            "right": 2.65625,
                            "width": 21.25,
                          },
                          undefined,
                        ]
                      } />
                  </View>
                </View>
                <View
                  style={
                    Object {
                      "alignItems": "center",
                      "height": 10,
                    }
                  }>
                  <Text
                    accessible={true}
                    allowFontScaling={true}
                    ellipsizeMode="tail"
                    numberOfLines={1}
                    style={
                      Object {
                        "color": "rgba(255, 255, 255, 1)",
                        "fontSize": 12,
                      }
                    }>
                    Unde sed ullam
                  </Text>
                  <Text
                    accessible={true}
                    allowFontScaling={true}
                    ellipsizeMode="tail"
                    numberOfLines={1}
                    style={
                      Object {
                        "color": "rgba(255, 255, 255, 0.6)",
                        "fontSize": 10,
                      }
                    }>
                    Ms. Jannie Harber
                  </Text>
                </View>
              </View>
              <View
                style={
                  Object {
                    "backgroundColor": "#eeeeee",
                    "height": 1,
                  }
                } />
            </ScrollView>
          </View>
        </View>
      </View>
      <View
        style={
          Object {
            "flex": 1.6,
          }
        }>
        <View
          style={
            Object {
              "flex": 1,
            }
          }>
          <Image
            source={1}
            style={
              Object {
                "flex": 1,
                "flexDirection": "row",
                "height": undefined,
                "resizeMode": "stretch",
                "width": undefined,
              }
            }>
            <View
              style={
                Object {
                  "alignItems": "center",
                  "justifyContent": "center",
                  "paddingLeft": 10,
                  "width": 130,
                }
              }>
              <View
                style={
                  Object {
                    "height": 130,
                    "width": 130,
                  }
                }>
                <View
                  style={
                    Object {
                      "height": 130,
                      "width": 130,
                    }
                  }>
                  <View
                    style={
                      Object {
                        "backgroundColor": "rgba(255, 255, 255, 0.3)",
                        "borderRadius": 67.5,
                        "height": 135,
                        "left": -2.5,
                        "position": "absolute",
                        "top": -2.5,
                        "width": 135,
                      }
                    } />
                  <Image
                    category="N"
                    shadowColor="rgba(255, 255, 255, 0.3)"
                    shadowRadius={5}
                    size={130}
                    source={
                      Object {
                        "uri": "http://localhost:8080/static/preview/g4762.png",
                      }
                    }
                    style={
                      Array [
                        Object {
                          "borderRadius": 65,
                          "height": 130,
                          "width": 130,
                        },
                        Array [
                          undefined,
                          Object {
                            "backgroundColor": "transparent",
                          },
                        ],
                      ]
                    }
                    subSource={1} />
                  <View
                    style={
                      Object {
                        "height": 130,
                        "left": 0,
                        "position": "absolute",
                        "top": 0,
                        "width": 130,
                      }
                    } />
                </View>
                <Image
                  source={1}
                  style={
                    Array [
                      Object {
                        "bottom": 4.0625,
                        "height": 32.5,
                        "position": "absolute",
                        "right": 4.0625,
                        "width": 32.5,
                      },
                      undefined,
                    ]
                  } />
              </View>
            </View>
            <View
              style={
                Object {
                  "alignItems": "flex-start",
                  "flex": 1,
                  "justifyContent": "center",
                }
              }>
              <View
                style={
                  Object {
                    "height": 100,
                    "paddingHorizontal": 20,
                  }
                }>
                <View
                  style={
                    Object {
                      "flex": 2,
                    }
                  }>
                  <Text
                    accessible={true}
                    allowFontScaling={true}
                    ellipsizeMode="tail"
                    numberOfLines={1}
                    style={
                      Object {
                        "color": "white",
                        "fontSize": 14,
                        "fontWeight": "bold",
                        "lineHeight": 14,
                      }
                    }>
                    Quos inventore
                  </Text>
                  <Text
                    accessible={true}
                    allowFontScaling={true}
                    ellipsizeMode="tail"
                    style={
                      Object {
                        "color": "rgba(255, 255, 255, 0.6)",
                        "fontSize": 11,
                      }
                    }>
                    Ms. Mose Jast
                  </Text>
                </View>
                <View
                  style={
                    Object {
                      "flex": 4,
                      "paddingTop": 10,
                    }
                  }>
                  <Text
                    accessible={true}
                    allowFontScaling={true}
                    ellipsizeMode="tail"
                    numberOfLines={4}
                    style={
                      Object {
                        "color": "rgba(255, 255, 255, 0.6)",
                        "fontSize": 11,
                        "lineHeight": 12,
                      }
                    }>
                    Impedit aut rerum earum labore sit debitis cum ex id. Dolorum provident recusandae sunt esse facere tenetur. Voluptatem asperiores et facere sit sapiente mollitia neque. Iste voluptates molestias est ut reiciendis ducimus consequuntur est. Ullam perspiciatis ea. Nostrum et tempora recusandae perspiciatis. Deleniti quia debitis libero omnis odio aspernatur. Eligendi minus nemo dolor ut. Vero dolores dolores optio et. Omnis quia voluptatibus reprehenderit non. Explicabo quas ipsam. Maiores quis blanditiis reprehenderit ut. Est recusandae molestiae totam rerum. Vitae ut beatae magni. In harum aut in dolor. Ab a quia laudantium. A at et inventore vel distinctio nihil accusantium recusandae non. Corporis ut facilis aspernatur ut. Rem nulla ea dignissimos eaque aut quas minus explicabo quia. Perferendis enim quia labore non.
                  </Text>
                </View>
                <View
                  style={
                    Object {
                      "alignItems": "flex-end",
                      "flex": 1,
                      "paddingTop": 10,
                    }
                  }>
                  <View
                    accessibilityComponentType={undefined}
                    accessibilityLabel={undefined}
                    accessibilityTraits={undefined}
                    accessible={true}
                    hitSlop={undefined}
                    onLayout={undefined}
                    onResponderGrant={[Function]}
                    onResponderMove={[Function]}
                    onResponderRelease={[Function]}
                    onResponderTerminate={[Function]}
                    onResponderTerminationRequest={[Function]}
                    onStartShouldSetResponder={[Function]}
                    style={
                      Object {
                        "alignItems": "center",
                        "backgroundColor": "white",
                        "borderRadius": 4,
                        "flexDirection": "row",
                        "height": 18,
                        "justifyContent": "center",
                        "opacity": 1,
                        "paddingHorizontal": 15,
                        "width": 60,
                      }
                    }
                    testID={undefined}>
                    <Text
                      accessible={true}
                      allowFontScaling={true}
                      ellipsizeMode="tail"
                      style={
                        Array [
                          Object {
                            "fontSize": 12,
                          },
                          Object {
                            "color": "black",
                          },
                          Object {
                            "color": "rgba(60, 30, 90, 1)",
                          },
                        ]
                      }>
                      อ่าน
                    </Text>
                  </View>
                </View>
              </View>
            </View>
          </Image>
        </View>
      </View>
    </Image>
    <Image
      source={1}
      style={
        Object {
          "backgroundColor": "transparent",
          "height": undefined,
          "paddingTop": 20,
          "resizeMode": "stretch",
          "width": undefined,
        }
      }>
      <View
        style={
          Object {
            "paddingLeft": 10,
            "paddingTop": 10,
          }
        }>
        <View
          style={
            Object {
              "flex": 1,
            }
          }>
          <View
            style={
              Object {
                "flexDirection": "row",
                "height": 20,
              }
            }>
            <Text
              accessible={true}
              allowFontScaling={true}
              ellipsizeMode="tail"
              numberOfLines={1}
              style={
                Object {
                  "color": "white",
                  "flex": 1,
                  "fontWeight": "bold",
                }
              }>
              NON DOLOREM CONSEQUUNTUR
            </Text>
            <View
              style={
                Object {
                  "alignItems": "flex-end",
                  "justifyContent": "center",
                  "paddingRight": 10,
                }
              }>
              <View
                accessibilityComponentType={undefined}
                accessibilityLabel={undefined}
                accessibilityTraits={undefined}
                accessible={true}
                hitSlop={undefined}
                onLayout={undefined}
                onResponderGrant={[Function]}
                onResponderMove={[Function]}
                onResponderRelease={[Function]}
                onResponderTerminate={[Function]}
                onResponderTerminationRequest={[Function]}
                onStartShouldSetResponder={[Function]}
                style={
                  Object {
                    "alignItems": "center",
                    "backgroundColor": "transparent",
                    "borderColor": "white",
                    "borderRadius": 4,
                    "borderWidth": 1,
                    "flex": 1,
                    "flexDirection": "row",
                    "justifyContent": "center",
                    "opacity": 1,
                    "paddingHorizontal": 0,
                    "width": 80,
                  }
                }
                testID={undefined}>
                <Text
                  accessible={true}
                  allowFontScaling={true}
                  ellipsizeMode="tail"
                  style={
                    Array [
                      Object {
                        "fontSize": 12,
                      },
                      Object {
                        "color": "white",
                      },
                      undefined,
                    ]
                  }>
                  ติดตาม
                </Text>
              </View>
            </View>
          </View>
          <View
            style={
              Object {
                "height": 130,
              }
            }>
            <ScrollView
              contentInset={
                Object {
                  "bottom": 0,
                  "top": 0,
                }
              }
              data={
                Array [
                  Object {
                    "__typename": "Clog",
                    "author": Object {
                      "__typename": "Editor",
                      "name": "Ms. Shirley Mayer",
                      Symbol(id): "$Clog724429712141366457671521.author",
                    },
                    "category": "G",
                    "id": "724429712141366457671521",
                    "thumbnailImage": "http://localhost:8080/static/preview/g4802.png",
                    "title": "Error error quia",
                    Symbol(id): "Clog724429712141366457671521",
                  },
                  Object {
                    "__typename": "Clog",
                    "author": Object {
                      "__typename": "Editor",
                      "name": "Mr. Natalia Greenholt",
                      Symbol(id): "$Clog385811328257894426087586.author",
                    },
                    "category": "G",
                    "id": "385811328257894426087586",
                    "thumbnailImage": "http://localhost:8080/static/preview/g3456.png",
                    "title": "Ut non",
                    Symbol(id): "Clog385811328257894426087586",
                  },
                  Object {
                    "__typename": "Clog",
                    "author": Object {
                      "__typename": "Editor",
                      "name": "Mr. Stewart Lueilwitz",
                      Symbol(id): "$Clog988649064178562194046193.author",
                    },
                    "category": "M",
                    "id": "988649064178562194046193",
                    "thumbnailImage": "http://localhost:8080/static/preview/g4762.png",
                    "title": "Et vero",
                    Symbol(id): "Clog988649064178562194046193",
                  },
                  Object {
                    "__typename": "Clog",
                    "author": Object {
                      "__typename": "Editor",
                      "name": "Mrs. Mariam Keebler",
                      Symbol(id): "$Clog948405919778417148787413.author",
                    },
                    "category": "M",
                    "id": "948405919778417148787413",
                    "thumbnailImage": "http://localhost:8080/static/preview/g4802.png",
                    "title": "Et molestias",
                    Symbol(id): "Clog948405919778417148787413",
                  },
                  Object {
                    "__typename": "Clog",
                    "author": Object {
                      "__typename": "Editor",
                      "name": "Mr. Kane Schowalter",
                      Symbol(id): "$Clog407897313529488730859677.author",
                    },
                    "category": "D",
                    "id": "407897313529488730859677",
                    "thumbnailImage": "http://localhost:8080/static/preview/g3618.png",
                    "title": "Odit qui quis",
                    Symbol(id): "Clog407897313529488730859677",
                  },
                  Object {
                    "__typename": "Clog",
                    "author": Object {
                      "__typename": "Editor",
                      "name": "Dr. Lucile Feeney",
                      Symbol(id): "$Clog227257446611183848333653.author",
                    },
                    "category": "M",
                    "id": "227257446611183848333653",
                    "thumbnailImage": "http://localhost:8080/static/preview/g3578.png",
                    "title": "Sit illum ut",
                    Symbol(id): "Clog227257446611183848333653",
                  },
                  Object {
                    "__typename": "Clog",
                    "author": Object {
                      "__typename": "Editor",
                      "name": "Dr. Ryleigh Zemlak",
                      Symbol(id): "$Clog552115943272954364215317.author",
                    },
                    "category": "G",
                    "id": "552115943272954364215317",
                    "thumbnailImage": "http://localhost:8080/static/preview/g4642.png",
                    "title": "Assumenda vero molestiae",
                    Symbol(id): "Clog552115943272954364215317",
                  },
                  Object {
                    "__typename": "Clog",
                    "author": Object {
                      "__typename": "Editor",
                      "name": "Mrs. Haskell Runolfsdottir",
                      Symbol(id): "$Clog880891557860793174429072.author",
                    },
                    "category": "G",
                    "id": "880891557860793174429072",
                    "thumbnailImage": "http://localhost:8080/static/preview/g4602.png",
                    "title": "Eos et rem",
                    Symbol(id): "Clog880891557860793174429072",
                  },
                ]
              }
              dataSource={
                ListViewDataSource {
                  "items": 8,
                }
              }
              horizontal={true}
              initialListSize={1}
              minContentHeight={0}
              onContentSizeChange={[Function]}
              onEndReachedThreshold={1000}
              onKeyboardDidHide={undefined}
              onKeyboardDidShow={undefined}
              onKeyboardWillHide={undefined}
              onKeyboardWillShow={undefined}
              onLayout={[Function]}
              onScroll={[Function]}
              pageSize={1}
              removeClippedSubviews={true}
              renderEmptyList={null}
              renderFooter={[Function]}
              renderRow={[Function]}
              renderSeparator={[Function]}
              scrollEventThrottle={50}
              scrollRenderAheadDistance={1000}
              showsHorizontalScrollIndicator={false}
              stickyHeaderIndices={Array []}>
              <View
                accessibilityComponentType={undefined}
                accessibilityLabel={undefined}
                accessibilityTraits={undefined}
                accessible={true}
                hitSlop={undefined}
                onLayout={undefined}
                onResponderGrant={[Function]}
                onResponderMove={[Function]}
                onResponderRelease={[Function]}
                onResponderTerminate={[Function]}
                onResponderTerminationRequest={[Function]}
                onStartShouldSetResponder={[Function]}
                style={
                  Object {
                    "flex": 1,
                    "opacity": 1,
                    "paddingHorizontal": 5,
                    "paddingVertical": 10,
                    "width": 100,
                  }
                }
                testID={undefined}>
                <View
                  style={
                    Object {
                      "height": 90,
                    }
                  }>
                  <View
                    style={
                      Object {
                        "height": 85,
                        "width": 85,
                      }
                    }>
                    <View
                      style={
                        Object {
                          "height": 85,
                          "width": 85,
                        }
                      }>
                      <View
                        style={
                          Object {
                            "backgroundColor": "rgba(255, 255, 255, 0.3)",
                            "borderRadius": 45,
                            "height": 90,
                            "left": -2.5,
                            "position": "absolute",
                            "top": -2.5,
                            "width": 90,
                          }
                        } />
                      <Image
                        category="G"
                        shadowColor="rgba(255, 255, 255, 0.3)"
                        shadowRadius={5}
                        size={85}
                        source={
                          Object {
                            "uri": "http://localhost:8080/static/preview/g4802.png",
                          }
                        }
                        style={
                          Array [
                            Object {
                              "borderRadius": 42.5,
                              "height": 85,
                              "width": 85,
                            },
                            Array [
                              undefined,
                              Object {
                                "backgroundColor": "transparent",
                              },
                            ],
                          ]
                        }
                        subSource={1} />
                      <View
                        style={
                          Object {
                            "height": 85,
                            "left": 0,
                            "position": "absolute",
                            "top": 0,
                            "width": 85,
                          }
                        } />
                    </View>
                    <Image
                      source={1}
                      style={
                        Array [
                          Object {
                            "bottom": 2.65625,
                            "height": 21.25,
                            "position": "absolute",
                            "right": 2.65625,
                            "width": 21.25,
                          },
                          undefined,
                        ]
                      } />
                  </View>
                </View>
                <View
                  style={
                    Object {
                      "alignItems": "center",
                      "height": 10,
                    }
                  }>
                  <Text
                    accessible={true}
                    allowFontScaling={true}
                    ellipsizeMode="tail"
                    numberOfLines={1}
                    style={
                      Object {
                        "color": "rgba(255, 255, 255, 1)",
                        "fontSize": 12,
                      }
                    }>
                    Error error quia
                  </Text>
                  <Text
                    accessible={true}
                    allowFontScaling={true}
                    ellipsizeMode="tail"
                    numberOfLines={1}
                    style={
                      Object {
                        "color": "rgba(255, 255, 255, 0.6)",
                        "fontSize": 10,
                      }
                    }>
                    Ms. Shirley Mayer
                  </Text>
                </View>
              </View>
              <View
                style={
                  Object {
                    "backgroundColor": "#eeeeee",
                    "height": 1,
                  }
                } />
            </ScrollView>
          </View>
        </View>
      </View>
      <View
        style={
          Object {
            "paddingLeft": 10,
            "paddingTop": 10,
          }
        }>
        <View
          style={
            Object {
              "flex": 1,
            }
          }>
          <View
            style={
              Object {
                "flexDirection": "row",
                "height": 20,
              }
            }>
            <Text
              accessible={true}
              allowFontScaling={true}
              ellipsizeMode="tail"
              numberOfLines={1}
              style={
                Object {
                  "color": "white",
                  "flex": 1,
                  "fontWeight": "bold",
                }
              }>
              REPELLAT UT ILLO
            </Text>
            <View
              style={
                Object {
                  "alignItems": "flex-end",
                  "justifyContent": "center",
                  "paddingRight": 10,
                }
              }>
              <View
                accessibilityComponentType={undefined}
                accessibilityLabel={undefined}
                accessibilityTraits={undefined}
                accessible={true}
                hitSlop={undefined}
                onLayout={undefined}
                onResponderGrant={[Function]}
                onResponderMove={[Function]}
                onResponderRelease={[Function]}
                onResponderTerminate={[Function]}
                onResponderTerminationRequest={[Function]}
                onStartShouldSetResponder={[Function]}
                style={
                  Object {
                    "alignItems": "center",
                    "backgroundColor": "transparent",
                    "borderColor": "white",
                    "borderRadius": 4,
                    "borderWidth": 1,
                    "flex": 1,
                    "flexDirection": "row",
                    "justifyContent": "center",
                    "opacity": 1,
                    "paddingHorizontal": 0,
                    "width": 80,
                  }
                }
                testID={undefined}>
                <Text
                  accessible={true}
                  allowFontScaling={true}
                  ellipsizeMode="tail"
                  style={
                    Array [
                      Object {
                        "fontSize": 12,
                      },
                      Object {
                        "color": "white",
                      },
                      undefined,
                    ]
                  }>
                  ติดตาม
                </Text>
              </View>
            </View>
          </View>
          <View
            style={
              Object {
                "height": 130,
              }
            }>
            <ScrollView
              contentInset={
                Object {
                  "bottom": 0,
                  "top": 0,
                }
              }
              data={
                Array [
                  Object {
                    "__typename": "Clog",
                    "author": Object {
                      "__typename": "Editor",
                      "name": "Mr. Leone Mayer",
                      Symbol(id): "$Clog861638003310281704621485.author",
                    },
                    "category": "N",
                    "id": "861638003310281704621485",
                    "thumbnailImage": "http://localhost:8080/static/preview/g3618.png",
                    "title": "Et asperiores",
                    Symbol(id): "Clog861638003310281704621485",
                  },
                  Object {
                    "__typename": "Clog",
                    "author": Object {
                      "__typename": "Editor",
                      "name": "Mr. Chesley Okuneva",
                      Symbol(id): "$Clog924533186456637524295320.author",
                    },
                    "category": "G",
                    "id": "924533186456637524295320",
                    "thumbnailImage": "http://localhost:8080/static/preview/g4802.png",
                    "title": "Quam inventore",
                    Symbol(id): "Clog924533186456637524295320",
                  },
                  Object {
                    "__typename": "Clog",
                    "author": Object {
                      "__typename": "Editor",
                      "name": "Miss Emilie Marks",
                      Symbol(id): "$Clog062358134981485753453758.author",
                    },
                    "category": "D",
                    "id": "062358134981485753453758",
                    "thumbnailImage": "http://localhost:8080/static/preview/g3456.png",
                    "title": "Aspernatur beatae enim",
                    Symbol(id): "Clog062358134981485753453758",
                  },
                  Object {
                    "__typename": "Clog",
                    "author": Object {
                      "__typename": "Editor",
                      "name": "Mr. Chesley Okuneva",
                      Symbol(id): "$Clog212250578555528828830976.author",
                    },
                    "category": "D",
                    "id": "212250578555528828830976",
                    "thumbnailImage": "http://localhost:8080/static/preview/g4722.png",
                    "title": "Corrupti at odio",
                    Symbol(id): "Clog212250578555528828830976",
                  },
                  Object {
                    "__typename": "Clog",
                    "author": Object {
                      "__typename": "Editor",
                      "name": "Dr. Maeve Farrell",
                      Symbol(id): "$Clog480065185137667461794988.author",
                    },
                    "category": "M",
                    "id": "480065185137667461794988",
                    "thumbnailImage": "http://localhost:8080/static/preview/g4722.png",
                    "title": "Ea praesentium sed",
                    Symbol(id): "Clog480065185137667461794988",
                  },
                  Object {
                    "__typename": "Clog",
                    "author": Object {
                      "__typename": "Editor",
                      "name": "Mr. Israel Haag",
                      Symbol(id): "$Clog323758362937670196418731.author",
                    },
                    "category": "D",
                    "id": "323758362937670196418731",
                    "thumbnailImage": "http://localhost:8080/static/preview/g3456.png",
                    "title": "Illum enim",
                    Symbol(id): "Clog323758362937670196418731",
                  },
                  Object {
                    "__typename": "Clog",
                    "author": Object {
                      "__typename": "Editor",
                      "name": "Ms. Vern Harber",
                      Symbol(id): "$Clog426968127264355949155667.author",
                    },
                    "category": "M",
                    "id": "426968127264355949155667",
                    "thumbnailImage": "http://localhost:8080/static/preview/g4762.png",
                    "title": "Recusandae est",
                    Symbol(id): "Clog426968127264355949155667",
                  },
                  Object {
                    "__typename": "Clog",
                    "author": Object {
                      "__typename": "Editor",
                      "name": "Ms. Floy Mertz",
                      Symbol(id): "$Clog957717495553022815418128.author",
                    },
                    "category": "N",
                    "id": "957717495553022815418128",
                    "thumbnailImage": "http://localhost:8080/static/preview/g4642.png",
                    "title": "Doloremque commodi",
                    Symbol(id): "Clog957717495553022815418128",
                  },
                  Object {
                    "__typename": "Clog",
                    "author": Object {
                      "__typename": "Editor",
                      "name": "Dr. Amaya Morissette",
                      Symbol(id): "$Clog422308328619423875155247.author",
                    },
                    "category": "N",
                    "id": "422308328619423875155247",
                    "thumbnailImage": "http://localhost:8080/static/preview/g3578.png",
                    "title": "Ut reiciendis voluptas",
                    Symbol(id): "Clog422308328619423875155247",
                  },
                  Object {
                    "__typename": "Clog",
                    "author": Object {
                      "__typename": "Editor",
                      "name": "Mr. Leone Mayer",
                      Symbol(id): "$Clog110261586454356567296674.author",
                    },
                    "category": "G",
                    "id": "110261586454356567296674",
                    "thumbnailImage": "http://localhost:8080/static/preview/g4722.png",
                    "title": "Debitis voluptatibus sed",
                    Symbol(id): "Clog110261586454356567296674",
                  },
                ]
              }
              dataSource={
                ListViewDataSource {
                  "items": 10,
                }
              }
              horizontal={true}
              initialListSize={1}
              minContentHeight={0}
              onContentSizeChange={[Function]}
              onEndReachedThreshold={1000}
              onKeyboardDidHide={undefined}
              onKeyboardDidShow={undefined}
              onKeyboardWillHide={undefined}
              onKeyboardWillShow={undefined}
              onLayout={[Function]}
              onScroll={[Function]}
              pageSize={1}
              removeClippedSubviews={true}
              renderEmptyList={null}
              renderFooter={[Function]}
              renderRow={[Function]}
              renderSeparator={[Function]}
              scrollEventThrottle={50}
              scrollRenderAheadDistance={1000}
              showsHorizontalScrollIndicator={false}
              stickyHeaderIndices={Array []}>
              <View
                accessibilityComponentType={undefined}
                accessibilityLabel={undefined}
                accessibilityTraits={undefined}
                accessible={true}
                hitSlop={undefined}
                onLayout={undefined}
                onResponderGrant={[Function]}
                onResponderMove={[Function]}
                onResponderRelease={[Function]}
                onResponderTerminate={[Function]}
                onResponderTerminationRequest={[Function]}
                onStartShouldSetResponder={[Function]}
                style={
                  Object {
                    "flex": 1,
                    "opacity": 1,
                    "paddingHorizontal": 5,
                    "paddingVertical": 10,
                    "width": 100,
                  }
                }
                testID={undefined}>
                <View
                  style={
                    Object {
                      "height": 90,
                    }
                  }>
                  <View
                    style={
                      Object {
                        "height": 85,
                        "width": 85,
                      }
                    }>
                    <View
                      style={
                        Object {
                          "height": 85,
                          "width": 85,
                        }
                      }>
                      <View
                        style={
                          Object {
                            "backgroundColor": "rgba(255, 255, 255, 0.3)",
                            "borderRadius": 45,
                            "height": 90,
                            "left": -2.5,
                            "position": "absolute",
                            "top": -2.5,
                            "width": 90,
                          }
                        } />
                      <Image
                        category="N"
                        shadowColor="rgba(255, 255, 255, 0.3)"
                        shadowRadius={5}
                        size={85}
                        source={
                          Object {
                            "uri": "http://localhost:8080/static/preview/g3618.png",
                          }
                        }
                        style={
                          Array [
                            Object {
                              "borderRadius": 42.5,
                              "height": 85,
                              "width": 85,
                            },
                            Array [
                              undefined,
                              Object {
                                "backgroundColor": "transparent",
                              },
                            ],
                          ]
                        }
                        subSource={1} />
                      <View
                        style={
                          Object {
                            "height": 85,
                            "left": 0,
                            "position": "absolute",
                            "top": 0,
                            "width": 85,
                          }
                        } />
                    </View>
                    <Image
                      source={1}
                      style={
                        Array [
                          Object {
                            "bottom": 2.65625,
                            "height": 21.25,
                            "position": "absolute",
                            "right": 2.65625,
                            "width": 21.25,
                          },
                          undefined,
                        ]
                      } />
                  </View>
                </View>
                <View
                  style={
                    Object {
                      "alignItems": "center",
                      "height": 10,
                    }
                  }>
                  <Text
                    accessible={true}
                    allowFontScaling={true}
                    ellipsizeMode="tail"
                    numberOfLines={1}
                    style={
                      Object {
                        "color": "rgba(255, 255, 255, 1)",
                        "fontSize": 12,
                      }
                    }>
                    Et asperiores
                  </Text>
                  <Text
                    accessible={true}
                    allowFontScaling={true}
                    ellipsizeMode="tail"
                    numberOfLines={1}
                    style={
                      Object {
                        "color": "rgba(255, 255, 255, 0.6)",
                        "fontSize": 10,
                      }
                    }>
                    Mr. Leone Mayer
                  </Text>
                </View>
              </View>
              <View
                style={
                  Object {
                    "backgroundColor": "#eeeeee",
                    "height": 1,
                  }
                } />
            </ScrollView>
          </View>
        </View>
      </View>
      <View
        style={
          Object {
            "paddingLeft": 10,
            "paddingTop": 10,
          }
        }>
        <View
          style={
            Object {
              "flex": 1,
            }
          }>
          <View
            style={
              Object {
                "flexDirection": "row",
                "height": 20,
              }
            }>
            <Text
              accessible={true}
              allowFontScaling={true}
              ellipsizeMode="tail"
              numberOfLines={1}
              style={
                Object {
                  "color": "white",
                  "flex": 1,
                  "fontWeight": "bold",
                }
              }>
              ET VEL
            </Text>
            <View
              style={
                Object {
                  "alignItems": "flex-end",
                  "justifyContent": "center",
                  "paddingRight": 10,
                }
              }>
              <View
                accessibilityComponentType={undefined}
                accessibilityLabel={undefined}
                accessibilityTraits={undefined}
                accessible={true}
                hitSlop={undefined}
                onLayout={undefined}
                onResponderGrant={[Function]}
                onResponderMove={[Function]}
                onResponderRelease={[Function]}
                onResponderTerminate={[Function]}
                onResponderTerminationRequest={[Function]}
                onStartShouldSetResponder={[Function]}
                style={
                  Object {
                    "alignItems": "center",
                    "backgroundColor": "transparent",
                    "borderColor": "white",
                    "borderRadius": 4,
                    "borderWidth": 1,
                    "flex": 1,
                    "flexDirection": "row",
                    "justifyContent": "center",
                    "opacity": 1,
                    "paddingHorizontal": 0,
                    "width": 80,
                  }
                }
                testID={undefined}>
                <Text
                  accessible={true}
                  allowFontScaling={true}
                  ellipsizeMode="tail"
                  style={
                    Array [
                      Object {
                        "fontSize": 12,
                      },
                      Object {
                        "color": "white",
                      },
                      undefined,
                    ]
                  }>
                  ติดตาม
                </Text>
              </View>
            </View>
          </View>
          <View
            style={
              Object {
                "height": 130,
              }
            }>
            <ScrollView
              contentInset={
                Object {
                  "bottom": 0,
                  "top": 0,
                }
              }
              data={
                Array [
                  Object {
                    "__typename": "Clog",
                    "author": Object {
                      "__typename": "Editor",
                      "name": "Miss Helen Moore",
                      Symbol(id): "$Clog184561766708481870513497.author",
                    },
                    "category": "G",
                    "id": "184561766708481870513497",
                    "thumbnailImage": "http://localhost:8080/static/preview/g3376.png",
                    "title": "Sequi rem omnis",
                    Symbol(id): "Clog184561766708481870513497",
                  },
                  Object {
                    "__typename": "Clog",
                    "author": Object {
                      "__typename": "Editor",
                      "name": "Ms. Shirley Mayer",
                      Symbol(id): "$Clog724429712141366457671521.author",
                    },
                    "category": "G",
                    "id": "724429712141366457671521",
                    "thumbnailImage": "http://localhost:8080/static/preview/g4802.png",
                    "title": "Error error quia",
                    Symbol(id): "Clog724429712141366457671521",
                  },
                  Object {
                    "__typename": "Clog",
                    "author": Object {
                      "__typename": "Editor",
                      "name": "Mr. Stewart Lueilwitz",
                      Symbol(id): "$Clog638571323101638387197764.author",
                    },
                    "category": "N",
                    "id": "638571323101638387197764",
                    "thumbnailImage": "http://localhost:8080/static/preview/g3578.png",
                    "title": "Et perspiciatis",
                    Symbol(id): "Clog638571323101638387197764",
                  },
                  Object {
                    "__typename": "Clog",
                    "author": Object {
                      "__typename": "Editor",
                      "name": "Mr. Anya Kuvalis",
                      Symbol(id): "$Clog426570187173367354898730.author",
                    },
                    "category": "N",
                    "id": "426570187173367354898730",
                    "thumbnailImage": "http://localhost:8080/static/preview/g4602.png",
                    "title": "Blanditiis ipsa",
                    Symbol(id): "Clog426570187173367354898730",
                  },
                  Object {
                    "__typename": "Clog",
                    "author": Object {
                      "__typename": "Editor",
                      "name": "Mr. Stewart Lueilwitz",
                      Symbol(id): "$Clog988649064178562194046193.author",
                    },
                    "category": "M",
                    "id": "988649064178562194046193",
                    "thumbnailImage": "http://localhost:8080/static/preview/g4762.png",
                    "title": "Et vero",
                    Symbol(id): "Clog988649064178562194046193",
                  },
                  Object {
                    "__typename": "Clog",
                    "author": Object {
                      "__typename": "Editor",
                      "name": "Ms. Joey Donnelly",
                      Symbol(id): "$Clog806877248521300176838775.author",
                    },
                    "category": "M",
                    "id": "806877248521300176838775",
                    "thumbnailImage": "http://localhost:8080/static/preview/g3376.png",
                    "title": "Aut illum omnis",
                    Symbol(id): "Clog806877248521300176838775",
                  },
                  Object {
                    "__typename": "Clog",
                    "author": Object {
                      "__typename": "Editor",
                      "name": "Mr. Leone Mayer",
                      Symbol(id): "$Clog110261586454356567296674.author",
                    },
                    "category": "G",
                    "id": "110261586454356567296674",
                    "thumbnailImage": "http://localhost:8080/static/preview/g4722.png",
                    "title": "Debitis voluptatibus sed",
                    Symbol(id): "Clog110261586454356567296674",
                  },
                ]
              }
              dataSource={
                ListViewDataSource {
                  "items": 7,
                }
              }
              horizontal={true}
              initialListSize={1}
              minContentHeight={0}
              onContentSizeChange={[Function]}
              onEndReachedThreshold={1000}
              onKeyboardDidHide={undefined}
              onKeyboardDidShow={undefined}
              onKeyboardWillHide={undefined}
              onKeyboardWillShow={undefined}
              onLayout={[Function]}
              onScroll={[Function]}
              pageSize={1}
              removeClippedSubviews={true}
              renderEmptyList={null}
              renderFooter={[Function]}
              renderRow={[Function]}
              renderSeparator={[Function]}
              scrollEventThrottle={50}
              scrollRenderAheadDistance={1000}
              showsHorizontalScrollIndicator={false}
              stickyHeaderIndices={Array []}>
              <View
                accessibilityComponentType={undefined}
                accessibilityLabel={undefined}
                accessibilityTraits={undefined}
                accessible={true}
                hitSlop={undefined}
                onLayout={undefined}
                onResponderGrant={[Function]}
                onResponderMove={[Function]}
                onResponderRelease={[Function]}
                onResponderTerminate={[Function]}
                onResponderTerminationRequest={[Function]}
                onStartShouldSetResponder={[Function]}
                style={
                  Object {
                    "flex": 1,
                    "opacity": 1,
                    "paddingHorizontal": 5,
                    "paddingVertical": 10,
                    "width": 100,
                  }
                }
                testID={undefined}>
                <View
                  style={
                    Object {
                      "height": 90,
                    }
                  }>
                  <View
                    style={
                      Object {
                        "height": 85,
                        "width": 85,
                      }
                    }>
                    <View
                      style={
                        Object {
                          "height": 85,
                          "width": 85,
                        }
                      }>
                      <View
                        style={
                          Object {
                            "backgroundColor": "rgba(255, 255, 255, 0.3)",
                            "borderRadius": 45,
                            "height": 90,
                            "left": -2.5,
                            "position": "absolute",
                            "top": -2.5,
                            "width": 90,
                          }
                        } />
                      <Image
                        category="G"
                        shadowColor="rgba(255, 255, 255, 0.3)"
                        shadowRadius={5}
                        size={85}
                        source={
                          Object {
                            "uri": "http://localhost:8080/static/preview/g3376.png",
                          }
                        }
                        style={
                          Array [
                            Object {
                              "borderRadius": 42.5,
                              "height": 85,
                              "width": 85,
                            },
                            Array [
                              undefined,
                              Object {
                                "backgroundColor": "transparent",
                              },
                            ],
                          ]
                        }
                        subSource={1} />
                      <View
                        style={
                          Object {
                            "height": 85,
                            "left": 0,
                            "position": "absolute",
                            "top": 0,
                            "width": 85,
                          }
                        } />
                    </View>
                    <Image
                      source={1}
                      style={
                        Array [
                          Object {
                            "bottom": 2.65625,
                            "height": 21.25,
                            "position": "absolute",
                            "right": 2.65625,
                            "width": 21.25,
                          },
                          undefined,
                        ]
                      } />
                  </View>
                </View>
                <View
                  style={
                    Object {
                      "alignItems": "center",
                      "height": 10,
                    }
                  }>
                  <Text
                    accessible={true}
                    allowFontScaling={true}
                    ellipsizeMode="tail"
                    numberOfLines={1}
                    style={
                      Object {
                        "color": "rgba(255, 255, 255, 1)",
                        "fontSize": 12,
                      }
                    }>
                    Sequi rem omnis
                  </Text>
                  <Text
                    accessible={true}
                    allowFontScaling={true}
                    ellipsizeMode="tail"
                    numberOfLines={1}
                    style={
                      Object {
                        "color": "rgba(255, 255, 255, 0.6)",
                        "fontSize": 10,
                      }
                    }>
                    Miss Helen Moore
                  </Text>
                </View>
              </View>
              <View
                style={
                  Object {
                    "backgroundColor": "#eeeeee",
                    "height": 1,
                  }
                } />
            </ScrollView>
          </View>
        </View>
      </View>
    </Image>
    <Image
      source={1}
      style={
        Object {
          "backgroundColor": "transparent",
          "height": 450,
          "resizeMode": "stretch",
          "width": undefined,
        }
      }>
      <View
        style={
          Object {
            "alignItems": "center",
            "flex": 1,
            "justifyContent": "center",
          }
        }>
        <View
          style={
            Object {
              "flex": 1,
              "width": 290,
            }
          }>
          <View
            accessibilityComponentType={undefined}
            accessibilityLabel={undefined}
            accessibilityTraits={undefined}
            accessible={true}
            hitSlop={undefined}
            onLayout={undefined}
            onResponderGrant={[Function]}
            onResponderMove={[Function]}
            onResponderRelease={[Function]}
            onResponderTerminate={[Function]}
            onResponderTerminationRequest={[Function]}
            onStartShouldSetResponder={[Function]}
            style={
              Object {
                "alignItems": "center",
                "justifyContent": "center",
                "left": 0,
                "opacity": 1,
                "position": "absolute",
                "top": 120,
              }
            }
            testID={undefined}>
            <Image
              source={1}
              style={
                Object {
                  "height": 90,
                  "width": 90,
                }
              } />
            <View
              style={
                Object {
                  "padding": 5,
                }
              }>
              <Text
                accessible={true}
                allowFontScaling={true}
                ellipsizeMode="tail"
                style={
                  Object {
                    "color": "white",
                    "fontWeight": "bold",
                  }
                }>
                Diary Clog
              </Text>
            </View>
          </View>
          <View
            accessibilityComponentType={undefined}
            accessibilityLabel={undefined}
            accessibilityTraits={undefined}
            accessible={true}
            hitSlop={undefined}
            onLayout={undefined}
            onResponderGrant={[Function]}
            onResponderMove={[Function]}
            onResponderRelease={[Function]}
            onResponderTerminate={[Function]}
            onResponderTerminationRequest={[Function]}
            onStartShouldSetResponder={[Function]}
            style={
              Object {
                "alignItems": "center",
                "justifyContent": "center",
                "left": 175,
                "opacity": 1,
                "position": "absolute",
                "top": 105,
              }
            }
            testID={undefined}>
            <Image
              source={1}
              style={
                Object {
                  "height": 80,
                  "width": 80,
                }
              } />
            <View
              style={
                Object {
                  "padding": 5,
                }
              }>
              <Text
                accessible={true}
                allowFontScaling={true}
                ellipsizeMode="tail"
                style={
                  Object {
                    "color": "white",
                    "fontWeight": "bold",
                  }
                }>
                Myth Clog
              </Text>
            </View>
          </View>
          <View
            accessibilityComponentType={undefined}
            accessibilityLabel={undefined}
            accessibilityTraits={undefined}
            accessible={true}
            hitSlop={undefined}
            onLayout={undefined}
            onResponderGrant={[Function]}
            onResponderMove={[Function]}
            onResponderRelease={[Function]}
            onResponderTerminate={[Function]}
            onResponderTerminationRequest={[Function]}
            onStartShouldSetResponder={[Function]}
            style={
              Object {
                "alignItems": "center",
                "justifyContent": "center",
                "left": 35,
                "opacity": 1,
                "position": "absolute",
                "top": 280,
              }
            }
            testID={undefined}>
            <Image
              source={1}
              style={
                Object {
                  "height": 100,
                  "width": 100,
                }
              } />
            <View
              style={
                Object {
                  "padding": 5,
                }
              }>
              <Text
                accessible={true}
                allowFontScaling={true}
                ellipsizeMode="tail"
                style={
                  Object {
                    "color": "white",
                    "fontWeight": "bold",
                  }
                }>
                Gag Clog
              </Text>
            </View>
          </View>
          <View
            accessibilityComponentType={undefined}
            accessibilityLabel={undefined}
            accessibilityTraits={undefined}
            accessible={true}
            hitSlop={undefined}
            onLayout={undefined}
            onResponderGrant={[Function]}
            onResponderMove={[Function]}
            onResponderRelease={[Function]}
            onResponderTerminate={[Function]}
            onResponderTerminationRequest={[Function]}
            onStartShouldSetResponder={[Function]}
            style={
              Object {
                "alignItems": "center",
                "justifyContent": "center",
                "left": 205,
                "opacity": 1,
                "position": "absolute",
                "top": 235,
              }
            }
            testID={undefined}>
            <Image
              source={1}
              style={
                Object {
                  "height": 80,
                  "width": 80,
                }
              } />
            <View
              style={
                Object {
                  "padding": 5,
                }
              }>
              <Text
                accessible={true}
                allowFontScaling={true}
                ellipsizeMode="tail"
                style={
                  Object {
                    "color": "white",
                    "fontWeight": "bold",
                  }
                }>
                Novel Clog
              </Text>
            </View>
          </View>
        </View>
      </View>
    </Image>
  </ScrollView>
</View>
`;
